<html>
<body>
<pre>
<h1>µVision Build Log</h1>
<h2>Tool Versions:</h2>
IDE-Version: ¦ÌVision V5.24.2.0
Copyright (C) 2017 ARM Ltd and ARM Germany GmbH. All rights reserved.
License Information: 12 TH, 12, LIC=MPPLD-8AXVV-12LLE-5HVXD-09QMI-AEG5F
 
Tool Versions:
Toolchain:       MDK-ARM Plus  Version: 5.24.1
Toolchain Path:  D:\engineering software\keil5\keil5 5.24\ARM\ARMCC\Bin
C Compiler:      Armcc.exe V5.06 update 5 (build 528)
Assembler:       Armasm.exe V5.06 update 5 (build 528)
Linker/Locator:  ArmLink.exe V5.06 update 5 (build 528)
Library Manager: ArmAr.exe V5.06 update 5 (build 528)
Hex Converter:   FromElf.exe V5.06 update 5 (build 528)
CPU DLL:         SARMCM3.DLL V5.24.1
Dialog DLL:      DCM.DLL V1.16.0.0
Target DLL:      CMSIS_AGDI.dll V1.28.3.0
Dialog DLL:      TCM.DLL V1.32.0.0
 
<h2>Project:</h2>
E:\WorkFiles\Code\MCU\Sentry\Sentry_Chassis\MDK-ARM\Sentry_Chassis.uvprojx
Project File Date:  02/22/2025

<h2>Output:</h2>
*** Using Compiler 'V5.06 update 5 (build 528)', folder: 'D:\engineering software\keil5\keil5 5.24\ARM\ARMCC\Bin'
Build target 'Sentry_Chassis'
compiling pid.c...
compiling can.c...
compiling stm32f4xx_hal_msp.c...
compiling CAN_between_boards.c...
compiling CAN_in_motors.c...
compiling gpio.c...
compiling usart.c...
compiling auto_aim.c...
compiling dma.c...
compiling car.c...
compiling chassis_control.c...
compiling communication.c...
..\kits\communication.c(79): warning:  #177-D: variable "seq"  was declared but never referenced
  					uint8_t seq = rx8Data[i+3];
..\kits\communication.c: 1 warning, 0 errors
compiling stm32f4xx_it.c...
compiling freertos.c...
compiling remote_control.c...
compiling main.c...
compiling bsp_rc.c...
compiling gimbal_control.c...
compiling referee_system_communication.c...
compiling bsp_uart.c...
compiling chassis_communication.c...
compiling car_state_task.c...
compiling chassis_task.c...
compiling gimbal_task.c...
compiling communication_tasks.c...
linking...
Program Size: Code=36392 RO-data=2472 RW-data=236 ZI-data=21252  
FromELF: creating hex file...
"Sentry_Chassis\Sentry_Chassis.axf" - 0 Error(s), 1 Warning(s).

<h2>Software Packages used:</h2>

Package Vendor: ARM
                http://www.keil.com/pack/ARM.CMSIS.5.8.0.pack
                ARM.CMSIS.5.8.0
                CMSIS (Common Microcontroller Software Interface Standard)
   * Component: CORE Version: 5.5.0

Package Vendor: Keil
                https://www.keil.com/pack/Keil.STM32F4xx_DFP.2.17.1.pack
                Keil.STM32F4xx_DFP.2.17.1
                STMicroelectronics STM32F4 Series Device Support, Drivers and Examples

<h2>Collection of Component include folders:</h2>
  .\RTE\_Sentry_Chassis
  D:\engineering software\keil5\keil5 5.24\ARM\PACK\ARM\CMSIS\5.8.0\CMSIS\Core\Include
  D:\engineering software\keil5\keil5 5.24\ARM\PACK\Keil\STM32F4xx_DFP\2.17.1\Drivers\CMSIS\Device\ST\STM32F4xx\Include

<h2>Collection of Component Files used:</h2>

   * Component: ARM::CMSIS:CORE:5.5.0
      Include file:  CMSIS\Core\Include\tz_context.h
Build Time Elapsed:  00:00:30
</pre>
</body>
</html>
