Component: ARM Compiler 5.06 update 5 (build 528) Tool: armlink [4d35e2]

==============================================================================

Section Cross References

    startup_stm32f427xx.o(STACK) refers (Special) to heapauxi.o(.text) for __use_two_region_memory
    startup_stm32f427xx.o(HEAP) refers (Special) to heapauxi.o(.text) for __use_two_region_memory
    startup_stm32f427xx.o(RESET) refers (Special) to heapauxi.o(.text) for __use_two_region_memory
    startup_stm32f427xx.o(RESET) refers to startup_stm32f427xx.o(STACK) for __initial_sp
    startup_stm32f427xx.o(RESET) refers to startup_stm32f427xx.o(.text) for Reset_Handler
    startup_stm32f427xx.o(RESET) refers to stm32f4xx_it.o(i.NMI_Handler) for NMI_Handler
    startup_stm32f427xx.o(RESET) refers to stm32f4xx_it.o(i.HardFault_Handler) for HardFault_Handler
    startup_stm32f427xx.o(RESET) refers to stm32f4xx_it.o(i.MemManage_Handler) for MemManage_Handler
    startup_stm32f427xx.o(RESET) refers to stm32f4xx_it.o(i.BusFault_Handler) for BusFault_Handler
    startup_stm32f427xx.o(RESET) refers to stm32f4xx_it.o(i.UsageFault_Handler) for UsageFault_Handler
    startup_stm32f427xx.o(RESET) refers to port.o(.emb_text) for SVC_Handler
    startup_stm32f427xx.o(RESET) refers to stm32f4xx_it.o(i.DebugMon_Handler) for DebugMon_Handler
    startup_stm32f427xx.o(RESET) refers to stm32f4xx_it.o(i.SysTick_Handler) for SysTick_Handler
    startup_stm32f427xx.o(RESET) refers to stm32f4xx_it.o(i.DMA1_Stream0_IRQHandler) for DMA1_Stream0_IRQHandler
    startup_stm32f427xx.o(RESET) refers to stm32f4xx_it.o(i.DMA1_Stream1_IRQHandler) for DMA1_Stream1_IRQHandler
    startup_stm32f427xx.o(RESET) refers to stm32f4xx_it.o(i.DMA1_Stream3_IRQHandler) for DMA1_Stream3_IRQHandler
    startup_stm32f427xx.o(RESET) refers to stm32f4xx_it.o(i.DMA1_Stream6_IRQHandler) for DMA1_Stream6_IRQHandler
    startup_stm32f427xx.o(RESET) refers to stm32f4xx_it.o(i.CAN1_RX0_IRQHandler) for CAN1_RX0_IRQHandler
    startup_stm32f427xx.o(RESET) refers to communication.o(i.USART1_IRQHandler) for USART1_IRQHandler
    startup_stm32f427xx.o(RESET) refers to stm32f4xx_it.o(i.DMA2_Stream1_IRQHandler) for DMA2_Stream1_IRQHandler
    startup_stm32f427xx.o(RESET) refers to stm32f4xx_it.o(i.DMA2_Stream2_IRQHandler) for DMA2_Stream2_IRQHandler
    startup_stm32f427xx.o(RESET) refers to stm32f4xx_it.o(i.DMA2_Stream6_IRQHandler) for DMA2_Stream6_IRQHandler
    startup_stm32f427xx.o(RESET) refers to communication.o(i.USART6_IRQHandler) for USART6_IRQHandler
    startup_stm32f427xx.o(.text) refers (Special) to heapauxi.o(.text) for __use_two_region_memory
    startup_stm32f427xx.o(.text) refers to system_stm32f4xx.o(i.SystemInit) for SystemInit
    startup_stm32f427xx.o(.text) refers to __main.o(!!!main) for __main
    startup_stm32f427xx.o(.text) refers to startup_stm32f427xx.o(HEAP) for Heap_Mem
    startup_stm32f427xx.o(.text) refers to startup_stm32f427xx.o(STACK) for Stack_Mem
    main.o(i.SystemClock_Config) refers to rt_memclr_w.o(.text) for __aeabi_memclr4
    main.o(i.SystemClock_Config) refers to stm32f4xx_hal_rcc.o(i.HAL_RCC_OscConfig) for HAL_RCC_OscConfig
    main.o(i.SystemClock_Config) refers to main.o(i.Error_Handler) for Error_Handler
    main.o(i.SystemClock_Config) refers to stm32f4xx_hal_rcc.o(i.HAL_RCC_ClockConfig) for HAL_RCC_ClockConfig
    main.o(i.main) refers to stm32f4xx_hal.o(i.HAL_Init) for HAL_Init
    main.o(i.main) refers to main.o(i.SystemClock_Config) for SystemClock_Config
    main.o(i.main) refers to gpio.o(i.MX_GPIO_Init) for MX_GPIO_Init
    main.o(i.main) refers to dma.o(i.MX_DMA_Init) for MX_DMA_Init
    main.o(i.main) refers to usart.o(i.MX_USART6_UART_Init) for MX_USART6_UART_Init
    main.o(i.main) refers to usart.o(i.MX_UART7_Init) for MX_UART7_Init
    main.o(i.main) refers to usart.o(i.MX_UART8_Init) for MX_UART8_Init
    main.o(i.main) refers to can.o(i.MX_CAN1_Init) for MX_CAN1_Init
    main.o(i.main) refers to usart.o(i.MX_USART1_UART_Init) for MX_USART1_UART_Init
    main.o(i.main) refers to stm32f4xx_hal_gpio.o(i.HAL_GPIO_WritePin) for HAL_GPIO_WritePin
    main.o(i.main) refers to stm32f4xx_hal.o(i.HAL_Delay) for HAL_Delay
    main.o(i.main) refers to bsp_rc.o(i.dbus_uart_init) for dbus_uart_init
    main.o(i.main) refers to can_in_motors.o(i.can_filter_init) for can_filter_init
    main.o(i.main) refers to car.o(i.car_init) for car_init
    main.o(i.main) refers to freertos.o(i.MX_FREERTOS_Init) for MX_FREERTOS_Init
    main.o(i.main) refers to cmsis_os.o(i.osKernelStart) for osKernelStart
    gpio.o(i.MX_GPIO_Init) refers to rt_memclr_w.o(.text) for __aeabi_memclr4
    gpio.o(i.MX_GPIO_Init) refers to stm32f4xx_hal_gpio.o(i.HAL_GPIO_WritePin) for HAL_GPIO_WritePin
    gpio.o(i.MX_GPIO_Init) refers to stm32f4xx_hal_gpio.o(i.HAL_GPIO_Init) for HAL_GPIO_Init
    freertos.o(i.MX_FREERTOS_Init) refers to rt_memcpy_w.o(.text) for __aeabi_memcpy4
    freertos.o(i.MX_FREERTOS_Init) refers to cmsis_os.o(i.osThreadCreate) for osThreadCreate
[...]
    _printf_longlong_hex                     0x080009ad   Thumb Code    86  _printf_hex_int_ll_ptr.o(.text)
    _printf_int_hex                          0x08000a03   Thumb Code    28  _printf_hex_int_ll_ptr.o(.text)
    _printf_ll_hex                           0x08000a1f   Thumb Code    12  _printf_hex_int_ll_ptr.o(.text)
    _printf_hex_ptr                          0x08000a2b   Thumb Code    18  _printf_hex_int_ll_ptr.o(.text)
    __printf                                 0x08000a41   Thumb Code   388  __printf_flags_ss_wp.o(.text)
    __aeabi_errno_addr                       0x08000bc9   Thumb Code     8  rt_errno_addr_intlibspace.o(.text)
    __errno$intlibspace                      0x08000bc9   Thumb Code     0  rt_errno_addr_intlibspace.o(.text)
    __rt_errno_addr$intlibspace              0x08000bc9   Thumb Code     0  rt_errno_addr_intlibspace.o(.text)
    _ll_udiv10                               0x08000bd1   Thumb Code   138  lludiv10.o(.text)
    _printf_int_common                       0x08000c5b   Thumb Code   178  _printf_intcommon.o(.text)
    __lib_sel_fp_printf                      0x08000d0d   Thumb Code     2  _printf_fp_dec.o(.text)
    _printf_fp_dec_real                      0x08000ebf   Thumb Code   620  _printf_fp_dec.o(.text)
    _printf_fp_hex_real                      0x0800112d   Thumb Code   756  _printf_fp_hex.o(.text)
    _printf_cs_common                        0x08001429   Thumb Code    20  _printf_char.o(.text)
    _printf_char                             0x0800143d   Thumb Code    16  _printf_char.o(.text)
    _printf_string                           0x0800144d   Thumb Code     8  _printf_char.o(.text)
    _printf_lcs_common                       0x08001455   Thumb Code    20  _printf_wchar.o(.text)
    _printf_wchar                            0x08001469   Thumb Code    16  _printf_wchar.o(.text)
    _printf_wstring                          0x08001479   Thumb Code     8  _printf_wchar.o(.text)
    _wcrtomb                                 0x08001481   Thumb Code    64  _wcrtomb.o(.text)
    __user_libspace                          0x080014c1   Thumb Code     8  libspace.o(.text)
    __user_perproc_libspace                  0x080014c1   Thumb Code     0  libspace.o(.text)
    __user_perthread_libspace                0x080014c1   Thumb Code     0  libspace.o(.text)
    __user_setup_stackheap                   0x080014c9   Thumb Code    74  sys_stackheap_outer.o(.text)
    __rt_ctype_table                         0x08001515   Thumb Code    16  rt_ctype_table.o(.text)
    __rt_locale                              0x08001525   Thumb Code     8  rt_locale_intlibspace.o(.text)
    _printf_fp_infnan                        0x0800152d   Thumb Code   112  _printf_fp_infnan.o(.text)
    _btod_etento                             0x080015ad   Thumb Code   224  bigflt0.o(.text)
    exit                                     0x08001691   Thumb Code    18  exit.o(.text)
    strcmp                                   0x080016a5   Thumb Code   128  strcmpv7m.o(.text)
    _sys_exit                                0x08001725   Thumb Code     8  sys_exit.o(.text)
    __I$use$semihosting                      0x08001731   Thumb Code     0  use_no_semi.o(.text)
    __use_no_semihosting_swi                 0x08001731   Thumb Code     2  use_no_semi.o(.text)
    __semihosting_library_function           0x08001733   Thumb Code     0  indicate_semi.o(.text)
    _btod_d2e                                0x08001733   Thumb Code    62  btod.o(CL$$btod_d2e)
    _d2e_denorm_low                          0x08001771   Thumb Code    70  btod.o(CL$$btod_d2e_denorm_low)
    _d2e_norm_op1                            0x080017b7   Thumb Code    96  btod.o(CL$$btod_d2e_norm_op1)
    __btod_div_common                        0x08001817   Thumb Code   696  btod.o(CL$$btod_div_common)
    _e2e                                     0x08001b4f   Thumb Code   220  btod.o(CL$$btod_e2e)
    _btod_ediv                               0x08001c2b   Thumb Code    42  btod.o(CL$$btod_ediv)
    _btod_emul                               0x08001c55   Thumb Code    42  btod.o(CL$$btod_emul)
    __btod_mult_common                       0x08001c7f   Thumb Code   580  btod.o(CL$$btod_mult_common)
    Append_CRC16_Check_Sum                   0x08001ec3   Thumb Code    44  crc.o(i.Append_CRC16_Check_Sum)
    Append_CRC8_Check_Sum                    0x08001eef   Thumb Code    36  crc.o(i.Append_CRC8_Check_Sum)
    BusFault_Handler                         0x08001f13   Thumb Code     4  stm32f4xx_it.o(i.BusFault_Handler)
    CAN1_RX0_IRQHandler                      0x08001f19   Thumb Code    10  stm32f4xx_it.o(i.CAN1_RX0_IRQHandler)
    CAN_Control3508Current                   0x08001f29   Thumb Code    68  can_in_motors.o(i.CAN_Control3508Current)
    CAN_Control9025IncrementAngle            0x08001f79   Thumb Code    74  can_in_motors.o(i.CAN_Control9025IncrementAngle)
    DMA1_Stream0_IRQHandler                  0x08001fd1   Thumb Code    10  stm32f4xx_it.o(i.DMA1_Stream0_IRQHandler)
    DMA1_Stream1_IRQHandler                  0x08001fe1   Thumb Code    10  stm32f4xx_it.o(i.DMA1_Stream1_IRQHandler)
    DMA1_Stream3_IRQHandler                  0x08001ff1   Thumb Code    10  stm32f4xx_it.o(i.DMA1_Stream3_IRQHandler)
    DMA1_Stream6_IRQHandler                  0x08002001   Thumb Code    10  stm32f4xx_it.o(i.DMA1_Stream6_IRQHandler)
    DMA2_Stream1_IRQHandler                  0x08002011   Thumb Code    10  stm32f4xx_it.o(i.DMA2_Stream1_IRQHandler)
    DMA2_Stream2_IRQHandler                  0x08002021   Thumb Code    10  stm32f4xx_it.o(i.DMA2_Stream2_IRQHandler)
    DMA2_Stream6_IRQHandler                  0x08002031   Thumb Code    10  stm32f4xx_it.o(i.DMA2_Stream6_IRQHandler)
    DebugMon_Handler                         0x0800214b   Thumb Code     2  stm32f4xx_it.o(i.DebugMon_Handler)
    Error_Handler                            0x0800214d   Thumb Code     6  main.o(i.Error_Handler)
    Get_CRC16_Check_Sum                      0x08002155   Thumb Code    46  crc.o(i.Get_CRC16_Check_Sum)
    Get_CRC8_Check_Sum                       0x08002189   Thumb Code    30  crc.o(i.Get_CRC8_Check_Sum)
    HAL_CAN_ActivateNotification             0x080021ad   Thumb Code    42  stm32f4xx_hal_can.o(i.HAL_CAN_ActivateNotification)
    HAL_CAN_AddTxMessage                     0x080021d7   Thumb Code   342  stm32f4xx_hal_can.o(i.HAL_CAN_AddTxMessage)
    HAL_CAN_ConfigFilter                     0x0800232d   Thumb Code   286  stm32f4xx_hal_can.o(i.HAL_CAN_ConfigFilter)
    HAL_CAN_ErrorCallback                    0x08002451   Thumb Code     2  stm32f4xx_hal_can.o(i.HAL_CAN_ErrorCallback)
    HAL_CAN_GetRxMessage                     0x08002453   Thumb Code   378  stm32f4xx_hal_can.o(i.HAL_CAN_GetRxMessage)
    HAL_CAN_IRQHandler                       0x080025cd   Thumb Code   590  stm32f4xx_hal_can.o(i.HAL_CAN_IRQHandler)
    HAL_CAN_Init                             0x0800281b   Thumb Code   372  stm32f4xx_hal_can.o(i.HAL_CAN_Init)
    HAL_CAN_MspInit                          0x08002991   Thumb Code   138  can.o(i.HAL_CAN_MspInit)
    HAL_CAN_RxFifo0FullCallback              0x08002a29   Thumb Code     2  stm32f4xx_hal_can.o(i.HAL_CAN_RxFifo0FullCallback)
    HAL_CAN_RxFifo0MsgPendingCallback        0x08002a2d   Thumb Code   582  can_in_motors.o(i.HAL_CAN_RxFifo0MsgPendingCallback)
    HAL_CAN_RxFifo1FullCallback              0x08002c95   Thumb Code     2  stm32f4xx_hal_can.o(i.HAL_CAN_RxFifo1FullCallback)
    HAL_CAN_RxFifo1MsgPendingCallback        0x08002c97   Thumb Code     2  stm32f4xx_hal_can.o(i.HAL_CAN_RxFifo1MsgPendingCallback)
    HAL_CAN_SleepCallback                    0x08002c99   Thumb Code     2  stm32f4xx_hal_can.o(i.HAL_CAN_SleepCallback)
    HAL_CAN_Start                            0x08002c9b   Thumb Code    94  stm32f4xx_hal_can.o(i.HAL_CAN_Start)
    HAL_CAN_TxMailbox0AbortCallback          0x08002cf9   Thumb Code     2  stm32f4xx_hal_can.o(i.HAL_CAN_TxMailbox0AbortCallback)
    HAL_CAN_TxMailbox0CompleteCallback       0x08002cfb   Thumb Code     2  stm32f4xx_hal_can.o(i.HAL_CAN_TxMailbox0CompleteCallback)
    HAL_CAN_TxMailbox1AbortCallback          0x08002cfd   Thumb Code     2  stm32f4xx_hal_can.o(i.HAL_CAN_TxMailbox1AbortCallback)
    HAL_CAN_TxMailbox1CompleteCallback       0x08002cff   Thumb Code     2  stm32f4xx_hal_can.o(i.HAL_CAN_TxMailbox1CompleteCallback)
    HAL_CAN_TxMailbox2AbortCallback          0x08002d01   Thumb Code     2  stm32f4xx_hal_can.o(i.HAL_CAN_TxMailbox2AbortCallback)
    HAL_CAN_TxMailbox2CompleteCallback       0x08002d03   Thumb Code     2  stm32f4xx_hal_can.o(i.HAL_CAN_TxMailbox2CompleteCallback)
    HAL_CAN_WakeUpFromRxMsgCallback          0x08002d05   Thumb Code     2  stm32f4xx_hal_can.o(i.HAL_CAN_WakeUpFromRxMsgCallback)
    HAL_DMA_Abort                            0x08002d07   Thumb Code   172  stm32f4xx_hal_dma.o(i.HAL_DMA_Abort)
    HAL_DMA_Abort_IT                         0x08002db3   Thumb Code    40  stm32f4xx_hal_dma.o(i.HAL_DMA_Abort_IT)
    HAL_DMA_IRQHandler                       0x08002ddd   Thumb Code   570  stm32f4xx_hal_dma.o(i.HAL_DMA_IRQHandler)
    HAL_DMA_Init                             0x0800301d   Thumb Code   232  stm32f4xx_hal_dma.o(i.HAL_DMA_Init)
    HAL_DMA_Start                            0x08003109   Thumb Code   102  stm32f4xx_hal_dma.o(i.HAL_DMA_Start)
    HAL_DMA_Start_IT                         0x0800316f   Thumb Code   146  stm32f4xx_hal_dma.o(i.HAL_DMA_Start_IT)
    HAL_Delay                                0x08003201   Thumb Code    36  stm32f4xx_hal.o(i.HAL_Delay)
    HAL_GPIO_Init                            0x08003229   Thumb Code   474  stm32f4xx_hal_gpio.o(i.HAL_GPIO_Init)
    HAL_GPIO_WritePin                        0x08003439   Thumb Code    12  stm32f4xx_hal_gpio.o(i.HAL_GPIO_WritePin)
    HAL_GetTick                              0x08003445   Thumb Code     6  stm32f4xx_hal.o(i.HAL_GetTick)
    HAL_IncTick                              0x08003451   Thumb Code    16  stm32f4xx_hal.o(i.HAL_IncTick)
    HAL_Init                                 0x08003469   Thumb Code    54  stm32f4xx_hal.o(i.HAL_Init)
    HAL_InitTick                             0x080034a5   Thumb Code    64  stm32f4xx_hal.o(i.HAL_InitTick)
    HAL_MspInit                              0x080034f1   Thumb Code    78  stm32f4xx_hal_msp.o(i.HAL_MspInit)
    HAL_NVIC_EnableIRQ                       0x08003545   Thumb Code    32  stm32f4xx_hal_cortex.o(i.HAL_NVIC_EnableIRQ)
    HAL_NVIC_SetPriority                     0x08003565   Thumb Code   124  stm32f4xx_hal_cortex.o(i.HAL_NVIC_SetPriority)
    HAL_NVIC_SetPriorityGrouping             0x080035e1   Thumb Code    32  stm32f4xx_hal_cortex.o(i.HAL_NVIC_SetPriorityGrouping)
    HAL_RCC_ClockConfig                      0x08003609   Thumb Code   368  stm32f4xx_hal_rcc.o(i.HAL_RCC_ClockConfig)
    HAL_RCC_GetHCLKFreq                      0x0800378d   Thumb Code     6  stm32f4xx_hal_rcc.o(i.HAL_RCC_GetHCLKFreq)
    HAL_RCC_GetPCLK1Freq                     0x08003799   Thumb Code    22  stm32f4xx_hal_rcc.o(i.HAL_RCC_GetPCLK1Freq)
    HAL_RCC_GetPCLK2Freq                     0x080037b9   Thumb Code    22  stm32f4xx_hal_rcc.o(i.HAL_RCC_GetPCLK2Freq)
    HAL_RCC_GetSysClockFreq                  0x080037d9   Thumb Code   162  stm32f4xx_hal_rcc.o(i.HAL_RCC_GetSysClockFreq)
    HAL_RCC_OscConfig                        0x08003889   Thumb Code  1172  stm32f4xx_hal_rcc.o(i.HAL_RCC_OscConfig)
    HAL_SYSTICK_Config                       0x08003d25   Thumb Code    52  stm32f4xx_hal_cortex.o(i.HAL_SYSTICK_Config)
    HAL_UARTEx_RxEventCallback               0x08003d59   Thumb Code     2  stm32f4xx_hal_uart.o(i.HAL_UARTEx_RxEventCallback)
    HAL_UART_DMAStop                         0x08003d5b   Thumb Code   138  stm32f4xx_hal_uart.o(i.HAL_UART_DMAStop)
    HAL_UART_ErrorCallback                   0x08003de5   Thumb Code    20  communication.o(i.HAL_UART_ErrorCallback)
    HAL_UART_IRQHandler                      0x08003df9   Thumb Code   732  stm32f4xx_hal_uart.o(i.HAL_UART_IRQHandler)
    HAL_UART_Init                            0x080040d9   Thumb Code   114  stm32f4xx_hal_uart.o(i.HAL_UART_Init)
    HAL_UART_MspInit                         0x0800414d   Thumb Code   982  usart.o(i.HAL_UART_MspInit)
    HAL_UART_Receive_DMA                     0x08004569   Thumb Code    66  stm32f4xx_hal_uart.o(i.HAL_UART_Receive_DMA)
    HAL_UART_RxCpltCallback                  0x080045ad   Thumb Code   204  communication.o(i.HAL_UART_RxCpltCallback)
    HAL_UART_RxHalfCpltCallback              0x0800468d   Thumb Code     2  stm32f4xx_hal_uart.o(i.HAL_UART_RxHalfCpltCallback)
    HAL_UART_Transmit                        0x0800468f   Thumb Code   210  stm32f4xx_hal_uart.o(i.HAL_UART_Transmit)
    HAL_UART_Transmit_DMA                    0x08004761   Thumb Code   160  stm32f4xx_hal_uart.o(i.HAL_UART_Transmit_DMA)
    HAL_UART_TxCpltCallback                  0x0800480d   Thumb Code     2  stm32f4xx_hal_uart.o(i.HAL_UART_TxCpltCallback)
    HAL_UART_TxHalfCpltCallback              0x0800480f   Thumb Code     2  stm32f4xx_hal_uart.o(i.HAL_UART_TxHalfCpltCallback)
    HardFault_Handler                        0x08004811   Thumb Code     4  stm32f4xx_it.o(i.HardFault_Handler)
    MX_CAN1_Init                             0x08004815   Thumb Code    58  can.o(i.MX_CAN1_Init)
    MX_DMA_Init                              0x08004859   Thumb Code   178  dma.o(i.MX_DMA_Init)
    MX_FREERTOS_Init                         0x08004911   Thumb Code   126  freertos.o(i.MX_FREERTOS_Init)
    MX_GPIO_Init                             0x080049a9   Thumb Code   336  gpio.o(i.MX_GPIO_Init)
    MX_UART7_Init                            0x08004b09   Thumb Code    46  usart.o(i.MX_UART7_Init)
    MX_UART8_Init                            0x08004b41   Thumb Code    46  usart.o(i.MX_UART8_Init)
    MX_USART1_UART_Init                      0x08004b79   Thumb Code    44  usart.o(i.MX_USART1_UART_Init)
    MX_USART6_UART_Init                      0x08004bb1   Thumb Code    46  usart.o(i.MX_USART6_UART_Init)
    MemManage_Handler                        0x08004be9   Thumb Code     4  stm32f4xx_it.o(i.MemManage_Handler)
    NMI_Handler                              0x08004bed   Thumb Code     4  stm32f4xx_it.o(i.NMI_Handler)
    PID_calc                                 0x08004bf1   Thumb Code   522  pid.o(i.PID_calc)
    PID_init                                 0x08004e01   Thumb Code    92  pid.o(i.PID_init)
    StartCarStateTask                        0x08004e61   Thumb Code    94  car_state_task.o(i.StartCarStateTask)
    StartChassisTask                         0x08004ec9   Thumb Code    30  chassis_task.o(i.StartChassisTask)
    StartCommunicationTask                   0x08004ef1   Thumb Code    72  communication_tasks.o(i.StartCommunicationTask)
    StartDefaultTask                         0x08004f59   Thumb Code    10  freertos.o(i.StartDefaultTask)
    StartGimbalTask                          0x08004f65   Thumb Code    32  gimbal_task.o(i.StartGimbalTask)
    SysTick_Handler                          0x08004f8d   Thumb Code    20  stm32f4xx_it.o(i.SysTick_Handler)
    SystemClock_Config                       0x08004fa1   Thumb Code   170  main.o(i.SystemClock_Config)
    SystemInit                               0x08005055   Thumb Code    14  system_stm32f4xx.o(i.SystemInit)
    UART_Start_Receive_DMA                   0x080055d9   Thumb Code   196  stm32f4xx_hal_uart.o(i.UART_Start_Receive_DMA)
    USART1_IRQHandler                        0x0800579d   Thumb Code    94  communication.o(i.USART1_IRQHandler)
    USART6_IRQHandler                        0x0800580d   Thumb Code    88  communication.o(i.USART6_IRQHandler)
    UsageFault_Handler                       0x08005875   Thumb Code     4  stm32f4xx_it.o(i.UsageFault_Handler)
    Verify_CRC16_Check_Sum                   0x08005879   Thumb Code    64  crc.o(i.Verify_CRC16_Check_Sum)
    Verify_CRC8_Check_Sum                    0x080058bd   Thumb Code    46  crc.o(i.Verify_CRC8_Check_Sum)
    __ARM_fpclassify                         0x080058eb   Thumb Code    48  fpclassify.o(i.__ARM_fpclassify)
    __hardfp_atan                            0x08005959   Thumb Code   622  atan.o(i.__hardfp_atan)
    __hardfp_atan2                           0x08005c31   Thumb Code   432  atan2.o(i.__hardfp_atan2)
    __hardfp_cos                             0x08005e21   Thumb Code   180  cos.o(i.__hardfp_cos)
    __hardfp_sqrt                            0x08005ee9   Thumb Code   122  sqrt.o(i.__hardfp_sqrt)
    __ieee754_rem_pio2                       0x08005f69   Thumb Code   938  rred.o(i.__ieee754_rem_pio2)
    __kernel_cos                             0x080063a1   Thumb Code   322  cos_i.o(i.__kernel_cos)
    __kernel_poly                            0x08006511   Thumb Code   248  poly.o(i.__kernel_poly)
    __kernel_sin                             0x08006609   Thumb Code   280  sin_i.o(i.__kernel_sin)
    __mathlib_dbl_infnan                     0x08006739   Thumb Code    20  dunder.o(i.__mathlib_dbl_infnan)
    __mathlib_dbl_infnan2                    0x0800674d   Thumb Code    20  dunder.o(i.__mathlib_dbl_infnan2)
    __mathlib_dbl_invalid                    0x08006761   Thumb Code    24  dunder.o(i.__mathlib_dbl_invalid)
    __mathlib_dbl_underflow                  0x08006781   Thumb Code    24  dunder.o(i.__mathlib_dbl_underflow)
    _is_digit                                0x080067a1   Thumb Code    14  __printf_wp.o(i._is_digit)
    atan                                     0x080067af   Thumb Code    16  atan.o(i.atan)
    can_filter_init                          0x080067c1   Thumb Code    56  can_in_motors.o(i.can_filter_init)
    car_init                                 0x080067fd   Thumb Code    92  car.o(i.car_init)
    chassis_control                          0x08006889   Thumb Code   104  chassis_control.o(i.chassis_control)
    chassis_init                             0x080068f1   Thumb Code   100  chassis_control.o(i.chassis_init)
    chassis_pid_calc                         0x0800695d   Thumb Code   190  chassis_control.o(i.chassis_pid_calc)
    chassis_v_to_wheels_rpm                  0x08006a1d   Thumb Code   558  chassis_control.o(i.chassis_v_to_wheels_rpm)
    dbus_uart_init                           0x08006c59   Thumb Code    56  bsp_rc.o(i.dbus_uart_init)
    decode_chassis                           0x08006c99   Thumb Code    16  chassis_communication.o(i.decode_chassis)
    decode_referee_system_data               0x08006cad   Thumb Code    48  referee_system_communication.o(i.decode_referee_system_data)
    dma_current_data_counter                 0x08006ce1   Thumb Code     8  bsp_rc.o(i.dma_current_data_counter)
    encode_send_data                         0x08006ce9   Thumb Code    76  chassis_communication.o(i.encode_send_data)
    fabs                                     0x08006d39   Thumb Code    24  fabs.o(i.fabs)
    gimbal_control                           0x08006d51   Thumb Code    28  gimbal_control.o(i.gimbal_control)
    main                                     0x08006d6d   Thumb Code    92  main.o(i.main)
    motors_3508_init                         0x08006ddd   Thumb Code   162  motors.o(i.motors_3508_init)
    osDelay                                  0x08006e8d   Thumb Code    24  cmsis_os.o(i.osDelay)
    osKernelStart                            0x08006ea5   Thumb Code    10  cmsis_os.o(i.osKernelStart)
    osThreadCreate                           0x08006eaf   Thumb Code    94  cmsis_os.o(i.osThreadCreate)
    pvPortMalloc                             0x0800738d   Thumb Code   306  heap_4.o(i.pvPortMalloc)
    pxPortInitialiseStack                    0x080074d9   Thumb Code    38  port.o(i.pxPortInitialiseStack)
    rc_callback_handler                      0x08007505   Thumb Code   238  bsp_rc.o(i.rc_callback_handler)
    rc_to_main_gimbal                        0x080075f3   Thumb Code    58  remote_control.o(i.rc_to_main_gimbal)
    rc_to_vector                             0x0800762d   Thumb Code   402  remote_control.o(i.rc_to_vector)
    uart7_tx_dma_enable                      0x080077dd   Thumb Code   150  bsp_uart.o(i.uart7_tx_dma_enable)
    uart_dma_rx_enable                       0x08007881   Thumb Code    34  communication.o(i.uart_dma_rx_enable)
    uart_printf                              0x080078bd   Thumb Code    64  communication.o(i.uart_printf)
    uart_receive_handler                     0x08007951   Thumb Code    34  bsp_rc.o(i.uart_receive_handler)
    uart_tx                                  0x080079e5   Thumb Code    20  communication.o(i.uart_tx)
    uxListRemove                             0x080079f9   Thumb Code    40  list.o(i.uxListRemove)
    vApplicationGetIdleTaskMemory            0x08007a21   Thumb Code    14  freertos.o(i.vApplicationGetIdleTaskMemory)
    vListInitialise                          0x08007a39   Thumb Code    26  list.o(i.vListInitialise)
    vListInitialiseItem                      0x08007a53   Thumb Code     6  list.o(i.vListInitialiseItem)
    vListInsert                              0x08007a59   Thumb Code    52  list.o(i.vListInsert)
    vListInsertEnd                           0x08007a8d   Thumb Code    24  list.o(i.vListInsertEnd)
    vPortEnterCritical                       0x08007aa5   Thumb Code    76  port.o(i.vPortEnterCritical)
    vPortExitCritical                        0x08007af9   Thumb Code    56  port.o(i.vPortExitCritical)
    vPortFree                                0x08007b35   Thumb Code   150  heap_4.o(i.vPortFree)
    vPortSetupTimerInterrupt                 0x08007bd9   Thumb Code    36  port.o(i.vPortSetupTimerInterrupt)
    vTaskDelay                               0x08007c01   Thumb Code    82  tasks.o(i.vTaskDelay)
    vTaskStartScheduler                      0x08007c5d   Thumb Code   146  tasks.o(i.vTaskStartScheduler)
    vTaskSuspendAll                          0x08007d0d   Thumb Code    12  tasks.o(i.vTaskSuspendAll)
    vTaskSwitchContext                       0x08007d1d   Thumb Code   118  tasks.o(i.vTaskSwitchContext)
    xPortStartScheduler                      0x08007da9   Thumb Code   330  port.o(i.xPortStartScheduler)
    xPortSysTickHandler                      0x08007f11   Thumb Code    46  port.o(i.xPortSysTickHandler)
    xTaskCreate                              0x08007f45   Thumb Code   100  tasks.o(i.xTaskCreate)
    xTaskCreateStatic                        0x08007fa9   Thumb Code   186  tasks.o(i.xTaskCreateStatic)
    xTaskGetSchedulerState                   0x08008065   Thumb Code    24  tasks.o(i.xTaskGetSchedulerState)
    xTaskIncrementTick                       0x08008085   Thumb Code   282  tasks.o(i.xTaskIncrementTick)
    xTaskResumeAll                           0x080081cd   Thumb Code   224  tasks.o(i.xTaskResumeAll)
    _get_lc_numeric                          0x080082d1   Thumb Code    44  lc_numeric_c.o(locale$$code)
    _get_lc_ctype                            0x080082fd   Thumb Code    44  lc_ctype_c.o(locale$$code)
    __aeabi_dneg                             0x08008329   Thumb Code     0  basic.o(x$fpl$basic)
    _dneg                                    0x08008329   Thumb Code     6  basic.o(x$fpl$basic)
    __aeabi_fneg                             0x0800832f   Thumb Code     0  basic.o(x$fpl$basic)
    _fneg                                    0x0800832f   Thumb Code     6  basic.o(x$fpl$basic)
    _dabs                                    0x08008335   Thumb Code     6  basic.o(x$fpl$basic)
    _fabs                                    0x0800833b   Thumb Code     6  basic.o(x$fpl$basic)
    __aeabi_d2f                              0x08008341   Thumb Code     0  d2f.o(x$fpl$d2f)
    _d2f                                     0x08008341   Thumb Code    98  d2f.o(x$fpl$d2f)
    __aeabi_dadd                             0x080083a5   Thumb Code     0  daddsub_clz.o(x$fpl$dadd)
    _dadd                                    0x080083a5   Thumb Code   332  daddsub_clz.o(x$fpl$dadd)
    __fpl_dcmp_Inf                           0x080084f5   Thumb Code    24  dcmpi.o(x$fpl$dcmpinf)
    __aeabi_ddiv                             0x0800850d   Thumb Code     0  ddiv.o(x$fpl$ddiv)
    _ddiv                                    0x0800850d   Thumb Code   552  ddiv.o(x$fpl$ddiv)
    __aeabi_d2iz                             0x080087bd   Thumb Code     0  dfix.o(x$fpl$dfix)
    _dfix                                    0x080087bd   Thumb Code    94  dfix.o(x$fpl$dfix)
    __aeabi_i2d                              0x0800881b   Thumb Code     0  dflt_clz.o(x$fpl$dflt)
    _dflt                                    0x0800881b   Thumb Code    46  dflt_clz.o(x$fpl$dflt)
    __aeabi_ui2d                             0x08008849   Thumb Code     0  dflt_clz.o(x$fpl$dfltu)
    _dfltu                                   0x08008849   Thumb Code    38  dflt_clz.o(x$fpl$dfltu)
    __aeabi_cdcmple                          0x08008871   Thumb Code     0  dleqf.o(x$fpl$dleqf)
    _dcmple                                  0x08008871   Thumb Code   120  dleqf.o(x$fpl$dleqf)
    __fpl_dcmple_InfNaN                      0x080088d3   Thumb Code     0  dleqf.o(x$fpl$dleqf)
    __aeabi_dmul                             0x080088e9   Thumb Code     0  dmul.o(x$fpl$dmul)
    _dmul                                    0x080088e9   Thumb Code   332  dmul.o(x$fpl$dmul)
    __fpl_dnaninf                            0x08008a3d   Thumb Code   156  dnaninf.o(x$fpl$dnaninf)
    __fpl_dretinf                            0x08008ad9   Thumb Code    12  dretinf.o(x$fpl$dretinf)
    __aeabi_cdrcmple                         0x08008ae5   Thumb Code     0  drleqf.o(x$fpl$drleqf)
    _drcmple                                 0x08008ae5   Thumb Code   108  drleqf.o(x$fpl$drleqf)
    __aeabi_drsub                            0x08008b51   Thumb Code     0  daddsub_clz.o(x$fpl$drsb)
    _drsb                                    0x08008b51   Thumb Code    22  daddsub_clz.o(x$fpl$drsb)
    _dsqrt                                   0x08008b69   Thumb Code   404  dsqrt_umaal.o(x$fpl$dsqrt)
    __aeabi_dsub                             0x08008d01   Thumb Code     0  daddsub_clz.o(x$fpl$dsub)
    _dsub                                    0x08008d01   Thumb Code   464  daddsub_clz.o(x$fpl$dsub)
    __aeabi_f2d                              0x08008ed5   Thumb Code     0  f2d.o(x$fpl$f2d)
    _f2d                                     0x08008ed5   Thumb Code    86  f2d.o(x$fpl$f2d)
    __fpl_fnaninf                            0x08008f2b   Thumb Code   140  fnaninf.o(x$fpl$fnaninf)
    _fp_init                                 0x08008fb7   Thumb Code    10  fpinit.o(x$fpl$fpinit)
    __fplib_config_fpu_vfp                   0x08008fbf   Thumb Code     0  fpinit.o(x$fpl$fpinit)
    __fplib_config_pureend_doubles           0x08008fbf   Thumb Code     0  fpinit.o(x$fpl$fpinit)
    __fpl_fretinf                            0x08008fc1   Thumb Code    10  fretinf.o(x$fpl$fretinf)
    _printf_fp_dec                           0x08008fcb   Thumb Code     4  printf1.o(x$fpl$printf1)
    _printf_fp_hex                           0x08008fcf   Thumb Code     4  printf2.o(x$fpl$printf2)
    __I$use$fp                               0x08008fd2   Number         0  usenofp.o(x$fpl$usenofp)
    AHBPrescTable                            0x08009068   Data          16  system_stm32f4xx.o(.constdata)
    APBPrescTable                            0x08009078   Data           8  system_stm32f4xx.o(.constdata)
    CRC8_INIT                                0x08009080   Data           1  crc.o(.constdata)
    CRC8_TAB                                 0x08009081   Data         256  crc.o(.constdata)
    CRC_INIT                                 0x08009182   Data           2  crc.o(.constdata)
    wCRC_Table                               0x08009184   Data         512  crc.o(.constdata)
    __mathlib_zero                           0x08009490   Data           8  qnan.o(.constdata)
    Region$$Table$$Base                      0x08009684   Number         0  anon$$obj.o(Region$$Table)
    Region$$Table$$Limit                     0x080096a4   Number         0  anon$$obj.o(Region$$Table)
    __ctype                                  0x080096cd   Data           0  lc_ctype_c.o(locale$$data)
    commuTaskHandle                          0x20000000   Data           4  freertos.o(.data)
    chassisTaskHandle                        0x20000004   Data           4  freertos.o(.data)
    gimbalTaskHandle                         0x20000008   Data           4  freertos.o(.data)
    carStateTaskHandle                       0x2000000c   Data           4  freertos.o(.data)
    defaultTaskHandle                        0x20000010   Data           4  freertos.o(.data)
    uwTick                                   0x20000014   Data           4  stm32f4xx_hal.o(.data)
    uwTickPrio                               0x20000018   Data           4  stm32f4xx_hal.o(.data)
    uwTickFreq                               0x2000001c   Data           1  stm32f4xx_hal.o(.data)
    SystemCoreClock                          0x20000020   Data           4  system_stm32f4xx.o(.data)
    motor_3508_can_tx_data                   0x20000024   Data           8  can_in_motors.o(.data)
    motor_6020_can_tx_data                   0x2000002c   Data           8  can_in_motors.o(.data)
    motor_2006_can_tx_data                   0x20000034   Data           8  can_in_motors.o(.data)
    motor_9025_can_tx_data                   0x2000003c   Data           8  can_in_motors.o(.data)
    rx_data                                  0x20000044   Data           8  can_in_motors.o(.data)
    rx8_len                                  0x20000050   Data           2  communication.o(.data)
    rx7_len                                  0x20000052   Data           2  communication.o(.data)
    rx6_len                                  0x20000054   Data           2  communication.o(.data)
    motor_9025                               0x2000005e   Data           8  motors.o(.data)
    motor_9025_pid                           0x20000066   Data           6  motors.o(.data)
    motor_9025_ecd_data                      0x2000006c   Data           6  motors.o(.data)
    ex                                       0x20000072   Data           2  crc.o(.data)
    pid_k                                    0x20000074   Data          12  car.o(.data)
    referee_system_into                      0x20000080   Data           4  referee_system_communication.o(.data)
    pxCurrentTCB                             0x20000084   Data           4  tasks.o(.data)
    hcan1                                    0x20000340   Data          40  can.o(.bss)
    huart7                                   0x20000368   Data          68  usart.o(.bss)
    huart8                                   0x200003ac   Data          68  usart.o(.bss)
    huart1                                   0x200003f0   Data          68  usart.o(.bss)
    huart6                                   0x20000434   Data          68  usart.o(.bss)
    hdma_uart7_rx                            0x20000478   Data          96  usart.o(.bss)
    hdma_uart7_tx                            0x200004d8   Data          96  usart.o(.bss)
    hdma_uart8_rx                            0x20000538   Data          96  usart.o(.bss)
    hdma_uart8_tx                            0x20000598   Data          96  usart.o(.bss)
    hdma_usart1_rx                           0x200005f8   Data          96  usart.o(.bss)
    hdma_usart6_rx                           0x20000658   Data          96  usart.o(.bss)
    hdma_usart6_tx                           0x200006b8   Data          96  usart.o(.bss)
    motor_3508_tx_message                    0x20000718   Data          24  can_in_motors.o(.bss)
    motor_6020_tx_message                    0x20000730   Data          24  can_in_motors.o(.bss)
    motor_2006_tx_message                    0x20000748   Data          24  can_in_motors.o(.bss)
    motor_9025_tx_message                    0x20000760   Data          24  can_in_motors.o(.bss)
    rx8Data                                  0x20000778   Data         128  communication.o(.bss)
    rx7Data                                  0x200007f8   Data         128  communication.o(.bss)
    rx6Data                                  0x20000878   Data         128  communication.o(.bss)
    motors_3508_measure                      0x200009f8   Data          40  motors.o(.bss)
    motors_6020_measure                      0x20000a20   Data          20  motors.o(.bss)
    motors_2006_measure                      0x20000a34   Data          20  motors.o(.bss)
    motor_3508_pid                           0x20000a48   Data         288  motors.o(.bss)
    motor_6020_pid                           0x20000b68   Data         288  motors.o(.bss)
    motor_2006_pid                           0x20000c88   Data         288  motors.o(.bss)
    motors_3508                              0x20000da8   Data          96  motors.o(.bss)
    motors_6020                              0x20000e08   Data          96  motors.o(.bss)
    motors_2006                              0x20000e68   Data          96  motors.o(.bss)
    motors_9025                              0x20000ec8   Data          12  motors.o(.bss)
    car                                      0x20000ed4   Data          24  car.o(.bss)
    chassis                                  0x20000eec   Data          44  chassis_control.o(.bss)
    aim_info                                 0x20000f18   Data          13  auto_aim.o(.bss)
    gimbal                                   0x20000f28   Data          24  gimbal_control.o(.bss)
    power_heat_data                          0x20000f40   Data          16  referee_system_communication.o(.bss)
    rx_chassis_info                          0x20000f50   Data          22  chassis_communication.o(.bss)
    chassis_info                             0x20000f66   Data          22  chassis_communication.o(.bss)
    tx_buf                                   0x20000f7c   Data         256  chassis_communication.o(.bss)
    dbus_buf                                 0x2000107c   Data          18  bsp_rc.o(.bss)
    rc                                       0x2000108e   Data          12  bsp_rc.o(.bss)
    __libspace_start                         0x20004d8c   Data          96  libspace.o(.bss)
    __temporary_stack_top$libspace           0x20004dec   Data           0  libspace.o(.bss)



==============================================================================

Memory Map of the image

  Image Entry point : 0x080001ad

  Load Region LR_IROM1 (Base: 0x08000000, Size: 0x000098bc, Max: 0x00200000, ABSOLUTE)

    Execution Region ER_IROM1 (Exec base: 0x08000000, Load base: 0x08000000, Size: 0x000097d0, Max: 0x00200000, ABSOLUTE)

    Exec Addr    Load Addr    Size         Type   Attr      Idx    E Section Name        Object

    0x08000000   0x08000000   0x000001ac   Data   RO            3    RESET               startup_stm32f427xx.o
    0x080001ac   0x080001ac   0x00000008   Code   RO         4923  * !!!main             c_w.l(__main.o)
    0x080001b4   0x080001b4   0x00000034   Code   RO         5394    !!!scatter          c_w.l(__scatter.o)
    0x080001e8   0x080001e8   0x0000001a   Code   RO         5396    !!handler_copy      c_w.l(__scatter_copy.o)
    0x08000202   0x08000202   0x00000002   PAD
    0x08000204   0x08000204   0x0000001c   Code   RO         5398    !!handler_zi        c_w.l(__scatter_zi.o)
    0x08000220   0x08000220   0x00000000   Code   RO         5071    .ARM.Collect$$_printf_percent$$00000000  c_w.l(_printf_percent.o)
    0x08000220   0x08000220   0x00000006   Code   RO         5060    .ARM.Collect$$_printf_percent$$00000001  c_w.l(_printf_n.o)
    0x08000226   0x08000226   0x00000006   Code   RO         5062    .ARM.Collect$$_printf_percent$$00000002  c_w.l(_printf_p.o)
    0x0800022c   0x0800022c   0x00000006   Code   RO         5067    .ARM.Collect$$_printf_percent$$00000003  c_w.l(_printf_f.o)
    0x08000232   0x08000232   0x00000006   Code   RO         5068    .ARM.Collect$$_printf_percent$$00000004  c_w.l(_printf_e.o)
    0x08000238   0x08000238   0x00000006   Code   RO         5069    .ARM.Collect$$_printf_percent$$00000005  c_w.l(_printf_g.o)
    0x0800023e   0x0800023e   0x00000006   Code   RO         5070    .ARM.Collect$$_printf_percent$$00000006  c_w.l(_printf_a.o)
    0x08000244   0x08000244   0x0000000a   Code   RO         5075    .ARM.Collect$$_printf_percent$$00000007  c_w.l(_printf_ll.o)
    0x0800024e   0x0800024e   0x00000006   Code   RO         5064    .ARM.Collect$$_printf_percent$$00000008  c_w.l(_printf_i.o)
    0x08000254   0x08000254   0x00000006   Code   RO         5065    .ARM.Collect$$_printf_percent$$00000009  c_w.l(_printf_d.o)
    0x0800025a   0x0800025a   0x00000006   Code   RO         5066    .ARM.Collect$$_printf_percent$$0000000A  c_w.l(_printf_u.o)
    0x08000260   0x08000260   0x00000006   Code   RO         5063    .ARM.Collect$$_printf_percent$$0000000B  c_w.l(_printf_o.o)
    0x08000266   0x08000266   0x00000006   Code   RO         5061    .ARM.Collect$$_printf_percent$$0000000C  c_w.l(_printf_x.o)
    0x0800026c   0x0800026c   0x00000006   Code   RO         5072    .ARM.Collect$$_printf_percent$$0000000D  c_w.l(_printf_lli.o)
    0x08000272   0x08000272   0x00000006   Code   RO         5073    .ARM.Collect$$_printf_percent$$0000000E  c_w.l(_printf_lld.o)
    0x08000278   0x08000278   0x00000006   Code   RO         5074    .ARM.Collect$$_printf_percent$$0000000F  c_w.l(_printf_llu.o)
    0x0800027e   0x0800027e   0x00000006   Code   RO         5079    .ARM.Collect$$_printf_percent$$00000010  c_w.l(_printf_llo.o)
    0x08000284   0x08000284   0x00000006   Code   RO         5080    .ARM.Collect$$_printf_percent$$00000011  c_w.l(_printf_llx.o)
    0x0800028a   0x0800028a   0x0000000a   Code   RO         5076    .ARM.Collect$$_printf_percent$$00000012  c_w.l(_printf_l.o)
    0x08000294   0x08000294   0x00000006   Code   RO         5058    .ARM.Collect$$_printf_percent$$00000013  c_w.l(_printf_c.o)
    0x0800029a   0x0800029a   0x00000006   Code   RO         5059    .ARM.Collect$$_printf_percent$$00000014  c_w.l(_printf_s.o)
    0x080002a0   0x080002a0   0x00000006   Code   RO         5077    .ARM.Collect$$_printf_percent$$00000015  c_w.l(_printf_lc.o)
    0x080002a6   0x080002a6   0x00000006   Code   RO         5078    .ARM.Collect$$_printf_percent$$00000016  c_w.l(_printf_ls.o)
    0x080002ac   0x080002ac   0x00000004   Code   RO         5192    .ARM.Collect$$_printf_percent$$00000017  c_w.l(_printf_percent_end.o)
    0x080002b0   0x080002b0   0x00000002   Code   RO         5260    .ARM.Collect$$libinit$$00000000  c_w.l(libinit.o)
    0x080002b2   0x080002b2   0x00000004   Code   RO         5276    .ARM.Collect$$libinit$$00000001  c_w.l(libinit2.o)
    0x080002b6   0x080002b6   0x00000000   Code   RO         5279    .ARM.Collect$$libinit$$00000004  c_w.l(libinit2.o)
    0x080002b6   0x080002b6   0x00000000   Code   RO         5282    .ARM.Collect$$libinit$$0000000A  c_w.l(libinit2.o)
    0x080002b6   0x080002b6   0x00000000   Code   RO         5284    .ARM.Collect$$libinit$$0000000C  c_w.l(libinit2.o)
    0x080002b6   0x080002b6   0x00000000   Code   RO         5286    .ARM.Collect$$libinit$$0000000E  c_w.l(libinit2.o)
    0x080002b6   0x080002b6   0x00000006   Code   RO         5287    .ARM.Collect$$libinit$$0000000F  c_w.l(libinit2.o)
    0x080002bc   0x080002bc   0x00000000   Code   RO         5289    .ARM.Collect$$libinit$$00000011  c_w.l(libinit2.o)
    0x080002bc   0x080002bc   0x0000000c   Code   RO         5290    .ARM.Collect$$libinit$$00000012  c_w.l(libinit2.o)
    0x080002c8   0x080002c8   0x00000000   Code   RO         5291    .ARM.Collect$$libinit$$00000013  c_w.l(libinit2.o)
    0x080002c8   0x080002c8   0x00000000   Code   RO         5293    .ARM.Collect$$libinit$$00000015  c_w.l(libinit2.o)
    0x080002c8   0x080002c8   0x0000000a   Code   RO         5294    .ARM.Collect$$libinit$$00000016  c_w.l(libinit2.o)
    0x080002d2   0x080002d2   0x00000000   Code   RO         5295    .ARM.Collect$$libinit$$00000017  c_w.l(libinit2.o)
    0x080002d2   0x080002d2   0x00000000   Code   RO         5297    .ARM.Collect$$libinit$$00000019  c_w.l(libinit2.o)
    0x080002d2   0x080002d2   0x00000000   Code   RO         5299    .ARM.Collect$$libinit$$0000001B  c_w.l(libinit2.o)
    0x080002d2   0x080002d2   0x00000000   Code   RO         5301    .ARM.Collect$$libinit$$0000001D  c_w.l(libinit2.o)
    0x080002d2   0x080002d2   0x00000000   Code   RO         5303    .ARM.Collect$$libinit$$0000001F  c_w.l(libinit2.o)
    0x080002d2   0x080002d2   0x00000000   Code   RO         5305    .ARM.Collect$$libinit$$00000021  c_w.l(libinit2.o)
    0x080002d2   0x080002d2   0x00000000   Code   RO         5307    .ARM.Collect$$libinit$$00000023  c_w.l(libinit2.o)
    0x080002d2   0x080002d2   0x00000000   Code   RO         5309    .ARM.Collect$$libinit$$00000025  c_w.l(libinit2.o)
    0x080002d2   0x080002d2   0x00000000   Code   RO         5313    .ARM.Collect$$libinit$$0000002C  c_w.l(libinit2.o)
    0x080002d2   0x080002d2   0x00000000   Code   RO         5315    .ARM.Collect$$libinit$$0000002E  c_w.l(libinit2.o)
    0x080002d2   0x080002d2   0x00000000   Code   RO         5317    .ARM.Collect$$libinit$$00000030  c_w.l(libinit2.o)
    0x080002d2   0x080002d2   0x00000000   Code   RO         5319    .ARM.Collect$$libinit$$00000032  c_w.l(libinit2.o)
    0x080002d2   0x080002d2   0x00000002   Code   RO         5320    .ARM.Collect$$libinit$$00000033  c_w.l(libinit2.o)
    0x080002d4   0x080002d4   0x00000002   Code   RO         5351    .ARM.Collect$$libshutdown$$00000000  c_w.l(libshutdown.o)
    0x080002d6   0x080002d6   0x00000000   Code   RO         5377    .ARM.Collect$$libshutdown$$00000002  c_w.l(libshutdown2.o)
    0x080002d6   0x080002d6   0x00000000   Code   RO         5379    .ARM.Collect$$libshutdown$$00000004  c_w.l(libshutdown2.o)
    0x080002d6   0x080002d6   0x00000000   Code   RO         5382    .ARM.Collect$$libshutdown$$00000007  c_w.l(libshutdown2.o)
    0x080002d6   0x080002d6   0x00000000   Code   RO         5385    .ARM.Collect$$libshutdown$$0000000A  c_w.l(libshutdown2.o)
    0x080002d6   0x080002d6   0x00000000   Code   RO         5387    .ARM.Collect$$libshutdown$$0000000C  c_w.l(libshutdown2.o)
    0x080002d6   0x080002d6   0x00000000   Code   RO         5390    .ARM.Collect$$libshutdown$$0000000F  c_w.l(libshutdown2.o)
    0x080002d6   0x080002d6   0x00000002   Code   RO         5391    .ARM.Collect$$libshutdown$$00000010  c_w.l(libshutdown2.o)
    0x080002d8   0x080002d8   0x00000000   Code   RO         4983    .ARM.Collect$$rtentry$$00000000  c_w.l(__rtentry.o)
    0x080002d8   0x080002d8   0x00000000   Code   RO         5156    .ARM.Collect$$rtentry$$00000002  c_w.l(__rtentry2.o)
    0x080002d8   0x080002d8   0x00000006   Code   RO         5168    .ARM.Collect$$rtentry$$00000004  c_w.l(__rtentry4.o)
    0x080002de   0x080002de   0x00000000   Code   RO         5158    .ARM.Collect$$rtentry$$00000009  c_w.l(__rtentry2.o)
    0x080002de   0x080002de   0x00000004   Code   RO         5159    .ARM.Collect$$rtentry$$0000000A  c_w.l(__rtentry2.o)
    0x080002e2   0x080002e2   0x00000000   Code   RO         5161    .ARM.Collect$$rtentry$$0000000C  c_w.l(__rtentry2.o)
    0x080002e2   0x080002e2   0x00000008   Code   RO         5162    .ARM.Collect$$rtentry$$0000000D  c_w.l(__rtentry2.o)
    0x080002ea   0x080002ea   0x00000002   Code   RO         5263    .ARM.Collect$$rtexit$$00000000  c_w.l(rtexit.o)
    0x080002ec   0x080002ec   0x00000000   Code   RO         5324    .ARM.Collect$$rtexit$$00000002  c_w.l(rtexit2.o)
    0x080002ec   0x080002ec   0x00000004   Code   RO         5325    .ARM.Collect$$rtexit$$00000003  c_w.l(rtexit2.o)
    0x080002f0   0x080002f0   0x00000006   Code   RO         5326    .ARM.Collect$$rtexit$$00000004  c_w.l(rtexit2.o)
    0x080002f6   0x080002f6   0x00000002   PAD
    0x080002f8   0x080002f8   0x000000be   Code   RO         4689    .emb_text           port.o
    0x080003b6   0x080003b6   0x00000002   PAD
    0x080003b8   0x080003b8   0x00000040   Code   RO            4    .text               startup_stm32f427xx.o
    0x080003f8   0x080003f8   0x000000ee   Code   RO         4909    .text               c_w.l(lludivv7m.o)
    0x080004e6   0x080004e6   0x00000002   PAD
    0x080004e8   0x080004e8   0x00000024   Code   RO         4911    .text               c_w.l(vsprintf.o)
    0x0800050c   0x0800050c   0x0000008a   Code   RO         4913    .text               c_w.l(rt_memcpy_v6.o)
    0x08000596   0x08000596   0x00000064   Code   RO         4915    .text               c_w.l(rt_memcpy_w.o)
    0x080005fa   0x080005fa   0x0000004e   Code   RO         4919    .text               c_w.l(rt_memclr_w.o)
    0x08000648   0x08000648   0x00000006   Code   RO         4921    .text               c_w.l(heapauxi.o)
    0x0800064e   0x0800064e   0x00000016   Code   RO         4988    .text               c_w.l(_rserrno.o)
    0x08000664   0x08000664   0x0000004e   Code   RO         4992    .text               c_w.l(_printf_pad.o)
    0x080006b2   0x080006b2   0x00000024   Code   RO         4994    .text               c_w.l(_printf_truncate.o)
    0x080006d6   0x080006d6   0x00000052   Code   RO         4996    .text               c_w.l(_printf_str.o)
    0x08000728   0x08000728   0x00000078   Code   RO         4998    .text               c_w.l(_printf_dec.o)
    0x080007a0   0x080007a0   0x00000028   Code   RO         5000    .text               c_w.l(_printf_charcount.o)
    0x080007c8   0x080007c8   0x00000030   Code   RO         5002    .text               c_w.l(_printf_char_common.o)
    0x080007f8   0x080007f8   0x0000000a   Code   RO         5004    .text               c_w.l(_sputc.o)
    0x08000802   0x08000802   0x00000002   PAD
    0x08000804   0x08000804   0x000000bc   Code   RO         5006    .text               c_w.l(_printf_wctomb.o)
    0x080008c0   0x080008c0   0x0000007c   Code   RO         5009    .text               c_w.l(_printf_longlong_dec.o)
    0x0800093c   0x0800093c   0x00000070   Code   RO         5015    .text               c_w.l(_printf_oct_int_ll.o)
    0x080009ac   0x080009ac   0x00000094   Code   RO         5035    .text               c_w.l(_printf_hex_int_ll_ptr.o)
    0x08000a40   0x08000a40   0x00000188   Code   RO         5055    .text               c_w.l(__printf_flags_ss_wp.o)
    0x08000bc8   0x08000bc8   0x00000008   Code   RO         5175    .text               c_w.l(rt_errno_addr_intlibspace.o)
    0x08000bd0   0x08000bd0   0x0000008a   Code   RO         5177    .text               c_w.l(lludiv10.o)
    0x08000c5a   0x08000c5a   0x000000b2   Code   RO         5179    .text               c_w.l(_printf_intcommon.o)
    0x08000d0c   0x08000d0c   0x0000041e   Code   RO         5181    .text               c_w.l(_printf_fp_dec.o)
    0x0800112a   0x0800112a   0x00000002   PAD
    0x0800112c   0x0800112c   0x000002fc   Code   RO         5183    .text               c_w.l(_printf_fp_hex.o)
    0x08001428   0x08001428   0x0000002c   Code   RO         5188    .text               c_w.l(_printf_char.o)
    0x08001454   0x08001454   0x0000002c   Code   RO         5190    .text               c_w.l(_printf_wchar.o)
    0x08001480   0x08001480   0x00000040   Code   RO         5193    .text               c_w.l(_wcrtomb.o)
    0x080014c0   0x080014c0   0x00000008   Code   RO         5207    .text               c_w.l(libspace.o)
    0x080014c8   0x080014c8   0x0000004a   Code   RO         5210    .text               c_w.l(sys_stackheap_outer.o)
    0x08001512   0x08001512   0x00000002   PAD
    0x08001514   0x08001514   0x00000010   Code   RO         5212    .text               c_w.l(rt_ctype_table.o)
    0x08001524   0x08001524   0x00000008   Code   RO         5217    .text               c_w.l(rt_locale_intlibspace.o)
    0x0800152c   0x0800152c   0x00000080   Code   RO         5219    .text               c_w.l(_printf_fp_infnan.o)
    0x080015ac   0x080015ac   0x000000e4   Code   RO         5221    .text               c_w.l(bigflt0.o)
    0x08001690   0x08001690   0x00000012   Code   RO         5249    .text               c_w.l(exit.o)
    0x080016a2   0x080016a2   0x00000002   PAD
    0x080016a4   0x080016a4   0x00000080   Code   RO         5274    .text               c_w.l(strcmpv7m.o)
    0x08001724   0x08001724   0x0000000c   Code   RO         5321    .text               c_w.l(sys_exit.o)
    0x08001730   0x08001730   0x00000002   Code   RO         5340    .text               c_w.l(use_no_semi.o)
    0x08001732   0x08001732   0x00000000   Code   RO         5342    .text               c_w.l(indicate_semi.o)
    0x08001732   0x08001732   0x0000003e   Code   RO         5224    CL$$btod_d2e        c_w.l(btod.o)
    0x08001770   0x08001770   0x00000046   Code   RO         5226    CL$$btod_d2e_denorm_low  c_w.l(btod.o)
    0x080017b6   0x080017b6   0x00000060   Code   RO         5225    CL$$btod_d2e_norm_op1  c_w.l(btod.o)
    0x08001816   0x08001816   0x00000338   Code   RO         5234    CL$$btod_div_common  c_w.l(btod.o)
    0x08001b4e   0x08001b4e   0x000000dc   Code   RO         5231    CL$$btod_e2e        c_w.l(btod.o)
    0x08001c2a   0x08001c2a   0x0000002a   Code   RO         5228    CL$$btod_ediv       c_w.l(btod.o)
    0x08001c54   0x08001c54   0x0000002a   Code   RO         5227    CL$$btod_emul       c_w.l(btod.o)
    0x08001c7e   0x08001c7e   0x00000244   Code   RO         5233    CL$$btod_mult_common  c_w.l(btod.o)
    0x08001ec2   0x08001ec2   0x0000002c   Code   RO         2937    i.Append_CRC16_Check_Sum  crc.o
    0x08001eee   0x08001eee   0x00000024   Code   RO         2938    i.Append_CRC8_Check_Sum  crc.o
    0x08001f12   0x08001f12   0x00000004   Code   RO          459    i.BusFault_Handler  stm32f4xx_it.o
    0x08001f16   0x08001f16   0x00000002   PAD
    0x08001f18   0x08001f18   0x00000010   Code   RO          460    i.CAN1_RX0_IRQHandler  stm32f4xx_it.o
    0x08001f28   0x08001f28   0x00000050   Code   RO         2539    i.CAN_Control3508Current  can_in_motors.o
    0x08001f78   0x08001f78   0x00000058   Code   RO         2542    i.CAN_Control9025IncrementAngle  can_in_motors.o
    0x08001fd0   0x08001fd0   0x00000010   Code   RO          461    i.DMA1_Stream0_IRQHandler  stm32f4xx_it.o
    0x08001fe0   0x08001fe0   0x00000010   Code   RO          462    i.DMA1_Stream1_IRQHandler  stm32f4xx_it.o
    0x08001ff0   0x08001ff0   0x00000010   Code   RO          463    i.DMA1_Stream3_IRQHandler  stm32f4xx_it.o
    0x08002000   0x08002000   0x00000010   Code   RO          464    i.DMA1_Stream6_IRQHandler  stm32f4xx_it.o
    0x08002010   0x08002010   0x00000010   Code   RO          465    i.DMA2_Stream1_IRQHandler  stm32f4xx_it.o
    0x08002020   0x08002020   0x00000010   Code   RO          466    i.DMA2_Stream2_IRQHandler  stm32f4xx_it.o
    0x08002030   0x08002030   0x00000010   Code   RO          467    i.DMA2_Stream6_IRQHandler  stm32f4xx_it.o
    0x08002040   0x08002040   0x00000034   Code   RO         1390    i.DMA_CalcBaseAndBitshift  stm32f4xx_hal_dma.o
    0x08002074   0x08002074   0x000000aa   Code   RO         1391    i.DMA_CheckFifoParam  stm32f4xx_hal_dma.o
    0x0800211e   0x0800211e   0x0000002c   Code   RO         1392    i.DMA_SetConfig     stm32f4xx_hal_dma.o
    0x0800214a   0x0800214a   0x00000002   Code   RO          468    i.DebugMon_Handler  stm32f4xx_it.o
    0x0800214c   0x0800214c   0x00000006   Code   RO           13    i.Error_Handler     main.o
    0x08002152   0x08002152   0x00000002   PAD
    0x08002154   0x08002154   0x00000034   Code   RO         2939    i.Get_CRC16_Check_Sum  crc.o
    0x08002188   0x08002188   0x00000024   Code   RO         2940    i.Get_CRC8_Check_Sum  crc.o
    0x080021ac   0x080021ac   0x0000002a   Code   RO          596    i.HAL_CAN_ActivateNotification  stm32f4xx_hal_can.o
    0x080021d6   0x080021d6   0x00000156   Code   RO          597    i.HAL_CAN_AddTxMessage  stm32f4xx_hal_can.o
    0x0800232c   0x0800232c   0x00000124   Code   RO          598    i.HAL_CAN_ConfigFilter  stm32f4xx_hal_can.o
    0x08002450   0x08002450   0x00000002   Code   RO          601    i.HAL_CAN_ErrorCallback  stm32f4xx_hal_can.o
    0x08002452   0x08002452   0x0000017a   Code   RO          604    i.HAL_CAN_GetRxMessage  stm32f4xx_hal_can.o
    0x080025cc   0x080025cc   0x0000024e   Code   RO          608    i.HAL_CAN_IRQHandler  stm32f4xx_hal_can.o
    0x0800281a   0x0800281a   0x00000174   Code   RO          609    i.HAL_CAN_Init      stm32f4xx_hal_can.o
    0x0800298e   0x0800298e   0x00000002   PAD
    0x08002990   0x08002990   0x00000098   Code   RO          334    i.HAL_CAN_MspInit   can.o
    0x08002a28   0x08002a28   0x00000002   Code   RO          616    i.HAL_CAN_RxFifo0FullCallback  stm32f4xx_hal_can.o
    0x08002a2a   0x08002a2a   0x00000002   PAD
    0x08002a2c   0x08002a2c   0x00000268   Code   RO         2545    i.HAL_CAN_RxFifo0MsgPendingCallback  can_in_motors.o
    0x08002c94   0x08002c94   0x00000002   Code   RO          618    i.HAL_CAN_RxFifo1FullCallback  stm32f4xx_hal_can.o
    0x08002c96   0x08002c96   0x00000002   Code   RO          619    i.HAL_CAN_RxFifo1MsgPendingCallback  stm32f4xx_hal_can.o
    0x08002c98   0x08002c98   0x00000002   Code   RO          620    i.HAL_CAN_SleepCallback  stm32f4xx_hal_can.o
    0x08002c9a   0x08002c9a   0x0000005e   Code   RO          621    i.HAL_CAN_Start     stm32f4xx_hal_can.o
    0x08002cf8   0x08002cf8   0x00000002   Code   RO          623    i.HAL_CAN_TxMailbox0AbortCallback  stm32f4xx_hal_can.o
    0x08002cfa   0x08002cfa   0x00000002   Code   RO          624    i.HAL_CAN_TxMailbox0CompleteCallback  stm32f4xx_hal_can.o
    0x08002cfc   0x08002cfc   0x00000002   Code   RO          625    i.HAL_CAN_TxMailbox1AbortCallback  stm32f4xx_hal_can.o
    0x08002cfe   0x08002cfe   0x00000002   Code   RO          626    i.HAL_CAN_TxMailbox1CompleteCallback  stm32f4xx_hal_can.o
    0x08002d00   0x08002d00   0x00000002   Code   RO          627    i.HAL_CAN_TxMailbox2AbortCallback  stm32f4xx_hal_can.o
    0x08002d02   0x08002d02   0x00000002   Code   RO          628    i.HAL_CAN_TxMailbox2CompleteCallback  stm32f4xx_hal_can.o
    0x08002d04   0x08002d04   0x00000002   Code   RO          630    i.HAL_CAN_WakeUpFromRxMsgCallback  stm32f4xx_hal_can.o
    0x08002d06   0x08002d06   0x000000ac   Code   RO         1393    i.HAL_DMA_Abort     stm32f4xx_hal_dma.o
    0x08002db2   0x08002db2   0x00000028   Code   RO         1394    i.HAL_DMA_Abort_IT  stm32f4xx_hal_dma.o
    0x08002dda   0x08002dda   0x00000002   PAD
    0x08002ddc   0x08002ddc   0x00000240   Code   RO         1398    i.HAL_DMA_IRQHandler  stm32f4xx_hal_dma.o
    0x0800301c   0x0800301c   0x000000ec   Code   RO         1399    i.HAL_DMA_Init      stm32f4xx_hal_dma.o
    0x08003108   0x08003108   0x00000066   Code   RO         1402    i.HAL_DMA_Start     stm32f4xx_hal_dma.o
    0x0800316e   0x0800316e   0x00000092   Code   RO         1403    i.HAL_DMA_Start_IT  stm32f4xx_hal_dma.o
    0x08003200   0x08003200   0x00000028   Code   RO         1835    i.HAL_Delay         stm32f4xx_hal.o
    0x08003228   0x08003228   0x00000210   Code   RO         1286    i.HAL_GPIO_Init     stm32f4xx_hal_gpio.o
    0x08003438   0x08003438   0x0000000c   Code   RO         1290    i.HAL_GPIO_WritePin  stm32f4xx_hal_gpio.o
    0x08003444   0x08003444   0x0000000c   Code   RO         1843    i.HAL_GetTick       stm32f4xx_hal.o
    0x08003450   0x08003450   0x00000018   Code   RO         1849    i.HAL_IncTick       stm32f4xx_hal.o
    0x08003468   0x08003468   0x0000003c   Code   RO         1850    i.HAL_Init          stm32f4xx_hal.o
    0x080034a4   0x080034a4   0x0000004c   Code   RO         1851    i.HAL_InitTick      stm32f4xx_hal.o
    0x080034f0   0x080034f0   0x00000054   Code   RO          571    i.HAL_MspInit       stm32f4xx_hal_msp.o
    0x08003544   0x08003544   0x00000020   Code   RO         1693    i.HAL_NVIC_EnableIRQ  stm32f4xx_hal_cortex.o
    0x08003564   0x08003564   0x0000007c   Code   RO         1699    i.HAL_NVIC_SetPriority  stm32f4xx_hal_cortex.o
    0x080035e0   0x080035e0   0x00000028   Code   RO         1700    i.HAL_NVIC_SetPriorityGrouping  stm32f4xx_hal_cortex.o
    0x08003608   0x08003608   0x00000184   Code   RO          830    i.HAL_RCC_ClockConfig  stm32f4xx_hal_rcc.o
    0x0800378c   0x0800378c   0x0000000c   Code   RO          835    i.HAL_RCC_GetHCLKFreq  stm32f4xx_hal_rcc.o
    0x08003798   0x08003798   0x00000020   Code   RO          837    i.HAL_RCC_GetPCLK1Freq  stm32f4xx_hal_rcc.o
    0x080037b8   0x080037b8   0x00000020   Code   RO          838    i.HAL_RCC_GetPCLK2Freq  stm32f4xx_hal_rcc.o
    0x080037d8   0x080037d8   0x000000b0   Code   RO          839    i.HAL_RCC_GetSysClockFreq  stm32f4xx_hal_rcc.o
    0x08003888   0x08003888   0x0000049c   Code   RO          842    i.HAL_RCC_OscConfig  stm32f4xx_hal_rcc.o
    0x08003d24   0x08003d24   0x00000034   Code   RO         1704    i.HAL_SYSTICK_Config  stm32f4xx_hal_cortex.o
    0x08003d58   0x08003d58   0x00000002   Code   RO         2145    i.HAL_UARTEx_RxEventCallback  stm32f4xx_hal_uart.o
    0x08003d5a   0x08003d5a   0x0000008a   Code   RO         2157    i.HAL_UART_DMAStop  stm32f4xx_hal_uart.o
    0x08003de4   0x08003de4   0x00000014   Code   RO         2727    i.HAL_UART_ErrorCallback  communication.o
    0x08003df8   0x08003df8   0x000002e0   Code   RO         2162    i.HAL_UART_IRQHandler  stm32f4xx_hal_uart.o
    0x080040d8   0x080040d8   0x00000072   Code   RO         2163    i.HAL_UART_Init     stm32f4xx_hal_uart.o
    0x0800414a   0x0800414a   0x00000002   PAD
    0x0800414c   0x0800414c   0x0000041c   Code   RO          400    i.HAL_UART_MspInit  usart.o
    0x08004568   0x08004568   0x00000042   Code   RO         2167    i.HAL_UART_Receive_DMA  stm32f4xx_hal_uart.o
    0x080045aa   0x080045aa   0x00000002   PAD
    0x080045ac   0x080045ac   0x000000e0   Code   RO         2728    i.HAL_UART_RxCpltCallback  communication.o
    0x0800468c   0x0800468c   0x00000002   Code   RO         2170    i.HAL_UART_RxHalfCpltCallback  stm32f4xx_hal_uart.o
    0x0800468e   0x0800468e   0x000000d2   Code   RO         2171    i.HAL_UART_Transmit  stm32f4xx_hal_uart.o
    0x08004760   0x08004760   0x000000ac   Code   RO         2172    i.HAL_UART_Transmit_DMA  stm32f4xx_hal_uart.o
    0x0800480c   0x0800480c   0x00000002   Code   RO         2174    i.HAL_UART_TxCpltCallback  stm32f4xx_hal_uart.o
    0x0800480e   0x0800480e   0x00000002   Code   RO         2175    i.HAL_UART_TxHalfCpltCallback  stm32f4xx_hal_uart.o
    0x08004810   0x08004810   0x00000004   Code   RO          469    i.HardFault_Handler  stm32f4xx_it.o
    0x08004814   0x08004814   0x00000044   Code   RO          335    i.MX_CAN1_Init      can.o
    0x08004858   0x08004858   0x000000b8   Code   RO          375    i.MX_DMA_Init       dma.o
    0x08004910   0x08004910   0x00000098   Code   RO          271    i.MX_FREERTOS_Init  freertos.o
    0x080049a8   0x080049a8   0x00000160   Code   RO          247    i.MX_GPIO_Init      gpio.o
    0x08004b08   0x08004b08   0x00000038   Code   RO          401    i.MX_UART7_Init     usart.o
    0x08004b40   0x08004b40   0x00000038   Code   RO          402    i.MX_UART8_Init     usart.o
    0x08004b78   0x08004b78   0x00000038   Code   RO          403    i.MX_USART1_UART_Init  usart.o
    0x08004bb0   0x08004bb0   0x00000038   Code   RO          404    i.MX_USART6_UART_Init  usart.o
    0x08004be8   0x08004be8   0x00000004   Code   RO          470    i.MemManage_Handler  stm32f4xx_it.o
    0x08004bec   0x08004bec   0x00000004   Code   RO          471    i.NMI_Handler       stm32f4xx_it.o
    0x08004bf0   0x08004bf0   0x00000210   Code   RO         2866    i.PID_calc          pid.o
    0x08004e00   0x08004e00   0x00000060   Code   RO         2868    i.PID_init          pid.o
    0x08004e60   0x08004e60   0x00000068   Code   RO         4769    i.StartCarStateTask  car_state_task.o
    0x08004ec8   0x08004ec8   0x00000028   Code   RO         4827    i.StartChassisTask  chassis_task.o
    0x08004ef0   0x08004ef0   0x00000068   Code   RO         4860    i.StartCommunicationTask  communication_tasks.o
    0x08004f58   0x08004f58   0x0000000a   Code   RO          272    i.StartDefaultTask  freertos.o
    0x08004f62   0x08004f62   0x00000002   PAD
    0x08004f64   0x08004f64   0x00000028   Code   RO         4885    i.StartGimbalTask   gimbal_task.o
    0x08004f8c   0x08004f8c   0x00000014   Code   RO          472    i.SysTick_Handler   stm32f4xx_it.o
    0x08004fa0   0x08004fa0   0x000000b4   Code   RO           14    i.SystemClock_Config  main.o
    0x08005054   0x08005054   0x00000014   Code   RO         2502    i.SystemInit        system_stm32f4xx.o
    0x08005068   0x08005068   0x00000014   Code   RO         2176    i.UART_DMAAbortOnError  stm32f4xx_hal_uart.o
    0x0800507c   0x0800507c   0x00000050   Code   RO         2177    i.UART_DMAError     stm32f4xx_hal_uart.o
    0x080050cc   0x080050cc   0x000000b0   Code   RO         2178    i.UART_DMAReceiveCplt  stm32f4xx_hal_uart.o
    0x0800517c   0x0800517c   0x00000020   Code   RO         2180    i.UART_DMARxHalfCplt  stm32f4xx_hal_uart.o
    0x0800519c   0x0800519c   0x00000058   Code   RO         2182    i.UART_DMATransmitCplt  stm32f4xx_hal_uart.o
    0x080051f4   0x080051f4   0x0000000e   Code   RO         2184    i.UART_DMATxHalfCplt  stm32f4xx_hal_uart.o
    0x08005202   0x08005202   0x0000006c   Code   RO         2186    i.UART_EndRxTransfer  stm32f4xx_hal_uart.o
    0x0800526e   0x0800526e   0x00000020   Code   RO         2187    i.UART_EndTransmit_IT  stm32f4xx_hal_uart.o
    0x0800528e   0x0800528e   0x00000026   Code   RO         2188    i.UART_EndTxTransfer  stm32f4xx_hal_uart.o
    0x080052b4   0x080052b4   0x000000f8   Code   RO         2189    i.UART_Receive_IT   stm32f4xx_hal_uart.o
    0x080053ac   0x080053ac   0x0000022c   Code   RO         2190    i.UART_SetConfig    stm32f4xx_hal_uart.o
    0x080055d8   0x080055d8   0x000000d0   Code   RO         2191    i.UART_Start_Receive_DMA  stm32f4xx_hal_uart.o
    0x080056a8   0x080056a8   0x00000060   Code   RO         2193    i.UART_Transmit_IT  stm32f4xx_hal_uart.o
    0x08005708   0x08005708   0x00000092   Code   RO         2194    i.UART_WaitOnFlagUntilTimeout  stm32f4xx_hal_uart.o
    0x0800579a   0x0800579a   0x00000002   PAD
    0x0800579c   0x0800579c   0x00000070   Code   RO         2729    i.USART1_IRQHandler  communication.o
    0x0800580c   0x0800580c   0x00000068   Code   RO         2730    i.USART6_IRQHandler  communication.o
    0x08005874   0x08005874   0x00000004   Code   RO          473    i.UsageFault_Handler  stm32f4xx_it.o
    0x08005878   0x08005878   0x00000044   Code   RO         2941    i.Verify_CRC16_Check_Sum  crc.o
    0x080058bc   0x080058bc   0x0000002e   Code   RO         2942    i.Verify_CRC8_Check_Sum  crc.o
    0x080058ea   0x080058ea   0x00000030   Code   RO         5203    i.__ARM_fpclassify  m_wm.l(fpclassify.o)
    0x0800591a   0x0800591a   0x00000002   PAD
    0x0800591c   0x0800591c   0x00000010   Code   RO         1706    i.__NVIC_GetPriorityGrouping  stm32f4xx_hal_cortex.o
    0x0800592c   0x0800592c   0x00000028   Code   RO         1707    i.__NVIC_SetPriority  stm32f4xx_hal_cortex.o
    0x08005954   0x08005954   0x00000004   PAD
    0x08005958   0x08005958   0x000002d8   Code   RO         5106    i.__hardfp_atan     m_wm.l(atan.o)
    0x08005c30   0x08005c30   0x000001f0   Code   RO         4947    i.__hardfp_atan2    m_wm.l(atan2.o)
    0x08005e20   0x08005e20   0x000000c8   Code   RO         4959    i.__hardfp_cos      m_wm.l(cos.o)
    0x08005ee8   0x08005ee8   0x0000007a   Code   RO         4971    i.__hardfp_sqrt     m_wm.l(sqrt.o)
    0x08005f62   0x08005f62   0x00000006   PAD
    0x08005f68   0x08005f68   0x00000438   Code   RO         5144    i.__ieee754_rem_pio2  m_wm.l(rred.o)
    0x080063a0   0x080063a0   0x00000170   Code   RO         5120    i.__kernel_cos      m_wm.l(cos_i.o)
    0x08006510   0x08006510   0x000000f8   Code   RO         5205    i.__kernel_poly     m_wm.l(poly.o)
    0x08006608   0x08006608   0x00000130   Code   RO         5149    i.__kernel_sin      m_wm.l(sin_i.o)
    0x08006738   0x08006738   0x00000014   Code   RO         5124    i.__mathlib_dbl_infnan  m_wm.l(dunder.o)
    0x0800674c   0x0800674c   0x00000014   Code   RO         5125    i.__mathlib_dbl_infnan2  m_wm.l(dunder.o)
    0x08006760   0x08006760   0x00000020   Code   RO         5126    i.__mathlib_dbl_invalid  m_wm.l(dunder.o)
    0x08006780   0x08006780   0x00000020   Code   RO         5129    i.__mathlib_dbl_underflow  m_wm.l(dunder.o)
    0x080067a0   0x080067a0   0x0000000e   Code   RO         5048    i._is_digit         c_w.l(__printf_wp.o)
    0x080067ae   0x080067ae   0x00000010   Code   RO         5108    i.atan              m_wm.l(atan.o)
    0x080067be   0x080067be   0x00000002   PAD
    0x080067c0   0x080067c0   0x0000003c   Code   RO         2546    i.can_filter_init   can_in_motors.o
    0x080067fc   0x080067fc   0x0000008c   Code   RO         3018    i.car_init          car.o
    0x08006888   0x08006888   0x00000068   Code   RO         3144    i.chassis_control   chassis_control.o
    0x080068f0   0x080068f0   0x0000006c   Code   RO         3145    i.chassis_init      chassis_control.o
    0x0800695c   0x0800695c   0x000000be   Code   RO         3146    i.chassis_pid_calc  chassis_control.o
    0x08006a1a   0x08006a1a   0x00000002   PAD
    0x08006a1c   0x08006a1c   0x0000023c   Code   RO         3147    i.chassis_v_to_wheels_rpm  chassis_control.o
    0x08006c58   0x08006c58   0x00000040   Code   RO         3335    i.dbus_uart_init    bsp_rc.o
    0x08006c98   0x08006c98   0x00000014   Code   RO         3292    i.decode_chassis    chassis_communication.o
    0x08006cac   0x08006cac   0x00000034   Code   RO         3251    i.decode_referee_system_data  referee_system_communication.o
    0x08006ce0   0x08006ce0   0x00000008   Code   RO         3336    i.dma_current_data_counter  bsp_rc.o
    0x08006ce8   0x08006ce8   0x00000050   Code   RO         3294    i.encode_send_data  chassis_communication.o
    0x08006d38   0x08006d38   0x00000018   Code   RO         5139    i.fabs              m_wm.l(fabs.o)
    0x08006d50   0x08006d50   0x0000001c   Code   RO         3220    i.gimbal_control    gimbal_control.o
    0x08006d6c   0x08006d6c   0x00000060   Code   RO           15    i.main              main.o
    0x08006dcc   0x08006dcc   0x0000000e   Code   RO         4255    i.makeFreeRtosPriority  cmsis_os.o
    0x08006dda   0x08006dda   0x00000002   PAD
    0x08006ddc   0x08006ddc   0x000000b0   Code   RO         2841    i.motors_3508_init  motors.o
    0x08006e8c   0x08006e8c   0x00000018   Code   RO         4257    i.osDelay           cmsis_os.o
    0x08006ea4   0x08006ea4   0x0000000a   Code   RO         4260    i.osKernelStart     cmsis_os.o
    0x08006eae   0x08006eae   0x0000005e   Code   RO         4294    i.osThreadCreate    cmsis_os.o
    0x08006f0c   0x08006f0c   0x00000098   Code   RO         3926    i.prvAddCurrentTaskToDelayedList  tasks.o
    0x08006fa4   0x08006fa4   0x000000b4   Code   RO         3927    i.prvAddNewTaskToReadyList  tasks.o
    0x08007058   0x08007058   0x00000048   Code   RO         3928    i.prvCheckTasksWaitingTermination  tasks.o
    0x080070a0   0x080070a0   0x00000050   Code   RO         3929    i.prvDeleteTCB      tasks.o
    0x080070f0   0x080070f0   0x0000007c   Code   RO         4622    i.prvHeapInit       heap_4.o
    0x0800716c   0x0800716c   0x00000028   Code   RO         3930    i.prvIdleTask       tasks.o
    0x08007194   0x08007194   0x000000b4   Code   RO         3931    i.prvInitialiseNewTask  tasks.o
    0x08007248   0x08007248   0x00000068   Code   RO         3932    i.prvInitialiseTaskLists  tasks.o
    0x080072b0   0x080072b0   0x00000068   Code   RO         4623    i.prvInsertBlockIntoFreeList  heap_4.o
    0x08007318   0x08007318   0x00000034   Code   RO         3933    i.prvResetNextTaskUnblockTime  tasks.o
    0x0800734c   0x0800734c   0x00000040   Code   RO         4690    i.prvTaskExitError  port.o
    0x0800738c   0x0800738c   0x0000014c   Code   RO         4624    i.pvPortMalloc      heap_4.o
    0x080074d8   0x080074d8   0x0000002c   Code   RO         4691    i.pxPortInitialiseStack  port.o
    0x08007504   0x08007504   0x000000ee   Code   RO         3337    i.rc_callback_handler  bsp_rc.o
    0x080075f2   0x080075f2   0x0000003a   Code   RO         2902    i.rc_to_main_gimbal  remote_control.o
    0x0800762c   0x0800762c   0x000001b0   Code   RO         2903    i.rc_to_vector      remote_control.o
    0x080077dc   0x080077dc   0x000000a4   Code   RO         3403    i.uart7_tx_dma_enable  bsp_uart.o
    0x08007880   0x08007880   0x0000003c   Code   RO         2733    i.uart_dma_rx_enable  communication.o
    0x080078bc   0x080078bc   0x0000004c   Code   RO         2734    i.uart_printf       communication.o
    0x08007908   0x08007908   0x00000048   Code   RO         3338    i.uart_receive_dma_no_it  bsp_rc.o
    0x08007950   0x08007950   0x00000022   Code   RO         3339    i.uart_receive_handler  bsp_rc.o
    0x08007972   0x08007972   0x00000002   PAD
    0x08007974   0x08007974   0x00000070   Code   RO         3340    i.uart_rx_idle_callback  bsp_rc.o
    0x080079e4   0x080079e4   0x00000014   Code   RO         2735    i.uart_tx           communication.o
    0x080079f8   0x080079f8   0x00000028   Code   RO         3555    i.uxListRemove      list.o
    0x08007a20   0x08007a20   0x00000018   Code   RO          273    i.vApplicationGetIdleTaskMemory  freertos.o
    0x08007a38   0x08007a38   0x0000001a   Code   RO         3556    i.vListInitialise   list.o
    0x08007a52   0x08007a52   0x00000006   Code   RO         3557    i.vListInitialiseItem  list.o
    0x08007a58   0x08007a58   0x00000034   Code   RO         3558    i.vListInsert       list.o
    0x08007a8c   0x08007a8c   0x00000018   Code   RO         3559    i.vListInsertEnd    list.o
    0x08007aa4   0x08007aa4   0x00000054   Code   RO         4693    i.vPortEnterCritical  port.o
    0x08007af8   0x08007af8   0x0000003c   Code   RO         4694    i.vPortExitCritical  port.o
    0x08007b34   0x08007b34   0x000000a4   Code   RO         4625    i.vPortFree         heap_4.o
    0x08007bd8   0x08007bd8   0x00000028   Code   RO         4695    i.vPortSetupTimerInterrupt  port.o
    0x08007c00   0x08007c00   0x0000005c   Code   RO         3942    i.vTaskDelay        tasks.o
    0x08007c5c   0x08007c5c   0x000000b0   Code   RO         3955    i.vTaskStartScheduler  tasks.o
    0x08007d0c   0x08007d0c   0x00000010   Code   RO         3957    i.vTaskSuspendAll   tasks.o
    0x08007d1c   0x08007d1c   0x0000008c   Code   RO         3958    i.vTaskSwitchContext  tasks.o
    0x08007da8   0x08007da8   0x00000168   Code   RO         4697    i.xPortStartScheduler  port.o
    0x08007f10   0x08007f10   0x00000034   Code   RO         4698    i.xPortSysTickHandler  port.o
    0x08007f44   0x08007f44   0x00000064   Code   RO         3961    i.xTaskCreate       tasks.o
    0x08007fa8   0x08007fa8   0x000000ba   Code   RO         3962    i.xTaskCreateStatic  tasks.o
    0x08008062   0x08008062   0x00000002   PAD
    0x08008064   0x08008064   0x00000020   Code   RO         3966    i.xTaskGetSchedulerState  tasks.o
    0x08008084   0x08008084   0x00000148   Code   RO         3969    i.xTaskIncrementTick  tasks.o
    0x080081cc   0x080081cc   0x00000104   Code   RO         3975    i.xTaskResumeAll    tasks.o
    0x080082d0   0x080082d0   0x0000002c   Code   RO         5247    locale$$code        c_w.l(lc_numeric_c.o)
    0x080082fc   0x080082fc   0x0000002c   Code   RO         5268    locale$$code        c_w.l(lc_ctype_c.o)
    0x08008328   0x08008328   0x00000018   Code   RO         5083    x$fpl$basic         fz_wm.l(basic.o)
    0x08008340   0x08008340   0x00000062   Code   RO         4925    x$fpl$d2f           fz_wm.l(d2f.o)
    0x080083a2   0x080083a2   0x00000002   PAD
    0x080083a4   0x080083a4   0x00000150   Code   RO         4927    x$fpl$dadd          fz_wm.l(daddsub_clz.o)
    0x080084f4   0x080084f4   0x00000018   Code   RO         5195    x$fpl$dcmpinf       fz_wm.l(dcmpi.o)
    0x0800850c   0x0800850c   0x000002b0   Code   RO         4934    x$fpl$ddiv          fz_wm.l(ddiv.o)
    0x080087bc   0x080087bc   0x0000005e   Code   RO         4937    x$fpl$dfix          fz_wm.l(dfix.o)
    0x0800881a   0x0800881a   0x0000002e   Code   RO         5198    x$fpl$dflt          fz_wm.l(dflt_clz.o)
    0x08008848   0x08008848   0x00000026   Code   RO         5197    x$fpl$dfltu         fz_wm.l(dflt_clz.o)
    0x0800886e   0x0800886e   0x00000002   PAD
    0x08008870   0x08008870   0x00000078   Code   RO         5085    x$fpl$dleqf         fz_wm.l(dleqf.o)
    0x080088e8   0x080088e8   0x00000154   Code   RO         4941    x$fpl$dmul          fz_wm.l(dmul.o)
    0x08008a3c   0x08008a3c   0x0000009c   Code   RO         5087    x$fpl$dnaninf       fz_wm.l(dnaninf.o)
    0x08008ad8   0x08008ad8   0x0000000c   Code   RO         5089    x$fpl$dretinf       fz_wm.l(dretinf.o)
    0x08008ae4   0x08008ae4   0x0000006c   Code   RO         4943    x$fpl$drleqf        fz_wm.l(drleqf.o)
    0x08008b50   0x08008b50   0x00000016   Code   RO         4928    x$fpl$drsb          fz_wm.l(daddsub_clz.o)
    0x08008b66   0x08008b66   0x00000002   PAD
    0x08008b68   0x08008b68   0x00000198   Code   RO         5091    x$fpl$dsqrt         fz_wm.l(dsqrt_umaal.o)
    0x08008d00   0x08008d00   0x000001d4   Code   RO         4929    x$fpl$dsub          fz_wm.l(daddsub_clz.o)
    0x08008ed4   0x08008ed4   0x00000056   Code   RO         4945    x$fpl$f2d           fz_wm.l(f2d.o)
    0x08008f2a   0x08008f2a   0x0000008c   Code   RO         5093    x$fpl$fnaninf       fz_wm.l(fnaninf.o)
    0x08008fb6   0x08008fb6   0x0000000a   Code   RO         5336    x$fpl$fpinit        fz_wm.l(fpinit.o)
    0x08008fc0   0x08008fc0   0x0000000a   Code   RO         5095    x$fpl$fretinf       fz_wm.l(fretinf.o)
    0x08008fca   0x08008fca   0x00000004   Code   RO         5097    x$fpl$printf1       fz_wm.l(printf1.o)
    0x08008fce   0x08008fce   0x00000004   Code   RO         5099    x$fpl$printf2       fz_wm.l(printf2.o)
    0x08008fd2   0x08008fd2   0x00000000   Code   RO         5105    x$fpl$usenofp       fz_wm.l(usenofp.o)
    0x08008fd2   0x08008fd2   0x00000002   PAD
    0x08008fd4   0x08008fd4   0x0000008c   Data   RO          275    .constdata          freertos.o
    0x08009060   0x08009060   0x00000008   Data   RO         1405    .constdata          stm32f4xx_hal_dma.o
    0x08009068   0x08009068   0x00000018   Data   RO         2503    .constdata          system_stm32f4xx.o
    0x08009080   0x08009080   0x00000304   Data   RO         2943    .constdata          crc.o
    0x08009384   0x08009384   0x00000008   Data   RO         5007    .constdata          c_w.l(_printf_wctomb.o)
    0x0800938c   0x0800938c   0x00000028   Data   RO         5036    .constdata          c_w.l(_printf_hex_int_ll_ptr.o)
    0x080093b4   0x080093b4   0x00000011   Data   RO         5056    .constdata          c_w.l(__printf_flags_ss_wp.o)
    0x080093c5   0x080093c5   0x00000003   PAD
    0x080093c8   0x080093c8   0x00000098   Data   RO         5109    .constdata          m_wm.l(atan.o)
    0x08009460   0x08009460   0x00000030   Data   RO         5121    .constdata          m_wm.l(cos_i.o)
    0x08009490   0x08009490   0x00000008   Data   RO         5143    .constdata          m_wm.l(qnan.o)
    0x08009498   0x08009498   0x000000c8   Data   RO         5146    .constdata          m_wm.l(rred.o)
    0x08009560   0x08009560   0x00000028   Data   RO         5150    .constdata          m_wm.l(sin_i.o)
    0x08009588   0x08009588   0x00000026   Data   RO         5184    .constdata          c_w.l(_printf_fp_hex.o)
    0x080095ae   0x080095ae   0x00000002   PAD
    0x080095b0   0x080095b0   0x00000094   Data   RO         5222    .constdata          c_w.l(bigflt0.o)
    0x08009644   0x08009644   0x0000003e   Data   RO          276    .conststring        freertos.o
    0x08009682   0x08009682   0x00000002   PAD
    0x08009684   0x08009684   0x00000020   Data   RO         5392    Region$$Table       anon$$obj.o
    0x080096a4   0x080096a4   0x0000001c   Data   RO         5246    locale$$data        c_w.l(lc_numeric_c.o)
    0x080096c0   0x080096c0   0x00000110   Data   RO         5267    locale$$data        c_w.l(lc_ctype_c.o)


    Execution Region RW_IRAM2 (Exec base: 0x10000000, Load base: 0x080098bc, Size: 0x00000000, Max: 0x00010000, ABSOLUTE)

    **** No section assigned to this execution region ****


    Execution Region RW_IRAM1 (Exec base: 0x20000000, Load base: 0x080097d0, Size: 0x000053f0, Max: 0x00030000, ABSOLUTE)

    Exec Addr    Load Addr    Size         Type   Attr      Idx    E Section Name        Object

    0x20000000   0x080097d0   0x00000014   Data   RW          277    .data               freertos.o
    0x20000014   0x080097e4   0x00000009   Data   RW         1857    .data               stm32f4xx_hal.o
    0x2000001d   0x080097ed   0x00000003   PAD
    0x20000020   0x080097f0   0x00000004   Data   RW         2504    .data               system_stm32f4xx.o
    0x20000024   0x080097f4   0x0000002b   Data   RW         2554    .data               can_in_motors.o
    0x2000004f   0x0800981f   0x00000001   PAD
    0x20000050   0x08009820   0x0000000e   Data   RW         2737    .data               communication.o
    0x2000005e   0x0800982e   0x00000014   Data   RW         2844    .data               motors.o
    0x20000072   0x08009842   0x00000002   Data   RW         2944    .data               crc.o
    0x20000074   0x08009844   0x0000000c   Data   RW         3020    .data               car.o
    0x20000080   0x08009850   0x00000004   Data   RW         3253    .data               referee_system_communication.o
    0x20000084   0x08009854   0x0000003c   Data   RW         3978    .data               tasks.o
    0x200000c0   0x08009890   0x00000020   Data   RW         4631    .data               heap_4.o
    0x200000e0   0x080098b0   0x0000000c   Data   RW         4699    .data               port.o
    0x200000ec        -       0x00000254   Zero   RW          274    .bss                freertos.o
    0x20000340        -       0x00000028   Zero   RW          336    .bss                can.o
    0x20000368        -       0x000003b0   Zero   RW          405    .bss                usart.o
    0x20000718        -       0x00000060   Zero   RW         2553    .bss                can_in_motors.o
    0x20000778        -       0x00000280   Zero   RW         2736    .bss                communication.o
    0x200009f8        -       0x000004dc   Zero   RW         2843    .bss                motors.o
    0x20000ed4        -       0x00000018   Zero   RW         3019    .bss                car.o
    0x20000eec        -       0x0000002c   Zero   RW         3148    .bss                chassis_control.o
    0x20000f18        -       0x0000000d   Zero   RW         3196    .bss                auto_aim.o
    0x20000f25   0x080098bc   0x00000003   PAD
    0x20000f28        -       0x00000018   Zero   RW         3221    .bss                gimbal_control.o
    0x20000f40        -       0x00000010   Zero   RW         3252    .bss                referee_system_communication.o
    0x20000f50        -       0x0000012c   Zero   RW         3295    .bss                chassis_communication.o
    0x2000107c        -       0x0000001e   Zero   RW         3341    .bss                bsp_rc.o
    0x2000109a   0x080098bc   0x00000002   PAD
    0x2000109c        -       0x000000f0   Zero   RW         3977    .bss                tasks.o
    0x2000118c        -       0x00003c00   Zero   RW         4630    .bss                heap_4.o
    0x20004d8c        -       0x00000060   Zero   RW         5208    .bss                c_w.l(libspace.o)
    0x20004dec   0x080098bc   0x00000004   PAD
    0x20004df0        -       0x00000200   Zero   RW            2    HEAP                startup_stm32f427xx.o
    0x20004ff0        -       0x00000400   Zero   RW            1    STACK               startup_stm32f427xx.o


==============================================================================

Image component sizes


      Code (inc. data)   RO Data    RW Data    ZI Data      Debug   Object Name

         0          0          0          0         13        611   auto_aim.o
       528         22          0          0         30       5227   bsp_rc.o
       164         14          0          0          0       1223   bsp_uart.o
       220         24          0          0         40       1701   can.o
       844         64          0         43         96     617843   can_in_motors.o
       140         48          0         12         24     638092   car.o
       104         10          0          0          0        648   car_state_task.o
       100          8          0          0        300       2080   chassis_communication.o
       974         22          0          0         44       3578   chassis_control.o
        40         10          0          0          0        539   chassis_task.o
       142          0          0          0          0      23131   cmsis_os.o
       616         92          0         14        640      19475   communication.o
       104         32          0          0          0        609   communication_tasks.o
       282         16        772          2          0       4741   crc.o
       184          6          0          0          0        866   dma.o
         0          0          0          0          0      17008   event_groups.o
       186         36        202         20        596       3064   freertos.o
        28          0          0          0         24       1292   gimbal_control.o
        40          8          0          0          0        538   gimbal_task.o
       352         16          0          0          0       1147   gpio.o
       724         74          0         32      15360       7491   heap_4.o
       148          0          0          0          0       3634   list.o
       282         14          0          0          0     766345   main.o
       176         14          0         20       1244       2036   motors.o
       624         10          0          0          0       1826   pid.o
       894         78          0         12          0      11228   port.o
        52          4          0          4         16       9289   referee_system_communication.o
       490         30          0          0          0       1977   remote_control.o
        64         26        428          0       1536        852   startup_stm32f427xx.o
       212         36          0          9          0       9597   stm32f4xx_hal.o
      2134          6          0          0          0      14443   stm32f4xx_hal_can.o
       304         22          0          0          0      34527   stm32f4xx_hal_cortex.o
      1538         16          8          0          0       7982   stm32f4xx_hal_dma.o
       540         54          0          0          0       2148   stm32f4xx_hal_gpio.o
        84          6          0          0          0        874   stm32f4xx_hal_msp.o
      1820         84          0          0          0       5664   stm32f4xx_hal_rcc.o
      3286         38          0          0          0      19360   stm32f4xx_hal_uart.o
       170         48          0          0          0       7459   stm32f4xx_it.o
        20          6         24          4          0       1151   system_stm32f4xx.o
      2190        278          0         60        240      21178   tasks.o
      1276        112          0          0        944       4422   usart.o

    ----------------------------------------------------------------------
     22108       1388       1468        236      21152    2276896   Object Totals
         0          0         32          0          0          0   (incl. Generated)
        32          4          2          4          5          0   (incl. Padding)

    ----------------------------------------------------------------------

      Code (inc. data)   RO Data    RW Data    ZI Data      Debug   Library Member Name

         8          0          0          0          0         68   __main.o
       392          4         17          0          0         92   __printf_flags_ss_wp.o
        14          0          0          0          0         68   __printf_wp.o
         0          0          0          0          0          0   __rtentry.o
        12          0          0          0          0          0   __rtentry2.o
         6          0          0          0          0          0   __rtentry4.o
        52          8          0          0          0          0   __scatter.o
        26          0          0          0          0          0   __scatter_copy.o
        28          0          0          0          0          0   __scatter_zi.o
         6          0          0          0          0          0   _printf_a.o
         6          0          0          0          0          0   _printf_c.o
        44          0          0          0          0        108   _printf_char.o
        48          6          0          0          0         96   _printf_char_common.o
        40          0          0          0          0         68   _printf_charcount.o
         6          0          0          0          0          0   _printf_d.o
       120         16          0          0          0         92   _printf_dec.o
         6          0          0          0          0          0   _printf_e.o
         6          0          0          0          0          0   _printf_f.o
      1054          0          0          0          0        216   _printf_fp_dec.o
       764          8         38          0          0        100   _printf_fp_hex.o
       128         16          0          0          0         84   _printf_fp_infnan.o
         6          0          0          0          0          0   _printf_g.o
       148          4         40          0          0        160   _printf_hex_int_ll_ptr.o
         6          0          0          0          0          0   _printf_i.o
       178          0          0          0          0         88   _printf_intcommon.o
        10          0          0          0          0          0   _printf_l.o
         6          0          0          0          0          0   _printf_lc.o
        10          0          0          0          0          0   _printf_ll.o
         6          0          0          0          0          0   _printf_lld.o
         6          0          0          0          0          0   _printf_lli.o
         6          0          0          0          0          0   _printf_llo.o
         6          0          0          0          0          0   _printf_llu.o
         6          0          0          0          0          0   _printf_llx.o
       124         16          0          0          0         92   _printf_longlong_dec.o
         6          0          0          0          0          0   _printf_ls.o
         6          0          0          0          0          0   _printf_n.o
         6          0          0          0          0          0   _printf_o.o
       112         10          0          0          0        124   _printf_oct_int_ll.o
         6          0          0          0          0          0   _printf_p.o
        78          0          0          0          0        108   _printf_pad.o
         0          0          0          0          0          0   _printf_percent.o
         4          0          0          0          0          0   _printf_percent_end.o
         6          0          0          0          0          0   _printf_s.o
        82          0          0          0          0         80   _printf_str.o
        36          0          0          0          0         84   _printf_truncate.o
         6          0          0          0          0          0   _printf_u.o
        44          0          0          0          0        108   _printf_wchar.o
       188          6          8          0          0         92   _printf_wctomb.o
         6          0          0          0          0          0   _printf_x.o
        22          0          0          0          0        100   _rserrno.o
        10          0          0          0          0         68   _sputc.o
        64          0          0          0          0         92   _wcrtomb.o
       228          4        148          0          0         96   bigflt0.o
      1936        128          0          0          0        672   btod.o
        18          0          0          0          0         80   exit.o
         6          0          0          0          0        152   heapauxi.o
         0          0          0          0          0          0   indicate_semi.o
        44         10        272          0          0         76   lc_ctype_c.o
        44         10         28          0          0         76   lc_numeric_c.o
         2          0          0          0          0          0   libinit.o
        34          0          0          0          0          0   libinit2.o
         2          0          0          0          0          0   libshutdown.o
         2          0          0          0          0          0   libshutdown2.o
         8          4          0          0         96         68   libspace.o
       138          0          0          0          0         80   lludiv10.o
       238          0          0          0          0        100   lludivv7m.o
        16          4          0          0          0         76   rt_ctype_table.o
         8          4          0          0          0         68   rt_errno_addr_intlibspace.o
         8          4          0          0          0         68   rt_locale_intlibspace.o
        78          0          0          0          0         80   rt_memclr_w.o
       138          0          0          0          0         68   rt_memcpy_v6.o
       100          0          0          0          0         80   rt_memcpy_w.o
         2          0          0          0          0          0   rtexit.o
        10          0          0          0          0          0   rtexit2.o
       128          0          0          0          0         68   strcmpv7m.o
        12          4          0          0          0         68   sys_exit.o
        74          0          0          0          0         80   sys_stackheap_outer.o
         2          0          0          0          0         68   use_no_semi.o
        36          4          0          0          0         76   vsprintf.o
        24          0          0          0          0        164   basic.o
        98          4          0          0          0        140   d2f.o
       826         16          0          0          0        492   daddsub_clz.o
        24          0          0          0          0        116   dcmpi.o
       688        140          0          0          0        256   ddiv.o
        94          4          0          0          0        140   dfix.o
        84          0          0          0          0        232   dflt_clz.o
       120          4          0          0          0        140   dleqf.o
       340         12          0          0          0        152   dmul.o
       156          4          0          0          0        140   dnaninf.o
        12          0          0          0          0        116   dretinf.o
       108          0          0          0          0        128   drleqf.o
       408         56          0          0          0        168   dsqrt_umaal.o
        86          4          0          0          0        132   f2d.o
       140          4          0          0          0        132   fnaninf.o
        10          0          0          0          0        116   fpinit.o
        10          0          0          0          0        116   fretinf.o
         4          0          0          0          0        116   printf1.o
         4          0          0          0          0        116   printf2.o
         0          0          0          0          0          0   usenofp.o
       744        106        152          0          0        352   atan.o
       496         64          0          0          0        192   atan2.o
       200         20          0          0          0        164   cos.o
       368         46         48          0          0        200   cos_i.o
       104         16          0          0          0        496   dunder.o
        24          0          0          0          0        124   fabs.o
        48          0          0          0          0        124   fpclassify.o
       248          0          0          0          0        152   poly.o
         0          0          8          0          0          0   qnan.o
      1080        142        200          0          0        188   rred.o
       304         24         40          0          0        208   sin_i.o
       122          0          0          0          0        148   sqrt.o

    ----------------------------------------------------------------------
     14284        936       1004          0        100       9848   Library Totals
        32          0          5          0          4          0   (incl. Padding)

    ----------------------------------------------------------------------

      Code (inc. data)   RO Data    RW Data    ZI Data      Debug   Library Name

      7278        270        551          0         96       4388   c_w.l
      3236        248          0          0          0       3112   fz_wm.l
      3738        418        448          0          0       2348   m_wm.l

    ----------------------------------------------------------------------
     14284        936       1004          0        100       9848   Library Totals

    ----------------------------------------------------------------------

==============================================================================


      Code (inc. data)   RO Data    RW Data    ZI Data      Debug   

     36392       2324       2472        236      21252    2263352   Grand Totals
     36392       2324       2472        236      21252    2263352   ELF Image Totals
     36392       2324       2472        236          0          0   ROM Totals

==============================================================================

    Total RO  Size (Code + RO Data)                38864 (  37.95kB)
    Total RW  Size (RW Data + ZI Data)             21488 (  20.98kB)
    Total ROM Size (Code + RO Data + RW Data)      39100 (  38.18kB)

==============================================================================

