Component: ARM Compiler 5.06 update 5 (build 528) Tool: armlink [4d35e2]

==============================================================================

Section Cross References

    startup_stm32f407xx.o(STACK) refers (Special) to heapauxi.o(.text) for __use_two_region_memory
    startup_stm32f407xx.o(HEAP) refers (Special) to heapauxi.o(.text) for __use_two_region_memory
    startup_stm32f407xx.o(RESET) refers (Special) to heapauxi.o(.text) for __use_two_region_memory
    startup_stm32f407xx.o(RESET) refers to startup_stm32f407xx.o(STACK) for __initial_sp
    startup_stm32f407xx.o(RESET) refers to startup_stm32f407xx.o(.text) for Reset_Handler
    startup_stm32f407xx.o(RESET) refers to stm32f4xx_it.o(i.NMI_Handler) for NMI_Handler
    startup_stm32f407xx.o(RESET) refers to stm32f4xx_it.o(i.HardFault_Handler) for HardFault_Handler
    startup_stm32f407xx.o(RESET) refers to stm32f4xx_it.o(i.MemManage_Handler) for MemManage_Handler
    startup_stm32f407xx.o(RESET) refers to stm32f4xx_it.o(i.BusFault_Handler) for BusFault_Handler
    startup_stm32f407xx.o(RESET) refers to stm32f4xx_it.o(i.UsageFault_Handler) for UsageFault_Handler
    startup_stm32f407xx.o(RESET) refers to port.o(.emb_text) for SVC_Handler
    startup_stm32f407xx.o(RESET) refers to stm32f4xx_it.o(i.DebugMon_Handler) for DebugMon_Handler
    startup_stm32f407xx.o(RESET) refers to stm32f4xx_it.o(i.SysTick_Handler) for SysTick_Handler
    startup_stm32f407xx.o(RESET) refers to stm32f4xx_it.o(i.DMA1_Stream1_IRQHandler) for DMA1_Stream1_IRQHandler
    startup_stm32f407xx.o(RESET) refers to stm32f4xx_it.o(i.CAN1_RX0_IRQHandler) for CAN1_RX0_IRQHandler
    startup_stm32f407xx.o(RESET) refers to stm32f4xx_it.o(i.CAN1_RX1_IRQHandler) for CAN1_RX1_IRQHandler
    startup_stm32f407xx.o(RESET) refers to communication.o(i.USART1_IRQHandler) for USART1_IRQHandler
    startup_stm32f407xx.o(RESET) refers to bsp_rc.o(i.USART3_IRQHandler) for USART3_IRQHandler
    startup_stm32f407xx.o(RESET) refers to stm32f4xx_it.o(i.DMA2_Stream1_IRQHandler) for DMA2_Stream1_IRQHandler
    startup_stm32f407xx.o(RESET) refers to stm32f4xx_it.o(i.DMA2_Stream2_IRQHandler) for DMA2_Stream2_IRQHandler
    startup_stm32f407xx.o(RESET) refers to stm32f4xx_it.o(i.DMA2_Stream6_IRQHandler) for DMA2_Stream6_IRQHandler
    startup_stm32f407xx.o(RESET) refers to stm32f4xx_it.o(i.DMA2_Stream7_IRQHandler) for DMA2_Stream7_IRQHandler
    startup_stm32f407xx.o(RESET) refers to communication.o(i.USART6_IRQHandler) for USART6_IRQHandler
    startup_stm32f407xx.o(.text) refers (Special) to heapauxi.o(.text) for __use_two_region_memory
    startup_stm32f407xx.o(.text) refers to system_stm32f4xx.o(i.SystemInit) for SystemInit
    startup_stm32f407xx.o(.text) refers to __main.o(!!!main) for __main
    startup_stm32f407xx.o(.text) refers to startup_stm32f407xx.o(HEAP) for Heap_Mem
    startup_stm32f407xx.o(.text) refers to startup_stm32f407xx.o(STACK) for Stack_Mem
    main.o(i.SystemClock_Config) refers to rt_memclr_w.o(.text) for __aeabi_memclr4
    main.o(i.SystemClock_Config) refers to stm32f4xx_hal_rcc.o(i.HAL_RCC_OscConfig) for HAL_RCC_OscConfig
    main.o(i.SystemClock_Config) refers to stm32f4xx_hal_rcc.o(i.HAL_RCC_ClockConfig) for HAL_RCC_ClockConfig
    main.o(i.main) refers to stm32f4xx_hal.o(i.HAL_Init) for HAL_Init
    main.o(i.main) refers to main.o(i.SystemClock_Config) for SystemClock_Config
    main.o(i.main) refers to gpio.o(i.MX_GPIO_Init) for MX_GPIO_Init
    main.o(i.main) refers to dma.o(i.MX_DMA_Init) for MX_DMA_Init
    main.o(i.main) refers to usart.o(i.MX_USART1_UART_Init) for MX_USART1_UART_Init
    main.o(i.main) refers to can.o(i.MX_CAN1_Init) for MX_CAN1_Init
    main.o(i.main) refers to usart.o(i.MX_USART3_UART_Init) for MX_USART3_UART_Init
    main.o(i.main) refers to usart.o(i.MX_USART6_UART_Init) for MX_USART6_UART_Init
    main.o(i.main) refers to bsp_rc.o(i.remote_control_init) for remote_control_init
    main.o(i.main) refers to can_in_motors.o(i.can_filter_init) for can_filter_init
    main.o(i.main) refers to car.o(i.car_init) for car_init
    main.o(i.main) refers to stm32f4xx_hal_gpio.o(i.HAL_GPIO_WritePin) for HAL_GPIO_WritePin
    main.o(i.main) refers to freertos.o(i.MX_FREERTOS_Init) for MX_FREERTOS_Init
    main.o(i.main) refers to cmsis_os.o(i.osKernelStart) for osKernelStart
    gpio.o(i.MX_GPIO_Init) refers to rt_memclr_w.o(.text) for __aeabi_memclr4
    gpio.o(i.MX_GPIO_Init) refers to stm32f4xx_hal_gpio.o(i.HAL_GPIO_WritePin) for HAL_GPIO_WritePin
    gpio.o(i.MX_GPIO_Init) refers to stm32f4xx_hal_gpio.o(i.HAL_GPIO_Init) for HAL_GPIO_Init
    freertos.o(i.MX_FREERTOS_Init) refers to rt_memcpy_w.o(.text) for __aeabi_memcpy4
    freertos.o(i.MX_FREERTOS_Init) refers to cmsis_os.o(i.osThreadCreate) for osThreadCreate
    freertos.o(i.MX_FREERTOS_Init) refers to freertos.o(.constdata) for .constdata
    freertos.o(i.MX_FREERTOS_Init) refers to freertos.o(.data) for .data
    freertos.o(i.StartDefaultTask) refers to cmsis_os.o(i.osDelay) for osDelay
[...]
    __rt_lib_init_return                     0x080002ef   Thumb Code     0  libinit2.o(.ARM.Collect$$libinit$$00000033)
    __rt_lib_init_signal_1                   0x080002ef   Thumb Code     0  libinit2.o(.ARM.Collect$$libinit$$0000001D)
    __rt_lib_init_stdio_1                    0x080002ef   Thumb Code     0  libinit2.o(.ARM.Collect$$libinit$$00000025)
    __rt_lib_shutdown                        0x080002f1   Thumb Code     0  libshutdown.o(.ARM.Collect$$libshutdown$$00000000)
    __rt_lib_shutdown_cpp_1                  0x080002f3   Thumb Code     0  libshutdown2.o(.ARM.Collect$$libshutdown$$00000002)
    __rt_lib_shutdown_fp_trap_1              0x080002f3   Thumb Code     0  libshutdown2.o(.ARM.Collect$$libshutdown$$00000007)
    __rt_lib_shutdown_heap_1                 0x080002f3   Thumb Code     0  libshutdown2.o(.ARM.Collect$$libshutdown$$0000000F)
    __rt_lib_shutdown_return                 0x080002f3   Thumb Code     0  libshutdown2.o(.ARM.Collect$$libshutdown$$00000010)
    __rt_lib_shutdown_signal_1               0x080002f3   Thumb Code     0  libshutdown2.o(.ARM.Collect$$libshutdown$$0000000A)
    __rt_lib_shutdown_stdio_1                0x080002f3   Thumb Code     0  libshutdown2.o(.ARM.Collect$$libshutdown$$00000004)
    __rt_lib_shutdown_user_alloc_1           0x080002f3   Thumb Code     0  libshutdown2.o(.ARM.Collect$$libshutdown$$0000000C)
    __rt_entry                               0x080002f5   Thumb Code     0  __rtentry.o(.ARM.Collect$$rtentry$$00000000)
    __rt_entry_presh_1                       0x080002f5   Thumb Code     0  __rtentry2.o(.ARM.Collect$$rtentry$$00000002)
    __rt_entry_sh                            0x080002f5   Thumb Code     0  __rtentry4.o(.ARM.Collect$$rtentry$$00000004)
    __rt_entry_li                            0x080002fb   Thumb Code     0  __rtentry2.o(.ARM.Collect$$rtentry$$0000000A)
    __rt_entry_postsh_1                      0x080002fb   Thumb Code     0  __rtentry2.o(.ARM.Collect$$rtentry$$00000009)
    __rt_entry_main                          0x080002ff   Thumb Code     0  __rtentry2.o(.ARM.Collect$$rtentry$$0000000D)
    __rt_entry_postli_1                      0x080002ff   Thumb Code     0  __rtentry2.o(.ARM.Collect$$rtentry$$0000000C)
    __rt_exit                                0x08000307   Thumb Code     0  rtexit.o(.ARM.Collect$$rtexit$$00000000)
    __rt_exit_ls                             0x08000309   Thumb Code     0  rtexit2.o(.ARM.Collect$$rtexit$$00000003)
    __rt_exit_prels_1                        0x08000309   Thumb Code     0  rtexit2.o(.ARM.Collect$$rtexit$$00000002)
    __rt_exit_exit                           0x0800030d   Thumb Code     0  rtexit2.o(.ARM.Collect$$rtexit$$00000004)
    SVC_Handler                              0x08000315   Thumb Code    28  port.o(.emb_text)
    __asm___6_port_c_39a90d8d__prvStartFirstTask 0x08000335   Thumb Code    36  port.o(.emb_text)
    __asm___6_port_c_39a90d8d__prvEnableVFP  0x0800035d   Thumb Code    16  port.o(.emb_text)
    PendSV_Handler                           0x08000371   Thumb Code    88  port.o(.emb_text)
    vPortGetIPSR                             0x080003cd   Thumb Code     6  port.o(.emb_text)
    Reset_Handler                            0x080003d5   Thumb Code     8  startup_stm32f407xx.o(.text)
    ADC_IRQHandler                           0x080003ef   Thumb Code     0  startup_stm32f407xx.o(.text)
    CAN1_SCE_IRQHandler                      0x080003ef   Thumb Code     0  startup_stm32f407xx.o(.text)
    CAN1_TX_IRQHandler                       0x080003ef   Thumb Code     0  startup_stm32f407xx.o(.text)
    CAN2_RX0_IRQHandler                      0x080003ef   Thumb Code     0  startup_stm32f407xx.o(.text)
    CAN2_RX1_IRQHandler                      0x080003ef   Thumb Code     0  startup_stm32f407xx.o(.text)
    CAN2_SCE_IRQHandler                      0x080003ef   Thumb Code     0  startup_stm32f407xx.o(.text)
    CAN2_TX_IRQHandler                       0x080003ef   Thumb Code     0  startup_stm32f407xx.o(.text)
    DCMI_IRQHandler                          0x080003ef   Thumb Code     0  startup_stm32f407xx.o(.text)
    DMA1_Stream0_IRQHandler                  0x080003ef   Thumb Code     0  startup_stm32f407xx.o(.text)
    DMA1_Stream2_IRQHandler                  0x080003ef   Thumb Code     0  startup_stm32f407xx.o(.text)
    DMA1_Stream3_IRQHandler                  0x080003ef   Thumb Code     0  startup_stm32f407xx.o(.text)
    DMA1_Stream4_IRQHandler                  0x080003ef   Thumb Code     0  startup_stm32f407xx.o(.text)
    DMA1_Stream5_IRQHandler                  0x080003ef   Thumb Code     0  startup_stm32f407xx.o(.text)
    DMA1_Stream6_IRQHandler                  0x080003ef   Thumb Code     0  startup_stm32f407xx.o(.text)
    DMA1_Stream7_IRQHandler                  0x080003ef   Thumb Code     0  startup_stm32f407xx.o(.text)
    DMA2_Stream0_IRQHandler                  0x080003ef   Thumb Code     0  startup_stm32f407xx.o(.text)
    DMA2_Stream3_IRQHandler                  0x080003ef   Thumb Code     0  startup_stm32f407xx.o(.text)
    DMA2_Stream4_IRQHandler                  0x080003ef   Thumb Code     0  startup_stm32f407xx.o(.text)
    DMA2_Stream5_IRQHandler                  0x080003ef   Thumb Code     0  startup_stm32f407xx.o(.text)
    ETH_IRQHandler                           0x080003ef   Thumb Code     0  startup_stm32f407xx.o(.text)
    ETH_WKUP_IRQHandler                      0x080003ef   Thumb Code     0  startup_stm32f407xx.o(.text)
    EXTI0_IRQHandler                         0x080003ef   Thumb Code     0  startup_stm32f407xx.o(.text)
    EXTI15_10_IRQHandler                     0x080003ef   Thumb Code     0  startup_stm32f407xx.o(.text)
    EXTI1_IRQHandler                         0x080003ef   Thumb Code     0  startup_stm32f407xx.o(.text)
    EXTI2_IRQHandler                         0x080003ef   Thumb Code     0  startup_stm32f407xx.o(.text)
    EXTI3_IRQHandler                         0x080003ef   Thumb Code     0  startup_stm32f407xx.o(.text)
    EXTI4_IRQHandler                         0x080003ef   Thumb Code     0  startup_stm32f407xx.o(.text)
    EXTI9_5_IRQHandler                       0x080003ef   Thumb Code     0  startup_stm32f407xx.o(.text)
    FLASH_IRQHandler                         0x080003ef   Thumb Code     0  startup_stm32f407xx.o(.text)
    FMC_IRQHandler                           0x080003ef   Thumb Code     0  startup_stm32f407xx.o(.text)
    FPU_IRQHandler                           0x080003ef   Thumb Code     0  startup_stm32f407xx.o(.text)
    HASH_RNG_IRQHandler                      0x080003ef   Thumb Code     0  startup_stm32f407xx.o(.text)
    I2C1_ER_IRQHandler                       0x080003ef   Thumb Code     0  startup_stm32f407xx.o(.text)
    I2C1_EV_IRQHandler                       0x080003ef   Thumb Code     0  startup_stm32f407xx.o(.text)
    I2C2_ER_IRQHandler                       0x080003ef   Thumb Code     0  startup_stm32f407xx.o(.text)
    I2C2_EV_IRQHandler                       0x080003ef   Thumb Code     0  startup_stm32f407xx.o(.text)
    I2C3_ER_IRQHandler                       0x080003ef   Thumb Code     0  startup_stm32f407xx.o(.text)
    I2C3_EV_IRQHandler                       0x080003ef   Thumb Code     0  startup_stm32f407xx.o(.text)
    OTG_FS_IRQHandler                        0x080003ef   Thumb Code     0  startup_stm32f407xx.o(.text)
    OTG_FS_WKUP_IRQHandler                   0x080003ef   Thumb Code     0  startup_stm32f407xx.o(.text)
    OTG_HS_EP1_IN_IRQHandler                 0x080003ef   Thumb Code     0  startup_stm32f407xx.o(.text)
    OTG_HS_EP1_OUT_IRQHandler                0x080003ef   Thumb Code     0  startup_stm32f407xx.o(.text)
    OTG_HS_IRQHandler                        0x080003ef   Thumb Code     0  startup_stm32f407xx.o(.text)
    OTG_HS_WKUP_IRQHandler                   0x080003ef   Thumb Code     0  startup_stm32f407xx.o(.text)
    PVD_IRQHandler                           0x080003ef   Thumb Code     0  startup_stm32f407xx.o(.text)
    RCC_IRQHandler                           0x080003ef   Thumb Code     0  startup_stm32f407xx.o(.text)
    RTC_Alarm_IRQHandler                     0x080003ef   Thumb Code     0  startup_stm32f407xx.o(.text)
    RTC_WKUP_IRQHandler                      0x080003ef   Thumb Code     0  startup_stm32f407xx.o(.text)
    SDIO_IRQHandler                          0x080003ef   Thumb Code     0  startup_stm32f407xx.o(.text)
    SPI1_IRQHandler                          0x080003ef   Thumb Code     0  startup_stm32f407xx.o(.text)
    SPI2_IRQHandler                          0x080003ef   Thumb Code     0  startup_stm32f407xx.o(.text)
    SPI3_IRQHandler                          0x080003ef   Thumb Code     0  startup_stm32f407xx.o(.text)
    TAMP_STAMP_IRQHandler                    0x080003ef   Thumb Code     0  startup_stm32f407xx.o(.text)
    TIM1_BRK_TIM9_IRQHandler                 0x080003ef   Thumb Code     0  startup_stm32f407xx.o(.text)
    TIM1_CC_IRQHandler                       0x080003ef   Thumb Code     0  startup_stm32f407xx.o(.text)
    TIM1_TRG_COM_TIM11_IRQHandler            0x080003ef   Thumb Code     0  startup_stm32f407xx.o(.text)
    TIM1_UP_TIM10_IRQHandler                 0x080003ef   Thumb Code     0  startup_stm32f407xx.o(.text)
    TIM2_IRQHandler                          0x080003ef   Thumb Code     0  startup_stm32f407xx.o(.text)
    TIM3_IRQHandler                          0x080003ef   Thumb Code     0  startup_stm32f407xx.o(.text)
    TIM4_IRQHandler                          0x080003ef   Thumb Code     0  startup_stm32f407xx.o(.text)
    TIM5_IRQHandler                          0x080003ef   Thumb Code     0  startup_stm32f407xx.o(.text)
    TIM6_DAC_IRQHandler                      0x080003ef   Thumb Code     0  startup_stm32f407xx.o(.text)
    TIM7_IRQHandler                          0x080003ef   Thumb Code     0  startup_stm32f407xx.o(.text)
    TIM8_BRK_TIM12_IRQHandler                0x080003ef   Thumb Code     0  startup_stm32f407xx.o(.text)
    TIM8_CC_IRQHandler                       0x080003ef   Thumb Code     0  startup_stm32f407xx.o(.text)
    TIM8_TRG_COM_TIM14_IRQHandler            0x080003ef   Thumb Code     0  startup_stm32f407xx.o(.text)
    TIM8_UP_TIM13_IRQHandler                 0x080003ef   Thumb Code     0  startup_stm32f407xx.o(.text)
    UART4_IRQHandler                         0x080003ef   Thumb Code     0  startup_stm32f407xx.o(.text)
    UART5_IRQHandler                         0x080003ef   Thumb Code     0  startup_stm32f407xx.o(.text)
    USART2_IRQHandler                        0x080003ef   Thumb Code     0  startup_stm32f407xx.o(.text)
    WWDG_IRQHandler                          0x080003ef   Thumb Code     0  startup_stm32f407xx.o(.text)
    __user_initial_stackheap                 0x080003f1   Thumb Code     0  startup_stm32f407xx.o(.text)
    __aeabi_uldivmod                         0x08000415   Thumb Code     0  lludivv7m.o(.text)
    _ll_udiv                                 0x08000415   Thumb Code   238  lludivv7m.o(.text)
    vsprintf                                 0x08000505   Thumb Code    32  vsprintf.o(.text)
    __aeabi_memcpy                           0x08000529   Thumb Code     0  rt_memcpy_v6.o(.text)
    __rt_memcpy                              0x08000529   Thumb Code   138  rt_memcpy_v6.o(.text)
    _memcpy_lastbytes                        0x0800058f   Thumb Code     0  rt_memcpy_v6.o(.text)
    __aeabi_memcpy4                          0x080005b3   Thumb Code     0  rt_memcpy_w.o(.text)
    __aeabi_memcpy8                          0x080005b3   Thumb Code     0  rt_memcpy_w.o(.text)
    __rt_memcpy_w                            0x080005b3   Thumb Code   100  rt_memcpy_w.o(.text)
    _memcpy_lastbytes_aligned                0x080005fb   Thumb Code     0  rt_memcpy_w.o(.text)
    __aeabi_memclr4                          0x08000617   Thumb Code     0  rt_memclr_w.o(.text)
    __aeabi_memclr8                          0x08000617   Thumb Code     0  rt_memclr_w.o(.text)
    __rt_memclr_w                            0x08000617   Thumb Code    78  rt_memclr_w.o(.text)
    _memset_w                                0x0800061b   Thumb Code     0  rt_memclr_w.o(.text)
    __use_two_region_memory                  0x08000665   Thumb Code     2  heapauxi.o(.text)
    __rt_heap_escrow$2region                 0x08000667   Thumb Code     2  heapauxi.o(.text)
    __rt_heap_expand$2region                 0x08000669   Thumb Code     2  heapauxi.o(.text)
    _printf_pre_padding                      0x0800066b   Thumb Code    44  _printf_pad.o(.text)
    _printf_post_padding                     0x08000697   Thumb Code    34  _printf_pad.o(.text)
    _printf_truncate_signed                  0x080006b9   Thumb Code    18  _printf_truncate.o(.text)
    _printf_truncate_unsigned                0x080006cb   Thumb Code    18  _printf_truncate.o(.text)
    _printf_str                              0x080006dd   Thumb Code    82  _printf_str.o(.text)
    _printf_int_dec                          0x08000731   Thumb Code   104  _printf_dec.o(.text)
    _printf_charcount                        0x080007a9   Thumb Code    40  _printf_charcount.o(.text)
    _printf_char_common                      0x080007db   Thumb Code    32  _printf_char_common.o(.text)
    _sputc                                   0x08000801   Thumb Code    10  _sputc.o(.text)
    _printf_wctomb                           0x0800080d   Thumb Code   182  _printf_wctomb.o(.text)
    _printf_longlong_dec                     0x080008c9   Thumb Code   108  _printf_longlong_dec.o(.text)
    _printf_longlong_oct                     0x08000945   Thumb Code    66  _printf_oct_int_ll.o(.text)
    _printf_int_oct                          0x08000987   Thumb Code    24  _printf_oct_int_ll.o(.text)
    _printf_ll_oct                           0x0800099f   Thumb Code    12  _printf_oct_int_ll.o(.text)
    _printf_longlong_hex                     0x080009b5   Thumb Code    86  _printf_hex_int_ll_ptr.o(.text)
    _printf_int_hex                          0x08000a0b   Thumb Code    28  _printf_hex_int_ll_ptr.o(.text)
    _printf_ll_hex                           0x08000a27   Thumb Code    12  _printf_hex_int_ll_ptr.o(.text)
    _printf_hex_ptr                          0x08000a33   Thumb Code    18  _printf_hex_int_ll_ptr.o(.text)
    __printf                                 0x08000a49   Thumb Code   388  __printf_flags_ss_wp.o(.text)
    _ll_udiv10                               0x08000bd1   Thumb Code   138  lludiv10.o(.text)
    _printf_int_common                       0x08000c5b   Thumb Code   178  _printf_intcommon.o(.text)
    __lib_sel_fp_printf                      0x08000d0d   Thumb Code     2  _printf_fp_dec.o(.text)
    _printf_fp_dec_real                      0x08000ebf   Thumb Code   620  _printf_fp_dec.o(.text)
    _printf_fp_hex_real                      0x0800112d   Thumb Code   756  _printf_fp_hex.o(.text)
    _printf_cs_common                        0x08001429   Thumb Code    20  _printf_char.o(.text)
    _printf_char                             0x0800143d   Thumb Code    16  _printf_char.o(.text)
    _printf_string                           0x0800144d   Thumb Code     8  _printf_char.o(.text)
    _printf_lcs_common                       0x08001455   Thumb Code    20  _printf_wchar.o(.text)
    _printf_wchar                            0x08001469   Thumb Code    16  _printf_wchar.o(.text)
    _printf_wstring                          0x08001479   Thumb Code     8  _printf_wchar.o(.text)
    _wcrtomb                                 0x08001481   Thumb Code    64  _wcrtomb.o(.text)
    __user_libspace                          0x080014c1   Thumb Code     8  libspace.o(.text)
    __user_perproc_libspace                  0x080014c1   Thumb Code     0  libspace.o(.text)
    __user_perthread_libspace                0x080014c1   Thumb Code     0  libspace.o(.text)
    __user_setup_stackheap                   0x080014c9   Thumb Code    74  sys_stackheap_outer.o(.text)
    __rt_ctype_table                         0x08001515   Thumb Code    16  rt_ctype_table.o(.text)
    __rt_locale                              0x08001525   Thumb Code     8  rt_locale_intlibspace.o(.text)
    _printf_fp_infnan                        0x0800152d   Thumb Code   112  _printf_fp_infnan.o(.text)
    _btod_etento                             0x080015ad   Thumb Code   224  bigflt0.o(.text)
    exit                                     0x08001691   Thumb Code    18  exit.o(.text)
    strcmp                                   0x080016a5   Thumb Code   128  strcmpv7m.o(.text)
    _sys_exit                                0x08001725   Thumb Code     8  sys_exit.o(.text)
    __I$use$semihosting                      0x08001731   Thumb Code     0  use_no_semi.o(.text)
    __use_no_semihosting_swi                 0x08001731   Thumb Code     2  use_no_semi.o(.text)
    __semihosting_library_function           0x08001733   Thumb Code     0  indicate_semi.o(.text)
    _btod_d2e                                0x08001733   Thumb Code    62  btod.o(CL$$btod_d2e)
    _d2e_denorm_low                          0x08001771   Thumb Code    70  btod.o(CL$$btod_d2e_denorm_low)
    _d2e_norm_op1                            0x080017b7   Thumb Code    96  btod.o(CL$$btod_d2e_norm_op1)
    __btod_div_common                        0x08001817   Thumb Code   696  btod.o(CL$$btod_div_common)
    _e2e                                     0x08001b4f   Thumb Code   220  btod.o(CL$$btod_e2e)
    _btod_ediv                               0x08001c2b   Thumb Code    42  btod.o(CL$$btod_ediv)
    _btod_emul                               0x08001c55   Thumb Code    42  btod.o(CL$$btod_emul)
    __btod_mult_common                       0x08001c7f   Thumb Code   580  btod.o(CL$$btod_mult_common)
    BusFault_Handler                         0x08001ec3   Thumb Code     2  stm32f4xx_it.o(i.BusFault_Handler)
    CAN1_RX0_IRQHandler                      0x08001ec5   Thumb Code     6  stm32f4xx_it.o(i.CAN1_RX0_IRQHandler)
    CAN1_RX1_IRQHandler                      0x08001ed1   Thumb Code     6  stm32f4xx_it.o(i.CAN1_RX1_IRQHandler)
    CAN_Control3508Current                   0x08001edd   Thumb Code    60  can_in_motors.o(i.CAN_Control3508Current)
    CAN_Control6020Voltage                   0x08001f25   Thumb Code    60  can_in_motors.o(i.CAN_Control6020Voltage)
    DMA1_Stream1_IRQHandler                  0x08001f6d   Thumb Code     6  stm32f4xx_it.o(i.DMA1_Stream1_IRQHandler)
    DMA2_Stream1_IRQHandler                  0x08001f79   Thumb Code     6  stm32f4xx_it.o(i.DMA2_Stream1_IRQHandler)
    DMA2_Stream2_IRQHandler                  0x08001f85   Thumb Code     6  stm32f4xx_it.o(i.DMA2_Stream2_IRQHandler)
    DMA2_Stream6_IRQHandler                  0x08001f91   Thumb Code     6  stm32f4xx_it.o(i.DMA2_Stream6_IRQHandler)
    DMA2_Stream7_IRQHandler                  0x08001f9d   Thumb Code     6  stm32f4xx_it.o(i.DMA2_Stream7_IRQHandler)
    DebugMon_Handler                         0x0800204d   Thumb Code     2  stm32f4xx_it.o(i.DebugMon_Handler)
    Error_Handler                            0x0800204f   Thumb Code     4  main.o(i.Error_Handler)
    Filter_Init                              0x08002055   Thumb Code    26  filter.o(i.Filter_Init)
    Filter_Process                           0x08002071   Thumb Code   134  filter.o(i.Filter_Process)
    Get_CRC16_Check_Sum                      0x080020f9   Thumb Code    38  crc.o(i.Get_CRC16_Check_Sum)
    Get_CRC8_Check_Sum                       0x08002125   Thumb Code    24  crc.o(i.Get_CRC8_Check_Sum)
    HAL_CAN_ActivateNotification             0x08002141   Thumb Code    36  stm32f4xx_hal_can.o(i.HAL_CAN_ActivateNotification)
    HAL_CAN_AddTxMessage                     0x08002165   Thumb Code   200  stm32f4xx_hal_can.o(i.HAL_CAN_AddTxMessage)
    HAL_CAN_ConfigFilter                     0x0800222d   Thumb Code   262  stm32f4xx_hal_can.o(i.HAL_CAN_ConfigFilter)
    HAL_CAN_ErrorCallback                    0x08002339   Thumb Code     2  stm32f4xx_hal_can.o(i.HAL_CAN_ErrorCallback)
    HAL_CAN_GetRxMessage                     0x0800233b   Thumb Code   232  stm32f4xx_hal_can.o(i.HAL_CAN_GetRxMessage)
    HAL_CAN_IRQHandler                       0x08002423   Thumb Code   508  stm32f4xx_hal_can.o(i.HAL_CAN_IRQHandler)
    HAL_CAN_Init                             0x0800261f   Thumb Code   282  stm32f4xx_hal_can.o(i.HAL_CAN_Init)
    HAL_CAN_MspInit                          0x08002739   Thumb Code   122  can.o(i.HAL_CAN_MspInit)
    HAL_CAN_RxFifo0FullCallback              0x080027c1   Thumb Code     2  stm32f4xx_hal_can.o(i.HAL_CAN_RxFifo0FullCallback)
    HAL_CAN_RxFifo0MsgPendingCallback        0x080027c5   Thumb Code   176  can_in_motors.o(i.HAL_CAN_RxFifo0MsgPendingCallback)
    HAL_CAN_RxFifo1FullCallback              0x08002889   Thumb Code     2  stm32f4xx_hal_can.o(i.HAL_CAN_RxFifo1FullCallback)
    HAL_CAN_RxFifo1MsgPendingCallback        0x0800288b   Thumb Code     2  stm32f4xx_hal_can.o(i.HAL_CAN_RxFifo1MsgPendingCallback)
    HAL_CAN_SleepCallback                    0x0800288d   Thumb Code     2  stm32f4xx_hal_can.o(i.HAL_CAN_SleepCallback)
    HAL_CAN_Start                            0x08002891   Thumb Code    88  stm32f4xx_hal_can.o(i.HAL_CAN_Start)
    HAL_CAN_TxMailbox0AbortCallback          0x080028e9   Thumb Code     2  stm32f4xx_hal_can.o(i.HAL_CAN_TxMailbox0AbortCallback)
    HAL_CAN_TxMailbox0CompleteCallback       0x080028eb   Thumb Code     2  stm32f4xx_hal_can.o(i.HAL_CAN_TxMailbox0CompleteCallback)
    HAL_CAN_TxMailbox1AbortCallback          0x080028ed   Thumb Code     2  stm32f4xx_hal_can.o(i.HAL_CAN_TxMailbox1AbortCallback)
    HAL_CAN_TxMailbox1CompleteCallback       0x080028ef   Thumb Code     2  stm32f4xx_hal_can.o(i.HAL_CAN_TxMailbox1CompleteCallback)
    HAL_CAN_TxMailbox2AbortCallback          0x080028f1   Thumb Code     2  stm32f4xx_hal_can.o(i.HAL_CAN_TxMailbox2AbortCallback)
    HAL_CAN_TxMailbox2CompleteCallback       0x080028f3   Thumb Code     2  stm32f4xx_hal_can.o(i.HAL_CAN_TxMailbox2CompleteCallback)
    HAL_CAN_WakeUpFromRxMsgCallback          0x080028f5   Thumb Code     2  stm32f4xx_hal_can.o(i.HAL_CAN_WakeUpFromRxMsgCallback)
    HAL_DMA_Abort                            0x080028f7   Thumb Code   146  stm32f4xx_hal_dma.o(i.HAL_DMA_Abort)
    HAL_DMA_Abort_IT                         0x08002989   Thumb Code    36  stm32f4xx_hal_dma.o(i.HAL_DMA_Abort_IT)
    HAL_DMA_IRQHandler                       0x080029ad   Thumb Code   412  stm32f4xx_hal_dma.o(i.HAL_DMA_IRQHandler)
    HAL_DMA_Init                             0x08002b4d   Thumb Code   206  stm32f4xx_hal_dma.o(i.HAL_DMA_Init)
    HAL_DMA_Start_IT                         0x08002c21   Thumb Code   110  stm32f4xx_hal_dma.o(i.HAL_DMA_Start_IT)
    HAL_GPIO_Init                            0x08002c91   Thumb Code   450  stm32f4xx_hal_gpio.o(i.HAL_GPIO_Init)
    HAL_GPIO_WritePin                        0x08002e81   Thumb Code    10  stm32f4xx_hal_gpio.o(i.HAL_GPIO_WritePin)
    HAL_GetTick                              0x08002e8d   Thumb Code     6  stm32f4xx_hal.o(i.HAL_GetTick)
    HAL_IncTick                              0x08002e99   Thumb Code    12  stm32f4xx_hal.o(i.HAL_IncTick)
    HAL_Init                                 0x08002ea9   Thumb Code    48  stm32f4xx_hal.o(i.HAL_Init)
    HAL_InitTick                             0x08002edd   Thumb Code    54  stm32f4xx_hal.o(i.HAL_InitTick)
    HAL_MspInit                              0x08002f1d   Thumb Code    52  stm32f4xx_hal_msp.o(i.HAL_MspInit)
    HAL_NVIC_EnableIRQ                       0x08002f55   Thumb Code    26  stm32f4xx_hal_cortex.o(i.HAL_NVIC_EnableIRQ)
    HAL_NVIC_SetPriority                     0x08002f71   Thumb Code    60  stm32f4xx_hal_cortex.o(i.HAL_NVIC_SetPriority)
    HAL_NVIC_SetPriorityGrouping             0x08002fb1   Thumb Code    26  stm32f4xx_hal_cortex.o(i.HAL_NVIC_SetPriorityGrouping)
    HAL_RCC_ClockConfig                      0x08002fd5   Thumb Code   288  stm32f4xx_hal_rcc.o(i.HAL_RCC_ClockConfig)
    HAL_RCC_GetPCLK1Freq                     0x08003109   Thumb Code    20  stm32f4xx_hal_rcc.o(i.HAL_RCC_GetPCLK1Freq)
    HAL_RCC_GetPCLK2Freq                     0x08003129   Thumb Code    20  stm32f4xx_hal_rcc.o(i.HAL_RCC_GetPCLK2Freq)
    HAL_RCC_GetSysClockFreq                  0x08003149   Thumb Code    88  stm32f4xx_hal_rcc.o(i.HAL_RCC_GetSysClockFreq)
    HAL_RCC_OscConfig                        0x080031ad   Thumb Code   856  stm32f4xx_hal_rcc.o(i.HAL_RCC_OscConfig)
    HAL_SYSTICK_Config                       0x08003519   Thumb Code    40  stm32f4xx_hal_cortex.o(i.HAL_SYSTICK_Config)
    HAL_UARTEx_RxEventCallback               0x08003541   Thumb Code     2  stm32f4xx_hal_uart.o(i.HAL_UARTEx_RxEventCallback)
    HAL_UART_DMAStop                         0x08003543   Thumb Code   112  stm32f4xx_hal_uart.o(i.HAL_UART_DMAStop)
    HAL_UART_ErrorCallback                   0x080035b3   Thumb Code    14  communication.o(i.HAL_UART_ErrorCallback)
    HAL_UART_IRQHandler                      0x080035c1   Thumb Code   610  stm32f4xx_hal_uart.o(i.HAL_UART_IRQHandler)
    HAL_UART_Init                            0x08003829   Thumb Code    98  stm32f4xx_hal_uart.o(i.HAL_UART_Init)
    HAL_UART_MspInit                         0x0800388d   Thumb Code   622  usart.o(i.HAL_UART_MspInit)
    HAL_UART_Receive_DMA                     0x08003b2d   Thumb Code    42  stm32f4xx_hal_uart.o(i.HAL_UART_Receive_DMA)
    HAL_UART_RxCpltCallback                  0x08003b57   Thumb Code     2  stm32f4xx_hal_uart.o(i.HAL_UART_RxCpltCallback)
    HAL_UART_RxHalfCpltCallback              0x08003b59   Thumb Code     2  stm32f4xx_hal_uart.o(i.HAL_UART_RxHalfCpltCallback)
    HAL_UART_Transmit                        0x08003b5d   Thumb Code   178  stm32f4xx_hal_uart.o(i.HAL_UART_Transmit)
    HAL_UART_TxCpltCallback                  0x08003c0f   Thumb Code     2  stm32f4xx_hal_uart.o(i.HAL_UART_TxCpltCallback)
    HardFault_Handler                        0x08003c11   Thumb Code     2  stm32f4xx_it.o(i.HardFault_Handler)
    MX_CAN1_Init                             0x08003c15   Thumb Code    60  can.o(i.MX_CAN1_Init)
    MX_DMA_Init                              0x08003c59   Thumb Code   120  dma.o(i.MX_DMA_Init)
    MX_FREERTOS_Init                         0x08003cd5   Thumb Code    96  freertos.o(i.MX_FREERTOS_Init)
    MX_GPIO_Init                             0x08003d3d   Thumb Code   152  gpio.o(i.MX_GPIO_Init)
    MX_USART1_UART_Init                      0x08003ddd   Thumb Code    48  usart.o(i.MX_USART1_UART_Init)
    MX_USART3_UART_Init                      0x08003e15   Thumb Code    46  usart.o(i.MX_USART3_UART_Init)
    MX_USART6_UART_Init                      0x08003e51   Thumb Code    48  usart.o(i.MX_USART6_UART_Init)
    MemManage_Handler                        0x08003e89   Thumb Code     2  stm32f4xx_it.o(i.MemManage_Handler)
    NMI_Handler                              0x08003e8b   Thumb Code     2  stm32f4xx_it.o(i.NMI_Handler)
    PID_calc                                 0x08003e8d   Thumb Code   292  pid.o(i.PID_calc)
    PID_init                                 0x08003fb5   Thumb Code    88  pid.o(i.PID_init)
    RC_init                                  0x08004011   Thumb Code    84  bsp_rc.o(i.RC_init)
    StartAmmoTriggerTask                     0x08004071   Thumb Code    28  ammo_booster_task.o(i.StartAmmoTriggerTask)
    StartCommunicationTask                   0x08004095   Thumb Code    12  communication_tasks.o(i.StartCommunicationTask)
    StartDefaultTask                         0x080040a1   Thumb Code     8  freertos.o(i.StartDefaultTask)
    StartGimbalTask                          0x080040a9   Thumb Code    60  gimbal_task.o(i.StartGimbalTask)
    SysTick_Handler                          0x080040ed   Thumb Code    24  stm32f4xx_it.o(i.SysTick_Handler)
    SystemClock_Config                       0x08004105   Thumb Code   140  main.o(i.SystemClock_Config)
    SystemInit                               0x08004199   Thumb Code    12  system_stm32f4xx.o(i.SystemInit)
    UART_Start_Receive_DMA                   0x080044d5   Thumb Code   134  stm32f4xx_hal_uart.o(i.UART_Start_Receive_DMA)
    USART1_IRQHandler                        0x080045e1   Thumb Code   118  communication.o(i.USART1_IRQHandler)
    USART3_IRQHandler                        0x08004669   Thumb Code   156  bsp_rc.o(i.USART3_IRQHandler)
    USART6_IRQHandler                        0x0800471d   Thumb Code   144  communication.o(i.USART6_IRQHandler)
    UsageFault_Handler                       0x080047bd   Thumb Code     2  stm32f4xx_it.o(i.UsageFault_Handler)
    Verify_CRC16_Check_Sum                   0x080047c1   Thumb Code    56  crc.o(i.Verify_CRC16_Check_Sum)
    Verify_CRC8_Check_Sum                    0x080047fd   Thumb Code    38  crc.o(i.Verify_CRC8_Check_Sum)
    __ARM_fpclassify                         0x08004823   Thumb Code    48  fpclassify.o(i.__ARM_fpclassify)
    _is_digit                                0x08004873   Thumb Code    14  __printf_wp.o(i._is_digit)
    ammo_booster_control                     0x08004881   Thumb Code    70  ammo_booster_control.o(i.ammo_booster_control)
    ammo_booster_init                        0x080048c9   Thumb Code    72  ammo_booster_control.o(i.ammo_booster_init)
    ammo_booster_pid_calc                    0x0800491d   Thumb Code   164  ammo_booster_control.o(i.ammo_booster_pid_calc)
    can_filter_init                          0x080049c1   Thumb Code    52  can_in_motors.o(i.can_filter_init)
    car_init                                 0x080049f9   Thumb Code   152  car.o(i.car_init)
    crc16_update                             0x08004ac9   Thumb Code    46  crc.o(i.crc16_update)
    decode_recv_data                         0x08004af9   Thumb Code    34  auto_aim.o(i.decode_recv_data)
    gimbal_control                           0x08004b21   Thumb Code   120  gimbal_control.o(i.gimbal_control)
    gimbal_ecd_limit                         0x08004bad   Thumb Code    46  gimbal_control.o(i.gimbal_ecd_limit)
    gimbal_init                              0x08004bdd   Thumb Code    94  gimbal_control.o(i.gimbal_init)
    gimbal_pid_calc                          0x08004c45   Thumb Code   578  gimbal_control.o(i.gimbal_pid_calc)
    imu_decode                               0x08004e91   Thumb Code    42  imu_protocol.o(i.imu_decode)
    main                                     0x08004ec1   Thumb Code    66  main.o(i.main)
    motors_2006_init                         0x08004f15   Thumb Code    54  motors.o(i.motors_2006_init)
    motors_6020_init                         0x08004f55   Thumb Code   384  motors.o(i.motors_6020_init)
    motors_ammo_init                         0x080050d9   Thumb Code   120  motors.o(i.motors_ammo_init)
    osDelay                                  0x08005155   Thumb Code    14  cmsis_os.o(i.osDelay)
    osKernelStart                            0x08005163   Thumb Code    10  cmsis_os.o(i.osKernelStart)
    osThreadCreate                           0x0800516d   Thumb Code    84  cmsis_os.o(i.osThreadCreate)
    pvPortMalloc                             0x0800550d   Thumb Code   216  heap_4.o(i.pvPortMalloc)
    pxPortInitialiseStack                    0x080055e9   Thumb Code    40  port.o(i.pxPortInitialiseStack)
    rc_to_angle                              0x08005615   Thumb Code   176  remote_control.o(i.rc_to_angle)
    rc_to_fire_state                         0x080056c9   Thumb Code     6  remote_control.o(i.rc_to_fire_state)
    remote_control_init                      0x080056d1   Thumb Code    12  bsp_rc.o(i.remote_control_init)
    uart1_printf                             0x08005795   Thumb Code    54  communication.o(i.uart1_printf)
    uart1_tx_dma_enable                      0x080057d9   Thumb Code    86  bsp_uart.o(i.uart1_tx_dma_enable)
    uart_dma_rx_enable                       0x0800583d   Thumb Code    78  communication.o(i.uart_dma_rx_enable)
    uxListRemove                             0x080058a5   Thumb Code    38  list.o(i.uxListRemove)
    vApplicationGetIdleTaskMemory            0x080058cd   Thumb Code    16  freertos.o(i.vApplicationGetIdleTaskMemory)
    vListInitialise                          0x080058e1   Thumb Code    22  list.o(i.vListInitialise)
    vListInitialiseItem                      0x080058f7   Thumb Code     6  list.o(i.vListInitialiseItem)
    vListInsert                              0x080058fd   Thumb Code    48  list.o(i.vListInsert)
    vListInsertEnd                           0x0800592d   Thumb Code    24  list.o(i.vListInsertEnd)
    vPortEnterCritical                       0x08005945   Thumb Code    54  port.o(i.vPortEnterCritical)
    vPortExitCritical                        0x08005985   Thumb Code    34  port.o(i.vPortExitCritical)
    vPortFree                                0x080059ad   Thumb Code    94  heap_4.o(i.vPortFree)
    vPortSetupTimerInterrupt                 0x08005a11   Thumb Code    32  port.o(i.vPortSetupTimerInterrupt)
    vTaskDelay                               0x08005a35   Thumb Code    66  tasks.o(i.vTaskDelay)
    vTaskStartScheduler                      0x08005a81   Thumb Code    90  tasks.o(i.vTaskStartScheduler)
    vTaskSuspendAll                          0x08005aed   Thumb Code    10  tasks.o(i.vTaskSuspendAll)
    vTaskSwitchContext                       0x08005afd   Thumb Code    82  tasks.o(i.vTaskSwitchContext)
    xPortStartScheduler                      0x08005b59   Thumb Code   222  port.o(i.xPortStartScheduler)
    xPortSysTickHandler                      0x08005c4d   Thumb Code    38  port.o(i.xPortSysTickHandler)
    xTaskCreate                              0x08005c79   Thumb Code    90  tasks.o(i.xTaskCreate)
    xTaskCreateStatic                        0x08005cd3   Thumb Code    86  tasks.o(i.xTaskCreateStatic)
    xTaskGetSchedulerState                   0x08005d29   Thumb Code    22  tasks.o(i.xTaskGetSchedulerState)
    xTaskIncrementTick                       0x08005d45   Thumb Code   194  tasks.o(i.xTaskIncrementTick)
    xTaskResumeAll                           0x08005e11   Thumb Code   182  tasks.o(i.xTaskResumeAll)
    _get_lc_numeric                          0x08005ed5   Thumb Code    44  lc_numeric_c.o(locale$$code)
    _get_lc_ctype                            0x08005f01   Thumb Code    44  lc_ctype_c.o(locale$$code)
    __fpl_dretinf                            0x08005f2d   Thumb Code    12  dretinf.o(x$fpl$dretinf)
    __aeabi_f2d                              0x08005f39   Thumb Code     0  f2d.o(x$fpl$f2d)
    _f2d                                     0x08005f39   Thumb Code    86  f2d.o(x$fpl$f2d)
    __fpl_fnaninf                            0x08005f8f   Thumb Code   140  fnaninf.o(x$fpl$fnaninf)
    _fp_init                                 0x0800601b   Thumb Code    10  fpinit.o(x$fpl$fpinit)
    __fplib_config_fpu_vfp                   0x08006023   Thumb Code     0  fpinit.o(x$fpl$fpinit)
    __fplib_config_pureend_doubles           0x08006023   Thumb Code     0  fpinit.o(x$fpl$fpinit)
    _printf_fp_dec                           0x08006025   Thumb Code     4  printf1.o(x$fpl$printf1)
    _printf_fp_hex                           0x08006029   Thumb Code     4  printf2.o(x$fpl$printf2)
    __I$use$fp                               0x0800602c   Number         0  usenofp.o(x$fpl$usenofp)
    AHBPrescTable                            0x080060a4   Data          16  system_stm32f4xx.o(.constdata)
    APBPrescTable                            0x080060b4   Data           8  system_stm32f4xx.o(.constdata)
    CRC8_TAB                                 0x080060bc   Data         256  crc.o(.constdata)
    wCRC_Table                               0x080061bc   Data         512  crc.o(.constdata)
    Region$$Table$$Base                      0x080064e8   Number         0  anon$$obj.o(Region$$Table)
    Region$$Table$$Limit                     0x08006508   Number         0  anon$$obj.o(Region$$Table)
    __ctype                                  0x08006531   Data           0  lc_ctype_c.o(locale$$data)
    defaultTaskHandle                        0x20000000   Data           4  freertos.o(.data)
    gimbalTaskHandle                         0x20000004   Data           4  freertos.o(.data)
    ammoTriggerTaskHandle                    0x20000008   Data           4  freertos.o(.data)
    commuTaskHandle                          0x2000000c   Data           4  freertos.o(.data)
    uwTickFreq                               0x20000010   Data           1  stm32f4xx_hal.o(.data)
    uwTickPrio                               0x20000014   Data           4  stm32f4xx_hal.o(.data)
    uwTick                                   0x20000018   Data           4  stm32f4xx_hal.o(.data)
    SystemCoreClock                          0x2000001c   Data           4  system_stm32f4xx.o(.data)
    pxCurrentTCB                             0x20000020   Data           4  tasks.o(.data)
    motor_3508_can_tx_data                   0x2000008d   Data           8  can_in_motors.o(.data)
    motor_6020_can_tx_data                   0x20000095   Data           8  can_in_motors.o(.data)
    motor_2006_can_tx_data                   0x2000009d   Data           8  can_in_motors.o(.data)
    motor_9025_can_tx_data                   0x200000a5   Data           8  can_in_motors.o(.data)
    rx_data                                  0x200000ad   Data           8  can_in_motors.o(.data)
    rx1_len                                  0x200000ba   Data           2  communication.o(.data)
    rx6_len                                  0x200000bc   Data           2  communication.o(.data)
    templen                                  0x200000be   Data           2  communication.o(.data)
    motor_9025                               0x200000c4   Data           8  motors.o(.data)
    ex                                       0x200000cc   Data           2  crc.o(.data)
    M6020_yaw_ecd_pid_k                      0x200000d0   Data          12  car.o(.data)
    M6020_pitch_ecd_pid_k                    0x200000dc   Data          12  car.o(.data)
    M6020_yaw_gyro_pid_k                     0x200000e8   Data          12  car.o(.data)
    M6020_pitch_gyro_pid_k                   0x200000f4   Data          12  car.o(.data)
    M6020_yaw_rpm_pid_k                      0x20000100   Data          12  car.o(.data)
    M6020_pitch_rpm_pid_k                    0x2000010c   Data          12  car.o(.data)
    M3508_trigger_pid_k                      0x20000118   Data          12  car.o(.data)
    M2006_booster_pid_k                      0x20000124   Data          12  car.o(.data)
    hcan1                                    0x20000384   Data          40  can.o(.bss)
    huart1                                   0x200003ac   Data          68  usart.o(.bss)
    huart3                                   0x200003f0   Data          68  usart.o(.bss)
    huart6                                   0x20000434   Data          68  usart.o(.bss)
    hdma_usart1_rx                           0x20000478   Data          96  usart.o(.bss)
    hdma_usart1_tx                           0x200004d8   Data          96  usart.o(.bss)
    hdma_usart3_rx                           0x20000538   Data          96  usart.o(.bss)
    hdma_usart6_rx                           0x20000598   Data          96  usart.o(.bss)
    hdma_usart6_tx                           0x200005f8   Data          96  usart.o(.bss)
    rc                                       0x20004348   Data          22  bsp_rc.o(.bss)
    motor_3508_tx_message                    0x200043a8   Data          24  can_in_motors.o(.bss)
    motor_6020_tx_message                    0x200043c0   Data          24  can_in_motors.o(.bss)
    motor_2006_tx_message                    0x200043d8   Data          24  can_in_motors.o(.bss)
    motor_9025_tx_message                    0x200043f0   Data          24  can_in_motors.o(.bss)
    rx1Data                                  0x20004508   Data         128  communication.o(.bss)
    rx6Data                                  0x20004588   Data         128  communication.o(.bss)
    motors_3508_measure                      0x20004608   Data          40  motors.o(.bss)
    motors_6020_measure                      0x20004630   Data          30  motors.o(.bss)
    motor_3508_pid                           0x20004650   Data         288  motors.o(.bss)
    motor_6020_gyroPid                       0x20004770   Data         216  motors.o(.bss)
    motor_6020_ecdPid                        0x20004848   Data         216  motors.o(.bss)
    motor_6020_rpmPid                        0x20004920   Data         216  motors.o(.bss)
    motors_3508                              0x200049f8   Data          96  motors.o(.bss)
    motors_6020                              0x20004a58   Data         192  motors.o(.bss)
    motors_ammo_measure                      0x20004b18   Data          20  motors.o(.bss)
    motors_2006_measure                      0x20004b2c   Data          10  motors.o(.bss)
    motor_ammo_pid                           0x20004b38   Data         144  motors.o(.bss)
    motor_2006_pid                           0x20004bc8   Data          72  motors.o(.bss)
    motors_ammo                              0x20004c10   Data          48  motors.o(.bss)
    motors_2006                              0x20004c40   Data          24  motors.o(.bss)
    imu_info                                 0x20004c58   Data          12  imu_protocol.o(.bss)
    car                                      0x20004c64   Data          24  car.o(.bss)
    ecd_filter                               0x20004c7c   Data          72  gimbal_control.o(.bss)
    angle_filter                             0x20004cc4   Data          72  gimbal_control.o(.bss)
    gimbal                                   0x20004d0c   Data          16  gimbal_control.o(.bss)
    ammo_booster                             0x20004d1c   Data          16  ammo_booster_control.o(.bss)
    aim_info                                 0x20004d2c   Data          13  auto_aim.o(.bss)
    __libspace_start                         0x20004d3c   Data          96  libspace.o(.bss)
    __temporary_stack_top$libspace           0x20004d9c   Data           0  libspace.o(.bss)



==============================================================================

Memory Map of the image

  Image Entry point : 0x08000189

  Load Region LR_IROM1 (Base: 0x08000000, Size: 0x00006764, Max: 0x00100000, ABSOLUTE, COMPRESSED[0x00006674])

    Execution Region ER_IROM1 (Exec base: 0x08000000, Load base: 0x08000000, Size: 0x00006634, Max: 0x00100000, ABSOLUTE)

    Exec Addr    Load Addr    Size         Type   Attr      Idx    E Section Name        Object

    0x08000000   0x08000000   0x00000188   Data   RO            3    RESET               startup_stm32f407xx.o
    0x08000188   0x08000188   0x00000008   Code   RO         5006  * !!!main             c_w.l(__main.o)
    0x08000190   0x08000190   0x00000034   Code   RO         5443    !!!scatter          c_w.l(__scatter.o)
    0x080001c4   0x080001c4   0x0000005a   Code   RO         5441    !!dczerorl2         c_w.l(__dczerorl2.o)
    0x0800021e   0x0800021e   0x00000002   PAD
    0x08000220   0x08000220   0x0000001c   Code   RO         5445    !!handler_zi        c_w.l(__scatter_zi.o)
    0x0800023c   0x0800023c   0x00000000   Code   RO         5130    .ARM.Collect$$_printf_percent$$00000000  c_w.l(_printf_percent.o)
    0x0800023c   0x0800023c   0x00000006   Code   RO         5119    .ARM.Collect$$_printf_percent$$00000001  c_w.l(_printf_n.o)
    0x08000242   0x08000242   0x00000006   Code   RO         5121    .ARM.Collect$$_printf_percent$$00000002  c_w.l(_printf_p.o)
    0x08000248   0x08000248   0x00000006   Code   RO         5126    .ARM.Collect$$_printf_percent$$00000003  c_w.l(_printf_f.o)
    0x0800024e   0x0800024e   0x00000006   Code   RO         5127    .ARM.Collect$$_printf_percent$$00000004  c_w.l(_printf_e.o)
    0x08000254   0x08000254   0x00000006   Code   RO         5128    .ARM.Collect$$_printf_percent$$00000005  c_w.l(_printf_g.o)
    0x0800025a   0x0800025a   0x00000006   Code   RO         5129    .ARM.Collect$$_printf_percent$$00000006  c_w.l(_printf_a.o)
    0x08000260   0x08000260   0x0000000a   Code   RO         5134    .ARM.Collect$$_printf_percent$$00000007  c_w.l(_printf_ll.o)
    0x0800026a   0x0800026a   0x00000006   Code   RO         5123    .ARM.Collect$$_printf_percent$$00000008  c_w.l(_printf_i.o)
    0x08000270   0x08000270   0x00000006   Code   RO         5124    .ARM.Collect$$_printf_percent$$00000009  c_w.l(_printf_d.o)
    0x08000276   0x08000276   0x00000006   Code   RO         5125    .ARM.Collect$$_printf_percent$$0000000A  c_w.l(_printf_u.o)
    0x0800027c   0x0800027c   0x00000006   Code   RO         5122    .ARM.Collect$$_printf_percent$$0000000B  c_w.l(_printf_o.o)
    0x08000282   0x08000282   0x00000006   Code   RO         5120    .ARM.Collect$$_printf_percent$$0000000C  c_w.l(_printf_x.o)
    0x08000288   0x08000288   0x00000006   Code   RO         5131    .ARM.Collect$$_printf_percent$$0000000D  c_w.l(_printf_lli.o)
    0x0800028e   0x0800028e   0x00000006   Code   RO         5132    .ARM.Collect$$_printf_percent$$0000000E  c_w.l(_printf_lld.o)
    0x08000294   0x08000294   0x00000006   Code   RO         5133    .ARM.Collect$$_printf_percent$$0000000F  c_w.l(_printf_llu.o)
    0x0800029a   0x0800029a   0x00000006   Code   RO         5138    .ARM.Collect$$_printf_percent$$00000010  c_w.l(_printf_llo.o)
    0x080002a0   0x080002a0   0x00000006   Code   RO         5139    .ARM.Collect$$_printf_percent$$00000011  c_w.l(_printf_llx.o)
    0x080002a6   0x080002a6   0x0000000a   Code   RO         5135    .ARM.Collect$$_printf_percent$$00000012  c_w.l(_printf_l.o)
    0x080002b0   0x080002b0   0x00000006   Code   RO         5117    .ARM.Collect$$_printf_percent$$00000013  c_w.l(_printf_c.o)
    0x080002b6   0x080002b6   0x00000006   Code   RO         5118    .ARM.Collect$$_printf_percent$$00000014  c_w.l(_printf_s.o)
    0x080002bc   0x080002bc   0x00000006   Code   RO         5136    .ARM.Collect$$_printf_percent$$00000015  c_w.l(_printf_lc.o)
    0x080002c2   0x080002c2   0x00000006   Code   RO         5137    .ARM.Collect$$_printf_percent$$00000016  c_w.l(_printf_ls.o)
    0x080002c8   0x080002c8   0x00000004   Code   RO         5243    .ARM.Collect$$_printf_percent$$00000017  c_w.l(_printf_percent_end.o)
    0x080002cc   0x080002cc   0x00000002   Code   RO         5307    .ARM.Collect$$libinit$$00000000  c_w.l(libinit.o)
    0x080002ce   0x080002ce   0x00000004   Code   RO         5323    .ARM.Collect$$libinit$$00000001  c_w.l(libinit2.o)
    0x080002d2   0x080002d2   0x00000000   Code   RO         5326    .ARM.Collect$$libinit$$00000004  c_w.l(libinit2.o)
    0x080002d2   0x080002d2   0x00000000   Code   RO         5329    .ARM.Collect$$libinit$$0000000A  c_w.l(libinit2.o)
    0x080002d2   0x080002d2   0x00000000   Code   RO         5331    .ARM.Collect$$libinit$$0000000C  c_w.l(libinit2.o)
    0x080002d2   0x080002d2   0x00000000   Code   RO         5333    .ARM.Collect$$libinit$$0000000E  c_w.l(libinit2.o)
    0x080002d2   0x080002d2   0x00000006   Code   RO         5334    .ARM.Collect$$libinit$$0000000F  c_w.l(libinit2.o)
    0x080002d8   0x080002d8   0x00000000   Code   RO         5336    .ARM.Collect$$libinit$$00000011  c_w.l(libinit2.o)
    0x080002d8   0x080002d8   0x0000000c   Code   RO         5337    .ARM.Collect$$libinit$$00000012  c_w.l(libinit2.o)
    0x080002e4   0x080002e4   0x00000000   Code   RO         5338    .ARM.Collect$$libinit$$00000013  c_w.l(libinit2.o)
    0x080002e4   0x080002e4   0x00000000   Code   RO         5340    .ARM.Collect$$libinit$$00000015  c_w.l(libinit2.o)
    0x080002e4   0x080002e4   0x0000000a   Code   RO         5341    .ARM.Collect$$libinit$$00000016  c_w.l(libinit2.o)
    0x080002ee   0x080002ee   0x00000000   Code   RO         5342    .ARM.Collect$$libinit$$00000017  c_w.l(libinit2.o)
    0x080002ee   0x080002ee   0x00000000   Code   RO         5344    .ARM.Collect$$libinit$$00000019  c_w.l(libinit2.o)
    0x080002ee   0x080002ee   0x00000000   Code   RO         5346    .ARM.Collect$$libinit$$0000001B  c_w.l(libinit2.o)
    0x080002ee   0x080002ee   0x00000000   Code   RO         5348    .ARM.Collect$$libinit$$0000001D  c_w.l(libinit2.o)
    0x080002ee   0x080002ee   0x00000000   Code   RO         5350    .ARM.Collect$$libinit$$0000001F  c_w.l(libinit2.o)
    0x080002ee   0x080002ee   0x00000000   Code   RO         5352    .ARM.Collect$$libinit$$00000021  c_w.l(libinit2.o)
    0x080002ee   0x080002ee   0x00000000   Code   RO         5354    .ARM.Collect$$libinit$$00000023  c_w.l(libinit2.o)
    0x080002ee   0x080002ee   0x00000000   Code   RO         5356    .ARM.Collect$$libinit$$00000025  c_w.l(libinit2.o)
    0x080002ee   0x080002ee   0x00000000   Code   RO         5360    .ARM.Collect$$libinit$$0000002C  c_w.l(libinit2.o)
    0x080002ee   0x080002ee   0x00000000   Code   RO         5362    .ARM.Collect$$libinit$$0000002E  c_w.l(libinit2.o)
    0x080002ee   0x080002ee   0x00000000   Code   RO         5364    .ARM.Collect$$libinit$$00000030  c_w.l(libinit2.o)
    0x080002ee   0x080002ee   0x00000000   Code   RO         5366    .ARM.Collect$$libinit$$00000032  c_w.l(libinit2.o)
    0x080002ee   0x080002ee   0x00000002   Code   RO         5367    .ARM.Collect$$libinit$$00000033  c_w.l(libinit2.o)
    0x080002f0   0x080002f0   0x00000002   Code   RO         5398    .ARM.Collect$$libshutdown$$00000000  c_w.l(libshutdown.o)
    0x080002f2   0x080002f2   0x00000000   Code   RO         5424    .ARM.Collect$$libshutdown$$00000002  c_w.l(libshutdown2.o)
    0x080002f2   0x080002f2   0x00000000   Code   RO         5426    .ARM.Collect$$libshutdown$$00000004  c_w.l(libshutdown2.o)
    0x080002f2   0x080002f2   0x00000000   Code   RO         5429    .ARM.Collect$$libshutdown$$00000007  c_w.l(libshutdown2.o)
    0x080002f2   0x080002f2   0x00000000   Code   RO         5432    .ARM.Collect$$libshutdown$$0000000A  c_w.l(libshutdown2.o)
    0x080002f2   0x080002f2   0x00000000   Code   RO         5434    .ARM.Collect$$libshutdown$$0000000C  c_w.l(libshutdown2.o)
    0x080002f2   0x080002f2   0x00000000   Code   RO         5437    .ARM.Collect$$libshutdown$$0000000F  c_w.l(libshutdown2.o)
    0x080002f2   0x080002f2   0x00000002   Code   RO         5438    .ARM.Collect$$libshutdown$$00000010  c_w.l(libshutdown2.o)
    0x080002f4   0x080002f4   0x00000000   Code   RO         5042    .ARM.Collect$$rtentry$$00000000  c_w.l(__rtentry.o)
    0x080002f4   0x080002f4   0x00000000   Code   RO         5207    .ARM.Collect$$rtentry$$00000002  c_w.l(__rtentry2.o)
    0x080002f4   0x080002f4   0x00000006   Code   RO         5219    .ARM.Collect$$rtentry$$00000004  c_w.l(__rtentry4.o)
    0x080002fa   0x080002fa   0x00000000   Code   RO         5209    .ARM.Collect$$rtentry$$00000009  c_w.l(__rtentry2.o)
    0x080002fa   0x080002fa   0x00000004   Code   RO         5210    .ARM.Collect$$rtentry$$0000000A  c_w.l(__rtentry2.o)
    0x080002fe   0x080002fe   0x00000000   Code   RO         5212    .ARM.Collect$$rtentry$$0000000C  c_w.l(__rtentry2.o)
    0x080002fe   0x080002fe   0x00000008   Code   RO         5213    .ARM.Collect$$rtentry$$0000000D  c_w.l(__rtentry2.o)
    0x08000306   0x08000306   0x00000002   Code   RO         5310    .ARM.Collect$$rtexit$$00000000  c_w.l(rtexit.o)
    0x08000308   0x08000308   0x00000000   Code   RO         5371    .ARM.Collect$$rtexit$$00000002  c_w.l(rtexit2.o)
    0x08000308   0x08000308   0x00000004   Code   RO         5372    .ARM.Collect$$rtexit$$00000003  c_w.l(rtexit2.o)
    0x0800030c   0x0800030c   0x00000006   Code   RO         5373    .ARM.Collect$$rtexit$$00000004  c_w.l(rtexit2.o)
    0x08000312   0x08000312   0x00000002   PAD
    0x08000314   0x08000314   0x000000be   Code   RO         3721    .emb_text           port.o
    0x080003d2   0x080003d2   0x00000002   PAD
    0x080003d4   0x080003d4   0x00000040   Code   RO            4    .text               startup_stm32f407xx.o
    0x08000414   0x08000414   0x000000ee   Code   RO         4992    .text               c_w.l(lludivv7m.o)
    0x08000502   0x08000502   0x00000002   PAD
    0x08000504   0x08000504   0x00000024   Code   RO         4994    .text               c_w.l(vsprintf.o)
    0x08000528   0x08000528   0x0000008a   Code   RO         4996    .text               c_w.l(rt_memcpy_v6.o)
    0x080005b2   0x080005b2   0x00000064   Code   RO         4998    .text               c_w.l(rt_memcpy_w.o)
    0x08000616   0x08000616   0x0000004e   Code   RO         5002    .text               c_w.l(rt_memclr_w.o)
    0x08000664   0x08000664   0x00000006   Code   RO         5004    .text               c_w.l(heapauxi.o)
    0x0800066a   0x0800066a   0x0000004e   Code   RO         5051    .text               c_w.l(_printf_pad.o)
    0x080006b8   0x080006b8   0x00000024   Code   RO         5053    .text               c_w.l(_printf_truncate.o)
    0x080006dc   0x080006dc   0x00000052   Code   RO         5055    .text               c_w.l(_printf_str.o)
    0x0800072e   0x0800072e   0x00000002   PAD
    0x08000730   0x08000730   0x00000078   Code   RO         5057    .text               c_w.l(_printf_dec.o)
    0x080007a8   0x080007a8   0x00000028   Code   RO         5059    .text               c_w.l(_printf_charcount.o)
    0x080007d0   0x080007d0   0x00000030   Code   RO         5061    .text               c_w.l(_printf_char_common.o)
    0x08000800   0x08000800   0x0000000a   Code   RO         5063    .text               c_w.l(_sputc.o)
    0x0800080a   0x0800080a   0x00000002   PAD
    0x0800080c   0x0800080c   0x000000bc   Code   RO         5065    .text               c_w.l(_printf_wctomb.o)
    0x080008c8   0x080008c8   0x0000007c   Code   RO         5068    .text               c_w.l(_printf_longlong_dec.o)
    0x08000944   0x08000944   0x00000070   Code   RO         5074    .text               c_w.l(_printf_oct_int_ll.o)
    0x080009b4   0x080009b4   0x00000094   Code   RO         5094    .text               c_w.l(_printf_hex_int_ll_ptr.o)
    0x08000a48   0x08000a48   0x00000188   Code   RO         5114    .text               c_w.l(__printf_flags_ss_wp.o)
    0x08000bd0   0x08000bd0   0x0000008a   Code   RO         5228    .text               c_w.l(lludiv10.o)
    0x08000c5a   0x08000c5a   0x000000b2   Code   RO         5230    .text               c_w.l(_printf_intcommon.o)
    0x08000d0c   0x08000d0c   0x0000041e   Code   RO         5232    .text               c_w.l(_printf_fp_dec.o)
    0x0800112a   0x0800112a   0x00000002   PAD
    0x0800112c   0x0800112c   0x000002fc   Code   RO         5234    .text               c_w.l(_printf_fp_hex.o)
    0x08001428   0x08001428   0x0000002c   Code   RO         5239    .text               c_w.l(_printf_char.o)
    0x08001454   0x08001454   0x0000002c   Code   RO         5241    .text               c_w.l(_printf_wchar.o)
    0x08001480   0x08001480   0x00000040   Code   RO         5244    .text               c_w.l(_wcrtomb.o)
    0x080014c0   0x080014c0   0x00000008   Code   RO         5254    .text               c_w.l(libspace.o)
    0x080014c8   0x080014c8   0x0000004a   Code   RO         5257    .text               c_w.l(sys_stackheap_outer.o)
    0x08001512   0x08001512   0x00000002   PAD
    0x08001514   0x08001514   0x00000010   Code   RO         5259    .text               c_w.l(rt_ctype_table.o)
    0x08001524   0x08001524   0x00000008   Code   RO         5264    .text               c_w.l(rt_locale_intlibspace.o)
    0x0800152c   0x0800152c   0x00000080   Code   RO         5266    .text               c_w.l(_printf_fp_infnan.o)
    0x080015ac   0x080015ac   0x000000e4   Code   RO         5268    .text               c_w.l(bigflt0.o)
    0x08001690   0x08001690   0x00000012   Code   RO         5296    .text               c_w.l(exit.o)
    0x080016a2   0x080016a2   0x00000002   PAD
    0x080016a4   0x080016a4   0x00000080   Code   RO         5321    .text               c_w.l(strcmpv7m.o)
    0x08001724   0x08001724   0x0000000c   Code   RO         5368    .text               c_w.l(sys_exit.o)
    0x08001730   0x08001730   0x00000002   Code   RO         5387    .text               c_w.l(use_no_semi.o)
    0x08001732   0x08001732   0x00000000   Code   RO         5389    .text               c_w.l(indicate_semi.o)
    0x08001732   0x08001732   0x0000003e   Code   RO         5271    CL$$btod_d2e        c_w.l(btod.o)
    0x08001770   0x08001770   0x00000046   Code   RO         5273    CL$$btod_d2e_denorm_low  c_w.l(btod.o)
    0x080017b6   0x080017b6   0x00000060   Code   RO         5272    CL$$btod_d2e_norm_op1  c_w.l(btod.o)
    0x08001816   0x08001816   0x00000338   Code   RO         5281    CL$$btod_div_common  c_w.l(btod.o)
    0x08001b4e   0x08001b4e   0x000000dc   Code   RO         5278    CL$$btod_e2e        c_w.l(btod.o)
    0x08001c2a   0x08001c2a   0x0000002a   Code   RO         5275    CL$$btod_ediv       c_w.l(btod.o)
    0x08001c54   0x08001c54   0x0000002a   Code   RO         5274    CL$$btod_emul       c_w.l(btod.o)
    0x08001c7e   0x08001c7e   0x00000244   Code   RO         5280    CL$$btod_mult_common  c_w.l(btod.o)
    0x08001ec2   0x08001ec2   0x00000002   Code   RO          574    i.BusFault_Handler  stm32f4xx_it.o
    0x08001ec4   0x08001ec4   0x0000000c   Code   RO          575    i.CAN1_RX0_IRQHandler  stm32f4xx_it.o
    0x08001ed0   0x08001ed0   0x0000000c   Code   RO          576    i.CAN1_RX1_IRQHandler  stm32f4xx_it.o
    0x08001edc   0x08001edc   0x00000048   Code   RO         3952    i.CAN_Control3508Current  can_in_motors.o
    0x08001f24   0x08001f24   0x00000048   Code   RO         3953    i.CAN_Control6020Voltage  can_in_motors.o
    0x08001f6c   0x08001f6c   0x0000000c   Code   RO          577    i.DMA1_Stream1_IRQHandler  stm32f4xx_it.o
    0x08001f78   0x08001f78   0x0000000c   Code   RO          578    i.DMA2_Stream1_IRQHandler  stm32f4xx_it.o
    0x08001f84   0x08001f84   0x0000000c   Code   RO          579    i.DMA2_Stream2_IRQHandler  stm32f4xx_it.o
    0x08001f90   0x08001f90   0x0000000c   Code   RO          580    i.DMA2_Stream6_IRQHandler  stm32f4xx_it.o
    0x08001f9c   0x08001f9c   0x0000000c   Code   RO          581    i.DMA2_Stream7_IRQHandler  stm32f4xx_it.o
    0x08001fa8   0x08001fa8   0x00000028   Code   RO         1400    i.DMA_CalcBaseAndBitshift  stm32f4xx_hal_dma.o
    0x08001fd0   0x08001fd0   0x00000054   Code   RO         1401    i.DMA_CheckFifoParam  stm32f4xx_hal_dma.o
    0x08002024   0x08002024   0x00000028   Code   RO         1402    i.DMA_SetConfig     stm32f4xx_hal_dma.o
    0x0800204c   0x0800204c   0x00000002   Code   RO          582    i.DebugMon_Handler  stm32f4xx_it.o
    0x0800204e   0x0800204e   0x00000004   Code   RO           13    i.Error_Handler     main.o
    0x08002052   0x08002052   0x00000002   PAD
    0x08002054   0x08002054   0x0000001a   Code   RO         4609    i.Filter_Init       filter.o
    0x0800206e   0x0800206e   0x00000002   PAD
    0x08002070   0x08002070   0x00000086   Code   RO         4610    i.Filter_Process    filter.o
    0x080020f6   0x080020f6   0x00000002   PAD
    0x080020f8   0x080020f8   0x0000002c   Code   RO         4530    i.Get_CRC16_Check_Sum  crc.o
    0x08002124   0x08002124   0x0000001c   Code   RO         4531    i.Get_CRC8_Check_Sum  crc.o
    0x08002140   0x08002140   0x00000024   Code   RO          708    i.HAL_CAN_ActivateNotification  stm32f4xx_hal_can.o
    0x08002164   0x08002164   0x000000c8   Code   RO          709    i.HAL_CAN_AddTxMessage  stm32f4xx_hal_can.o
    0x0800222c   0x0800222c   0x0000010c   Code   RO          710    i.HAL_CAN_ConfigFilter  stm32f4xx_hal_can.o
    0x08002338   0x08002338   0x00000002   Code   RO          713    i.HAL_CAN_ErrorCallback  stm32f4xx_hal_can.o
    0x0800233a   0x0800233a   0x000000e8   Code   RO          716    i.HAL_CAN_GetRxMessage  stm32f4xx_hal_can.o
    0x08002422   0x08002422   0x000001fc   Code   RO          720    i.HAL_CAN_IRQHandler  stm32f4xx_hal_can.o
    0x0800261e   0x0800261e   0x0000011a   Code   RO          721    i.HAL_CAN_Init      stm32f4xx_hal_can.o
    0x08002738   0x08002738   0x00000088   Code   RO          452    i.HAL_CAN_MspInit   can.o
    0x080027c0   0x080027c0   0x00000002   Code   RO          728    i.HAL_CAN_RxFifo0FullCallback  stm32f4xx_hal_can.o
    0x080027c2   0x080027c2   0x00000002   PAD
    0x080027c4   0x080027c4   0x000000c4   Code   RO         3956    i.HAL_CAN_RxFifo0MsgPendingCallback  can_in_motors.o
    0x08002888   0x08002888   0x00000002   Code   RO          730    i.HAL_CAN_RxFifo1FullCallback  stm32f4xx_hal_can.o
    0x0800288a   0x0800288a   0x00000002   Code   RO          731    i.HAL_CAN_RxFifo1MsgPendingCallback  stm32f4xx_hal_can.o
    0x0800288c   0x0800288c   0x00000002   Code   RO          732    i.HAL_CAN_SleepCallback  stm32f4xx_hal_can.o
    0x0800288e   0x0800288e   0x00000002   PAD
    0x08002890   0x08002890   0x00000058   Code   RO          733    i.HAL_CAN_Start     stm32f4xx_hal_can.o
    0x080028e8   0x080028e8   0x00000002   Code   RO          735    i.HAL_CAN_TxMailbox0AbortCallback  stm32f4xx_hal_can.o
    0x080028ea   0x080028ea   0x00000002   Code   RO          736    i.HAL_CAN_TxMailbox0CompleteCallback  stm32f4xx_hal_can.o
    0x080028ec   0x080028ec   0x00000002   Code   RO          737    i.HAL_CAN_TxMailbox1AbortCallback  stm32f4xx_hal_can.o
    0x080028ee   0x080028ee   0x00000002   Code   RO          738    i.HAL_CAN_TxMailbox1CompleteCallback  stm32f4xx_hal_can.o
    0x080028f0   0x080028f0   0x00000002   Code   RO          739    i.HAL_CAN_TxMailbox2AbortCallback  stm32f4xx_hal_can.o
    0x080028f2   0x080028f2   0x00000002   Code   RO          740    i.HAL_CAN_TxMailbox2CompleteCallback  stm32f4xx_hal_can.o
    0x080028f4   0x080028f4   0x00000002   Code   RO          742    i.HAL_CAN_WakeUpFromRxMsgCallback  stm32f4xx_hal_can.o
    0x080028f6   0x080028f6   0x00000092   Code   RO         1403    i.HAL_DMA_Abort     stm32f4xx_hal_dma.o
    0x08002988   0x08002988   0x00000024   Code   RO         1404    i.HAL_DMA_Abort_IT  stm32f4xx_hal_dma.o
    0x080029ac   0x080029ac   0x000001a0   Code   RO         1408    i.HAL_DMA_IRQHandler  stm32f4xx_hal_dma.o
    0x08002b4c   0x08002b4c   0x000000d4   Code   RO         1409    i.HAL_DMA_Init      stm32f4xx_hal_dma.o
    0x08002c20   0x08002c20   0x0000006e   Code   RO         1413    i.HAL_DMA_Start_IT  stm32f4xx_hal_dma.o
    0x08002c8e   0x08002c8e   0x00000002   PAD
    0x08002c90   0x08002c90   0x000001f0   Code   RO         1296    i.HAL_GPIO_Init     stm32f4xx_hal_gpio.o
    0x08002e80   0x08002e80   0x0000000a   Code   RO         1300    i.HAL_GPIO_WritePin  stm32f4xx_hal_gpio.o
    0x08002e8a   0x08002e8a   0x00000002   PAD
    0x08002e8c   0x08002e8c   0x0000000c   Code   RO         1828    i.HAL_GetTick       stm32f4xx_hal.o
    0x08002e98   0x08002e98   0x00000010   Code   RO         1834    i.HAL_IncTick       stm32f4xx_hal.o
    0x08002ea8   0x08002ea8   0x00000034   Code   RO         1835    i.HAL_Init          stm32f4xx_hal.o
    0x08002edc   0x08002edc   0x00000040   Code   RO         1836    i.HAL_InitTick      stm32f4xx_hal.o
    0x08002f1c   0x08002f1c   0x00000038   Code   RO          683    i.HAL_MspInit       stm32f4xx_hal_msp.o
    0x08002f54   0x08002f54   0x0000001a   Code   RO         1685    i.HAL_NVIC_EnableIRQ  stm32f4xx_hal_cortex.o
    0x08002f6e   0x08002f6e   0x00000002   PAD
    0x08002f70   0x08002f70   0x00000040   Code   RO         1691    i.HAL_NVIC_SetPriority  stm32f4xx_hal_cortex.o
    0x08002fb0   0x08002fb0   0x00000024   Code   RO         1692    i.HAL_NVIC_SetPriorityGrouping  stm32f4xx_hal_cortex.o
    0x08002fd4   0x08002fd4   0x00000134   Code   RO          942    i.HAL_RCC_ClockConfig  stm32f4xx_hal_rcc.o
    0x08003108   0x08003108   0x00000020   Code   RO          949    i.HAL_RCC_GetPCLK1Freq  stm32f4xx_hal_rcc.o
    0x08003128   0x08003128   0x00000020   Code   RO          950    i.HAL_RCC_GetPCLK2Freq  stm32f4xx_hal_rcc.o
    0x08003148   0x08003148   0x00000064   Code   RO          951    i.HAL_RCC_GetSysClockFreq  stm32f4xx_hal_rcc.o
    0x080031ac   0x080031ac   0x0000036c   Code   RO          954    i.HAL_RCC_OscConfig  stm32f4xx_hal_rcc.o
    0x08003518   0x08003518   0x00000028   Code   RO         1696    i.HAL_SYSTICK_Config  stm32f4xx_hal_cortex.o
    0x08003540   0x08003540   0x00000002   Code   RO         2120    i.HAL_UARTEx_RxEventCallback  stm32f4xx_hal_uart.o
    0x08003542   0x08003542   0x00000070   Code   RO         2132    i.HAL_UART_DMAStop  stm32f4xx_hal_uart.o
    0x080035b2   0x080035b2   0x0000000e   Code   RO         4121    i.HAL_UART_ErrorCallback  communication.o
    0x080035c0   0x080035c0   0x00000268   Code   RO         2137    i.HAL_UART_IRQHandler  stm32f4xx_hal_uart.o
    0x08003828   0x08003828   0x00000062   Code   RO         2138    i.HAL_UART_Init     stm32f4xx_hal_uart.o
    0x0800388a   0x0800388a   0x00000002   PAD
    0x0800388c   0x0800388c   0x000002a0   Code   RO          521    i.HAL_UART_MspInit  usart.o
    0x08003b2c   0x08003b2c   0x0000002a   Code   RO         2142    i.HAL_UART_Receive_DMA  stm32f4xx_hal_uart.o
    0x08003b56   0x08003b56   0x00000002   Code   RO         2144    i.HAL_UART_RxCpltCallback  stm32f4xx_hal_uart.o
    0x08003b58   0x08003b58   0x00000002   Code   RO         2145    i.HAL_UART_RxHalfCpltCallback  stm32f4xx_hal_uart.o
    0x08003b5a   0x08003b5a   0x00000002   PAD
    0x08003b5c   0x08003b5c   0x000000b2   Code   RO         2146    i.HAL_UART_Transmit  stm32f4xx_hal_uart.o
    0x08003c0e   0x08003c0e   0x00000002   Code   RO         2149    i.HAL_UART_TxCpltCallback  stm32f4xx_hal_uart.o
    0x08003c10   0x08003c10   0x00000002   Code   RO          583    i.HardFault_Handler  stm32f4xx_it.o
    0x08003c12   0x08003c12   0x00000002   PAD
    0x08003c14   0x08003c14   0x00000044   Code   RO          453    i.MX_CAN1_Init      can.o
    0x08003c58   0x08003c58   0x0000007c   Code   RO          493    i.MX_DMA_Init       dma.o
    0x08003cd4   0x08003cd4   0x00000068   Code   RO          350    i.MX_FREERTOS_Init  freertos.o
    0x08003d3c   0x08003d3c   0x000000a0   Code   RO          236    i.MX_GPIO_Init      gpio.o
    0x08003ddc   0x08003ddc   0x00000038   Code   RO          522    i.MX_USART1_UART_Init  usart.o
    0x08003e14   0x08003e14   0x0000003c   Code   RO          523    i.MX_USART3_UART_Init  usart.o
    0x08003e50   0x08003e50   0x00000038   Code   RO          524    i.MX_USART6_UART_Init  usart.o
    0x08003e88   0x08003e88   0x00000002   Code   RO          584    i.MemManage_Handler  stm32f4xx_it.o
    0x08003e8a   0x08003e8a   0x00000002   Code   RO          585    i.NMI_Handler       stm32f4xx_it.o
    0x08003e8c   0x08003e8c   0x00000128   Code   RO         4245    i.PID_calc          pid.o
    0x08003fb4   0x08003fb4   0x0000005c   Code   RO         4247    i.PID_init          pid.o
    0x08004010   0x08004010   0x00000060   Code   RO         3801    i.RC_init           bsp_rc.o
    0x08004070   0x08004070   0x00000024   Code   RO         4965    i.StartAmmoTriggerTask  ammo_booster_task.o
    0x08004094   0x08004094   0x0000000c   Code   RO         4898    i.StartCommunicationTask  communication_tasks.o
    0x080040a0   0x080040a0   0x00000008   Code   RO          351    i.StartDefaultTask  freertos.o
    0x080040a8   0x080040a8   0x00000044   Code   RO         4937    i.StartGimbalTask   gimbal_task.o
    0x080040ec   0x080040ec   0x00000018   Code   RO          586    i.SysTick_Handler   stm32f4xx_it.o
    0x08004104   0x08004104   0x00000094   Code   RO           14    i.SystemClock_Config  main.o
    0x08004198   0x08004198   0x00000010   Code   RO         2467    i.SystemInit        system_stm32f4xx.o
    0x080041a8   0x080041a8   0x00000010   Code   RO         2151    i.UART_DMAAbortOnError  stm32f4xx_hal_uart.o
    0x080041b8   0x080041b8   0x0000004a   Code   RO         2152    i.UART_DMAError     stm32f4xx_hal_uart.o
    0x08004202   0x08004202   0x00000082   Code   RO         2153    i.UART_DMAReceiveCplt  stm32f4xx_hal_uart.o
    0x08004284   0x08004284   0x0000001a   Code   RO         2155    i.UART_DMARxHalfCplt  stm32f4xx_hal_uart.o
    0x0800429e   0x0800429e   0x0000004e   Code   RO         2161    i.UART_EndRxTransfer  stm32f4xx_hal_uart.o
    0x080042ec   0x080042ec   0x0000001c   Code   RO         2162    i.UART_EndTxTransfer  stm32f4xx_hal_uart.o
    0x08004308   0x08004308   0x000000c0   Code   RO         2163    i.UART_Receive_IT   stm32f4xx_hal_uart.o
    0x080043c8   0x080043c8   0x0000010c   Code   RO         2164    i.UART_SetConfig    stm32f4xx_hal_uart.o
    0x080044d4   0x080044d4   0x00000094   Code   RO         2165    i.UART_Start_Receive_DMA  stm32f4xx_hal_uart.o
    0x08004568   0x08004568   0x00000078   Code   RO         2167    i.UART_WaitOnFlagUntilTimeout  stm32f4xx_hal_uart.o
    0x080045e0   0x080045e0   0x00000088   Code   RO         4122    i.USART1_IRQHandler  communication.o
    0x08004668   0x08004668   0x000000b4   Code   RO         3802    i.USART3_IRQHandler  bsp_rc.o
    0x0800471c   0x0800471c   0x000000a0   Code   RO         4123    i.USART6_IRQHandler  communication.o
    0x080047bc   0x080047bc   0x00000002   Code   RO          587    i.UsageFault_Handler  stm32f4xx_it.o
    0x080047be   0x080047be   0x00000002   PAD
    0x080047c0   0x080047c0   0x0000003c   Code   RO         4532    i.Verify_CRC16_Check_Sum  crc.o
    0x080047fc   0x080047fc   0x00000026   Code   RO         4533    i.Verify_CRC8_Check_Sum  crc.o
    0x08004822   0x08004822   0x00000030   Code   RO         5250    i.__ARM_fpclassify  m_wm.l(fpclassify.o)
    0x08004852   0x08004852   0x00000020   Code   RO         1698    i.__NVIC_SetPriority  stm32f4xx_hal_cortex.o
    0x08004872   0x08004872   0x0000000e   Code   RO         5107    i._is_digit         c_w.l(__printf_wp.o)
    0x08004880   0x08004880   0x00000046   Code   RO         4773    i.ammo_booster_control  ammo_booster_control.o
    0x080048c6   0x080048c6   0x00000002   PAD
    0x080048c8   0x080048c8   0x00000054   Code   RO         4774    i.ammo_booster_init  ammo_booster_control.o
    0x0800491c   0x0800491c   0x000000a4   Code   RO         4775    i.ammo_booster_pid_calc  ammo_booster_control.o
    0x080049c0   0x080049c0   0x00000038   Code   RO         3957    i.can_filter_init   can_in_motors.o
    0x080049f8   0x080049f8   0x000000d0   Code   RO         4633    i.car_init          car.o
    0x08004ac8   0x08004ac8   0x0000002e   Code   RO         4534    i.crc16_update      crc.o
    0x08004af6   0x08004af6   0x00000002   PAD
    0x08004af8   0x08004af8   0x00000028   Code   RO         4817    i.decode_recv_data  auto_aim.o
    0x08004b20   0x08004b20   0x0000008c   Code   RO         4679    i.gimbal_control    gimbal_control.o
    0x08004bac   0x08004bac   0x0000002e   Code   RO         4680    i.gimbal_ecd_limit  gimbal_control.o
    0x08004bda   0x08004bda   0x00000002   PAD
    0x08004bdc   0x08004bdc   0x00000068   Code   RO         4681    i.gimbal_init       gimbal_control.o
    0x08004c44   0x08004c44   0x0000024c   Code   RO         4682    i.gimbal_pid_calc   gimbal_control.o
    0x08004e90   0x08004e90   0x00000030   Code   RO         4584    i.imu_decode        imu_protocol.o
    0x08004ec0   0x08004ec0   0x00000048   Code   RO           15    i.main              main.o
    0x08004f08   0x08004f08   0x0000000c   Code   RO         3287    i.makeFreeRtosPriority  cmsis_os.o
    0x08004f14   0x08004f14   0x00000040   Code   RO         4206    i.motors_2006_init  motors.o
    0x08004f54   0x08004f54   0x00000184   Code   RO         4208    i.motors_6020_init  motors.o
    0x080050d8   0x080050d8   0x0000007c   Code   RO         4209    i.motors_ammo_init  motors.o
    0x08005154   0x08005154   0x0000000e   Code   RO         3289    i.osDelay           cmsis_os.o
    0x08005162   0x08005162   0x0000000a   Code   RO         3292    i.osKernelStart     cmsis_os.o
    0x0800516c   0x0800516c   0x00000054   Code   RO         3326    i.osThreadCreate    cmsis_os.o
    0x080051c0   0x080051c0   0x00000070   Code   RO         2969    i.prvAddCurrentTaskToDelayedList  tasks.o
    0x08005230   0x08005230   0x000000d0   Code   RO         2970    i.prvAddNewTaskToReadyList  tasks.o
    0x08005300   0x08005300   0x00000034   Code   RO         2971    i.prvDeleteTCB      tasks.o
    0x08005334   0x08005334   0x0000004c   Code   RO         3654    i.prvHeapInit       heap_4.o
    0x08005380   0x08005380   0x00000060   Code   RO         2972    i.prvIdleTask       tasks.o
    0x080053e0   0x080053e0   0x00000098   Code   RO         2973    i.prvInitialiseNewTask  tasks.o
    0x08005478   0x08005478   0x0000004c   Code   RO         3655    i.prvInsertBlockIntoFreeList  heap_4.o
    0x080054c4   0x080054c4   0x00000020   Code   RO         2974    i.prvResetNextTaskUnblockTime  tasks.o
    0x080054e4   0x080054e4   0x00000028   Code   RO         3722    i.prvTaskExitError  port.o
    0x0800550c   0x0800550c   0x000000dc   Code   RO         3656    i.pvPortMalloc      heap_4.o
    0x080055e8   0x080055e8   0x0000002c   Code   RO         3723    i.pxPortInitialiseStack  port.o
    0x08005614   0x08005614   0x000000b4   Code   RO         4341    i.rc_to_angle       remote_control.o
    0x080056c8   0x080056c8   0x00000006   Code   RO         4342    i.rc_to_fire_state  remote_control.o
    0x080056ce   0x080056ce   0x00000002   PAD
    0x080056d0   0x080056d0   0x00000010   Code   RO         3804    i.remote_control_init  bsp_rc.o
    0x080056e0   0x080056e0   0x000000b4   Code   RO         3805    i.sbus_to_rc        bsp_rc.o
    0x08005794   0x08005794   0x00000044   Code   RO         4124    i.uart1_printf      communication.o
    0x080057d8   0x080057d8   0x00000064   Code   RO         3923    i.uart1_tx_dma_enable  bsp_uart.o
    0x0800583c   0x0800583c   0x00000068   Code   RO         4125    i.uart_dma_rx_enable  communication.o
    0x080058a4   0x080058a4   0x00000026   Code   RO         2605    i.uxListRemove      list.o
    0x080058ca   0x080058ca   0x00000002   PAD
    0x080058cc   0x080058cc   0x00000014   Code   RO          352    i.vApplicationGetIdleTaskMemory  freertos.o
    0x080058e0   0x080058e0   0x00000016   Code   RO         2606    i.vListInitialise   list.o
    0x080058f6   0x080058f6   0x00000006   Code   RO         2607    i.vListInitialiseItem  list.o
    0x080058fc   0x080058fc   0x00000030   Code   RO         2608    i.vListInsert       list.o
    0x0800592c   0x0800592c   0x00000018   Code   RO         2609    i.vListInsertEnd    list.o
    0x08005944   0x08005944   0x00000040   Code   RO         3725    i.vPortEnterCritical  port.o
    0x08005984   0x08005984   0x00000028   Code   RO         3726    i.vPortExitCritical  port.o
    0x080059ac   0x080059ac   0x00000064   Code   RO         3657    i.vPortFree         heap_4.o
    0x08005a10   0x08005a10   0x00000024   Code   RO         3727    i.vPortSetupTimerInterrupt  port.o
    0x08005a34   0x08005a34   0x0000004c   Code   RO         2983    i.vTaskDelay        tasks.o
    0x08005a80   0x08005a80   0x0000006c   Code   RO         2996    i.vTaskStartScheduler  tasks.o
    0x08005aec   0x08005aec   0x00000010   Code   RO         2998    i.vTaskSuspendAll   tasks.o
    0x08005afc   0x08005afc   0x0000005c   Code   RO         2999    i.vTaskSwitchContext  tasks.o
    0x08005b58   0x08005b58   0x000000f4   Code   RO         3729    i.xPortStartScheduler  port.o
    0x08005c4c   0x08005c4c   0x0000002c   Code   RO         3730    i.xPortSysTickHandler  port.o
    0x08005c78   0x08005c78   0x0000005a   Code   RO         3002    i.xTaskCreate       tasks.o
    0x08005cd2   0x08005cd2   0x00000056   Code   RO         3003    i.xTaskCreateStatic  tasks.o
    0x08005d28   0x08005d28   0x0000001c   Code   RO         3007    i.xTaskGetSchedulerState  tasks.o
    0x08005d44   0x08005d44   0x000000cc   Code   RO         3010    i.xTaskIncrementTick  tasks.o
    0x08005e10   0x08005e10   0x000000c4   Code   RO         3016    i.xTaskResumeAll    tasks.o
    0x08005ed4   0x08005ed4   0x0000002c   Code   RO         5294    locale$$code        c_w.l(lc_numeric_c.o)
    0x08005f00   0x08005f00   0x0000002c   Code   RO         5315    locale$$code        c_w.l(lc_ctype_c.o)
    0x08005f2c   0x08005f2c   0x0000000c   Code   RO         5154    x$fpl$dretinf       fz_wm.l(dretinf.o)
    0x08005f38   0x08005f38   0x00000056   Code   RO         5016    x$fpl$f2d           fz_wm.l(f2d.o)
    0x08005f8e   0x08005f8e   0x0000008c   Code   RO         5158    x$fpl$fnaninf       fz_wm.l(fnaninf.o)
    0x0800601a   0x0800601a   0x0000000a   Code   RO         5383    x$fpl$fpinit        fz_wm.l(fpinit.o)
    0x08006024   0x08006024   0x00000004   Code   RO         5162    x$fpl$printf1       fz_wm.l(printf1.o)
    0x08006028   0x08006028   0x00000004   Code   RO         5164    x$fpl$printf2       fz_wm.l(printf2.o)
    0x0800602c   0x0800602c   0x00000000   Code   RO         5170    x$fpl$usenofp       fz_wm.l(usenofp.o)
    0x0800602c   0x0800602c   0x00000070   Data   RO          354    .constdata          freertos.o
    0x0800609c   0x0800609c   0x00000008   Data   RO         1415    .constdata          stm32f4xx_hal_dma.o
    0x080060a4   0x080060a4   0x00000010   Data   RO         2468    .constdata          system_stm32f4xx.o
    0x080060b4   0x080060b4   0x00000008   Data   RO         2469    .constdata          system_stm32f4xx.o
    0x080060bc   0x080060bc   0x00000300   Data   RO         4536    .constdata          crc.o
    0x080063bc   0x080063bc   0x00000008   Data   RO         5066    .constdata          c_w.l(_printf_wctomb.o)
    0x080063c4   0x080063c4   0x00000028   Data   RO         5095    .constdata          c_w.l(_printf_hex_int_ll_ptr.o)
    0x080063ec   0x080063ec   0x00000011   Data   RO         5115    .constdata          c_w.l(__printf_flags_ss_wp.o)
    0x080063fd   0x080063fd   0x00000026   Data   RO         5235    .constdata          c_w.l(_printf_fp_hex.o)
    0x08006423   0x08006423   0x00000001   PAD
    0x08006424   0x08006424   0x00000094   Data   RO         5269    .constdata          c_w.l(bigflt0.o)
    0x080064b8   0x080064b8   0x0000002e   Data   RO          355    .conststring        freertos.o
    0x080064e6   0x080064e6   0x00000002   PAD
    0x080064e8   0x080064e8   0x00000020   Data   RO         5439    Region$$Table       anon$$obj.o
    0x08006508   0x08006508   0x0000001c   Data   RO         5293    locale$$data        c_w.l(lc_numeric_c.o)
    0x08006524   0x08006524   0x00000110   Data   RO         5314    locale$$data        c_w.l(lc_ctype_c.o)


    Execution Region RW_IRAM1 (Exec base: 0x20000000, Load base: 0x08006634, Size: 0x000053a0, Max: 0x0001c000, ABSOLUTE, COMPRESSED[0x00000040])

    Exec Addr    Load Addr    Size         Type   Attr      Idx    E Section Name        Object

    0x20000000   COMPRESSED   0x00000010   Data   RW          356    .data               freertos.o
    0x20000010   COMPRESSED   0x0000000c   Data   RW         1842    .data               stm32f4xx_hal.o
    0x2000001c   COMPRESSED   0x00000004   Data   RW         2470    .data               system_stm32f4xx.o
    0x20000020   COMPRESSED   0x0000003c   Data   RW         3019    .data               tasks.o
    0x2000005c   COMPRESSED   0x00000020   Data   RW         3663    .data               heap_4.o
    0x2000007c   COMPRESSED   0x0000000c   Data   RW         3731    .data               port.o
    0x20000088   COMPRESSED   0x00000002   Data   RW         3807    .data               bsp_rc.o
    0x2000008a   COMPRESSED   0x0000002b   Data   RW         3965    .data               can_in_motors.o
    0x200000b5   COMPRESSED   0x00000003   PAD
    0x200000b8   COMPRESSED   0x0000000c   Data   RW         4129    .data               communication.o
    0x200000c4   COMPRESSED   0x00000008   Data   RW         4211    .data               motors.o
    0x200000cc   COMPRESSED   0x00000002   Data   RW         4538    .data               crc.o
    0x200000ce   COMPRESSED   0x00000002   PAD
    0x200000d0   COMPRESSED   0x00000060   Data   RW         4636    .data               car.o
    0x20000130        -       0x00000254   Zero   RW          353    .bss                freertos.o
    0x20000384        -       0x00000028   Zero   RW          454    .bss                can.o
    0x200003ac        -       0x000002ac   Zero   RW          525    .bss                usart.o
    0x20000658        -       0x000000f0   Zero   RW         3018    .bss                tasks.o
    0x20000748        -       0x00003c00   Zero   RW         3662    .bss                heap_4.o
    0x20004348        -       0x0000005e   Zero   RW         3806    .bss                bsp_rc.o
    0x200043a6   COMPRESSED   0x00000002   PAD
    0x200043a8        -       0x00000060   Zero   RW         3964    .bss                can_in_motors.o
    0x20004408        -       0x00000200   Zero   RW         4127    .bss                communication.o
    0x20004608        -       0x00000650   Zero   RW         4210    .bss                motors.o
    0x20004c58        -       0x0000000c   Zero   RW         4585    .bss                imu_protocol.o
    0x20004c64        -       0x00000018   Zero   RW         4634    .bss                car.o
    0x20004c7c        -       0x000000a0   Zero   RW         4683    .bss                gimbal_control.o
    0x20004d1c        -       0x00000010   Zero   RW         4776    .bss                ammo_booster_control.o
    0x20004d2c        -       0x0000000d   Zero   RW         4818    .bss                auto_aim.o
    0x20004d39   COMPRESSED   0x00000003   PAD
    0x20004d3c        -       0x00000060   Zero   RW         5255    .bss                c_w.l(libspace.o)
    0x20004d9c   COMPRESSED   0x00000004   PAD
    0x20004da0        -       0x00000200   Zero   RW            2    HEAP                startup_stm32f407xx.o
    0x20004fa0        -       0x00000400   Zero   RW            1    STACK               startup_stm32f407xx.o


    Execution Region RW_IRAM2 (Exec base: 0x2001c000, Load base: 0x08006674, Size: 0x00000000, Max: 0x00004000, ABSOLUTE)

    **** No section assigned to this execution region ****


==============================================================================

Image component sizes


      Code (inc. data)   RO Data    RW Data    ZI Data      Debug   Object Name

       318         12          0          0         16       3196   ammo_booster_control.o
        36          8          0          0          0        535   ammo_booster_task.o
        40          6          0          0         13       5371   auto_aim.o
       472         40          0          2         94     587497   bsp_rc.o
       100         14          0          0          0       1130   bsp_uart.o
       204         22          0          0         40       1737   can.o
       396         48          0         43         96     577384   can_in_motors.o
       208         56          0         96         24       7843   car.o
       120          0          0          0          0      23429   cmsis_os.o
       482         74          0         12        512       5125   communication.o
        12          0          0          0          0        537   communication_tasks.o
       216         14        768          2          0       4313   crc.o
       124          4          0          0          0        858   dma.o
         0          0          0          0          0      17012   event_groups.o
       160          0          0          0          0       2431   filter.o
       132         12        158         16        596      34613   freertos.o
       878         40          0          0        160       5183   gimbal_control.o
        68          8          0          0          0        534   gimbal_task.o
       160          8          0          0          0     664323   gpio.o
       472         24          0         32      15360       7499   heap_4.o
        48          6          0          0         12       1484   imu_protocol.o
       138          0          0          0          0       3622   list.o
       224         14          0          0          0     661076   main.o
       576         18          0          8       1616       4365   motors.o
       388          8          0          0          0       3278   pid.o
       702         72          0         12          0      11088   port.o
       186          4          0          0          0      10555   remote_control.o
        64         26        392          0       1536        852   startup_stm32f407xx.o
       144         24          0         12          0       8829   stm32f4xx_hal.o
      1638          6          0          0          0      14419   stm32f4xx_hal_can.o
       198         14          0          0          0      34027   stm32f4xx_hal_cortex.o
      1084         16          8          0          0       7418   stm32f4xx_hal_dma.o
       506         46          0          0          0       2216   stm32f4xx_hal_gpio.o
        56          4          0          0          0        882   stm32f4xx_hal_msp.o
      1348         76          0          0          0       5288   stm32f4xx_hal_rcc.o
      2134         30          0          0          0      15628   stm32f4xx_hal_uart.o
       120         42          0          0          0       6765   stm32f4xx_it.o
         0          0          0          0          0        448   stream_buffer.o
        16          4         24          4          0       1151   system_stm32f4xx.o
      1548        118          0         60        240      20303   tasks.o
       844         80          0          0        684       3711   usart.o

    ----------------------------------------------------------------------
     16596        998       1384        304      21004    2767955   Object Totals
         0          0         32          0          0          0   (incl. Generated)
        36          0          2          5          5          0   (incl. Padding)

    ----------------------------------------------------------------------

      Code (inc. data)   RO Data    RW Data    ZI Data      Debug   Library Member Name

        90          0          0          0          0          0   __dczerorl2.o
         8          0          0          0          0         68   __main.o
       392          4         17          0          0         92   __printf_flags_ss_wp.o
        14          0          0          0          0         68   __printf_wp.o
         0          0          0          0          0          0   __rtentry.o
        12          0          0          0          0          0   __rtentry2.o
         6          0          0          0          0          0   __rtentry4.o
        52          8          0          0          0          0   __scatter.o
        28          0          0          0          0          0   __scatter_zi.o
         6          0          0          0          0          0   _printf_a.o
         6          0          0          0          0          0   _printf_c.o
        44          0          0          0          0        108   _printf_char.o
        48          6          0          0          0         96   _printf_char_common.o
        40          0          0          0          0         68   _printf_charcount.o
         6          0          0          0          0          0   _printf_d.o
       120         16          0          0          0         92   _printf_dec.o
         6          0          0          0          0          0   _printf_e.o
         6          0          0          0          0          0   _printf_f.o
      1054          0          0          0          0        216   _printf_fp_dec.o
       764          8         38          0          0        100   _printf_fp_hex.o
       128         16          0          0          0         84   _printf_fp_infnan.o
         6          0          0          0          0          0   _printf_g.o
       148          4         40          0          0        160   _printf_hex_int_ll_ptr.o
         6          0          0          0          0          0   _printf_i.o
       178          0          0          0          0         88   _printf_intcommon.o
        10          0          0          0          0          0   _printf_l.o
         6          0          0          0          0          0   _printf_lc.o
        10          0          0          0          0          0   _printf_ll.o
         6          0          0          0          0          0   _printf_lld.o
         6          0          0          0          0          0   _printf_lli.o
         6          0          0          0          0          0   _printf_llo.o
         6          0          0          0          0          0   _printf_llu.o
         6          0          0          0          0          0   _printf_llx.o
       124         16          0          0          0         92   _printf_longlong_dec.o
         6          0          0          0          0          0   _printf_ls.o
         6          0          0          0          0          0   _printf_n.o
         6          0          0          0          0          0   _printf_o.o
       112         10          0          0          0        124   _printf_oct_int_ll.o
         6          0          0          0          0          0   _printf_p.o
        78          0          0          0          0        108   _printf_pad.o
         0          0          0          0          0          0   _printf_percent.o
         4          0          0          0          0          0   _printf_percent_end.o
         6          0          0          0          0          0   _printf_s.o
        82          0          0          0          0         80   _printf_str.o
        36          0          0          0          0         84   _printf_truncate.o
         6          0          0          0          0          0   _printf_u.o
        44          0          0          0          0        108   _printf_wchar.o
       188          6          8          0          0         92   _printf_wctomb.o
         6          0          0          0          0          0   _printf_x.o
        10          0          0          0          0         68   _sputc.o
        64          0          0          0          0         92   _wcrtomb.o
       228          4        148          0          0         96   bigflt0.o
      1936        128          0          0          0        672   btod.o
        18          0          0          0          0         80   exit.o
         6          0          0          0          0        152   heapauxi.o
         0          0          0          0          0          0   indicate_semi.o
        44         10        272          0          0         76   lc_ctype_c.o
        44         10         28          0          0         76   lc_numeric_c.o
         2          0          0          0          0          0   libinit.o
        34          0          0          0          0          0   libinit2.o
         2          0          0          0          0          0   libshutdown.o
         2          0          0          0          0          0   libshutdown2.o
         8          4          0          0         96         68   libspace.o
       138          0          0          0          0         80   lludiv10.o
       238          0          0          0          0        100   lludivv7m.o
        16          4          0          0          0         76   rt_ctype_table.o
         8          4          0          0          0         68   rt_locale_intlibspace.o
        78          0          0          0          0         80   rt_memclr_w.o
       138          0          0          0          0         68   rt_memcpy_v6.o
       100          0          0          0          0         80   rt_memcpy_w.o
         2          0          0          0          0          0   rtexit.o
        10          0          0          0          0          0   rtexit2.o
       128          0          0          0          0         68   strcmpv7m.o
        12          4          0          0          0         68   sys_exit.o
        74          0          0          0          0         80   sys_stackheap_outer.o
         2          0          0          0          0         68   use_no_semi.o
        36          4          0          0          0         76   vsprintf.o
        12          0          0          0          0        116   dretinf.o
        86          4          0          0          0        132   f2d.o
       140          4          0          0          0        132   fnaninf.o
        10          0          0          0          0        116   fpinit.o
         4          0          0          0          0        116   printf1.o
         4          0          0          0          0        116   printf2.o
         0          0          0          0          0          0   usenofp.o
        48          0          0          0          0        124   fpclassify.o

    ----------------------------------------------------------------------
      7632        274        552          0        100       5072   Library Totals
        16          0          1          0          4          0   (incl. Padding)

    ----------------------------------------------------------------------

      Code (inc. data)   RO Data    RW Data    ZI Data      Debug   Library Name

      7312        266        551          0         96       4220   c_w.l
       256          8          0          0          0        728   fz_wm.l
        48          0          0          0          0        124   m_wm.l

    ----------------------------------------------------------------------
      7632        274        552          0        100       5072   Library Totals

    ----------------------------------------------------------------------

==============================================================================


      Code (inc. data)   RO Data    RW Data    ZI Data      Debug   

     24228       1272       1936        304      21104    2754139   Grand Totals
     24228       1272       1936         64      21104    2754139   ELF Image Totals (compressed)
     24228       1272       1936         64          0          0   ROM Totals

==============================================================================

    Total RO  Size (Code + RO Data)                26164 (  25.55kB)
    Total RW  Size (RW Data + ZI Data)             21408 (  20.91kB)
    Total ROM Size (Code + RO Data + RW Data)      26228 (  25.61kB)

==============================================================================

